<html>
<body>
<pre>
<h1>µVision Build Log</h1>
<h2>Project:</h2>
F:\GitHub\transSysPro\stm32\USER\STM32-DEMO.uvproj
Project File Date:  11/21/2013

<h2>Output:</h2>
compiling i2c_ee.c...
..\BSP\i2c_ee.c(55): error:  #20: identifier "I2C_InitTypeDef" is undefined
..\BSP\i2c_ee.c(58): error:  #20: identifier "I2C_Mode_I2C" is undefined
..\BSP\i2c_ee.c(59): error:  #20: identifier "I2C_DutyCycle_2" is undefined
..\BSP\i2c_ee.c(61): error:  #20: identifier "I2C_Ack_Enable" is undefined
..\BSP\i2c_ee.c(62): error:  #20: identifier "I2C_AcknowledgedAddress_7bit" is undefined
..\BSP\i2c_ee.c(66): warning:  #223-D: function "I2C_Cmd" declared implicitly
..\BSP\i2c_ee.c(69): warning:  #223-D: function "I2C_Init" declared implicitly
..\BSP\i2c_ee.c(208): warning:  #223-D: function "I2C_GenerateSTART" declared implicitly
..\BSP\i2c_ee.c(211): warning:  #223-D: function "I2C_CheckEvent" declared implicitly
..\BSP\i2c_ee.c(211): error:  #20: identifier "I2C_EVENT_MASTER_MODE_SELECT" is undefined
..\BSP\i2c_ee.c(214): warning:  #223-D: function "I2C_Send7bitAddress" declared implicitly
..\BSP\i2c_ee.c(214): error:  #20: identifier "I2C_Direction_Transmitter" is undefined
..\BSP\i2c_ee.c(217): error:  #20: identifier "I2C_EVENT_MASTER_TRANSMITTER_MODE_SELECTED" is undefined
..\BSP\i2c_ee.c(220): warning:  #223-D: function "I2C_SendData" declared implicitly
..\BSP\i2c_ee.c(223): error:  #20: identifier "I2C_EVENT_MASTER_BYTE_TRANSMITTED" is undefined
..\BSP\i2c_ee.c(232): warning:  #223-D: function "I2C_GenerateSTOP" declared implicitly
..\BSP\i2c_ee.c(248): warning:  #223-D: function "I2C_GetFlagStatus" declared implicitly
..\BSP\i2c_ee.c(248): error:  #20: identifier "I2C_FLAG_BUSY" is undefined
..\BSP\i2c_ee.c(251): warning:  #223-D: function "I2C_GenerateSTART" declared implicitly
..\BSP\i2c_ee.c(254): warning:  #223-D: function "I2C_CheckEvent" declared implicitly
..\BSP\i2c_ee.c(254): error:  #20: identifier "I2C_EVENT_MASTER_MODE_SELECT" is undefined
..\BSP\i2c_ee.c(257): warning:  #223-D: function "I2C_Send7bitAddress" declared implicitly
..\BSP\i2c_ee.c(257): error:  #20: identifier "I2C_Direction_Transmitter" is undefined
..\BSP\i2c_ee.c(260): error:  #20: identifier "I2C_EVENT_MASTER_TRANSMITTER_MODE_SELECTED" is undefined
..\BSP\i2c_ee.c(263): warning:  #223-D: function "I2C_SendData" declared implicitly
..\BSP\i2c_ee.c(266): error:  #20: identifier "I2C_EVENT_MASTER_BYTE_TRANSMITTED" is undefined
..\BSP\i2c_ee.c(282): warning:  #223-D: function "I2C_GenerateSTOP" declared implicitly
..\BSP\i2c_ee.c(299): warning:  #223-D: function "I2C_GetFlagStatus" declared implicitly
..\BSP\i2c_ee.c(299): error:  #20: identifier "I2C_FLAG_BUSY" is undefined
..\BSP\i2c_ee.c(303): warning:  #223-D: function "I2C_GenerateSTART" declared implicitly
..\BSP\i2c_ee.c(307): warning:  #223-D: function "I2C_CheckEvent" declared implicitly
..\BSP\i2c_ee.c(307): error:  #20: identifier "I2C_EVENT_MASTER_MODE_SELECT" is undefined
..\BSP\i2c_ee.c(310): warning:  #223-D: function "I2C_Send7bitAddress" declared implicitly
..\BSP\i2c_ee.c(310): error:  #20: identifier "I2C_Direction_Transmitter" is undefined
..\BSP\i2c_ee.c(313): error:  #20: identifier "I2C_EVENT_MASTER_TRANSMITTER_MODE_SELECTED" is undefined
..\BSP\i2c_ee.c(316): warning:  #223-D: function "I2C_Cmd" declared implicitly
..\BSP\i2c_ee.c(319): warning:  #223-D: function "I2C_SendData" declared implicitly
..\BSP\i2c_ee.c(322): error:  #20: identifier "I2C_EVENT_MASTER_BYTE_TRANSMITTED" is undefined
..\BSP\i2c_ee.c(331): error:  #20: identifier "I2C_Direction_Receiver" is undefined
..\BSP\i2c_ee.c(334): error:  #20: identifier "I2C_EVENT_MASTER_RECEIVER_MODE_SELECTED" is undefined
..\BSP\i2c_ee.c(342): warning:  #223-D: function "I2C_AcknowledgeConfig" declared implicitly
..\BSP\i2c_ee.c(345): warning:  #223-D: function "I2C_GenerateSTOP" declared implicitly
..\BSP\i2c_ee.c(349): error:  #20: identifier "I2C_EVENT_MASTER_BYTE_RECEIVED" is undefined
..\BSP\i2c_ee.c(352): warning:  #223-D: function "I2C_ReceiveData" declared implicitly
..\BSP\i2c_ee.c(363): warning:  #223-D: function "I2C_AcknowledgeConfig" declared implicitly
..\BSP\i2c_ee.c(382): warning:  #223-D: function "I2C_GenerateSTART" declared implicitly
..\BSP\i2c_ee.c(384): warning:  #223-D: function "I2C_ReadRegister" declared implicitly
..\BSP\i2c_ee.c(384): error:  #20: identifier "I2C_Register_SR1" is undefined
..\BSP\i2c_ee.c(386): warning:  #223-D: function "I2C_Send7bitAddress" declared implicitly
..\BSP\i2c_ee.c(386): error:  #20: identifier "I2C_Direction_Transmitter" is undefined
..\BSP\i2c_ee.c(387): warning:  #223-D: function "I2C_ReadRegister" declared implicitly
..\BSP\i2c_ee.c(387): error:  #20: identifier "I2C_Register_SR1" is undefined
..\BSP\i2c_ee.c(390): warning:  #223-D: function "I2C_ClearFlag" declared implicitly
..\BSP\i2c_ee.c(390): error:  #20: identifier "I2C_FLAG_AF" is undefined
..\BSP\i2c_ee.c(392): warning:  #223-D: function "I2C_GenerateSTOP" declared implicitly
..\BSP\i2c_ee.c - 26 Error(s), 29 Warning(s).
Build target 'stm32'
assembling startup_stm32f10x_md.s...
compiling main.c...
compiling stm32f10x_it.c...
compiling stm32f10x_gpio.c...
compiling stm32f10x_rcc.c...
compiling stm32f10x_usart.c...
compiling stm32f10x_flash.c...
compiling stm32f10x_dma.c...
compiling stm32f10x_exti.c...
compiling stm32f10x_adc.c...
compiling misc.c...
compiling stm32f10x_i2c.c...
compiling core_cm3.c...
compiling system_stm32f10x.c...
compiling app.c...
compiling BSP.c...
compiling led.c...
compiling usart1.c...
compiling ledDis.c...
compiling adc.c...
compiling exti.c...
compiling i2c_ee.c...
compiling os_core.c...
compiling os_flag.c...
compiling os_mbox.c...
compiling os_mem.c...
compiling os_mutex.c...
compiling os_q.c...
compiling os_sem.c...
compiling os_task.c...
compiling os_time.c...
compiling os_tmr.c...
assembling os_cpu_a.asm...
compiling os_cpu_c.c...
compiling os_dbg.c...
linking...
Program Size: Code=16004 RO-data=536 RW-data=124 ZI-data=6252  
FromELF: creating hex file...
"..\Output\DEMO.axf" - 0 Error(s), 0 Warning(s).
compiling app.c...
..\APP\app.c(193): error:  #247: function "Task_CALCULATE" has already been defined
..\APP\app.c(196): error:  #268: declaration may not appear after executable statement in block
..\APP\app.c(199): warning:  #870-D: invalid multibyte character sequence
..\APP\app.c(199): warning:  #870-D: invalid multibyte character sequence
..\APP\app.c(199): warning:  #870-D: invalid multibyte character sequence
..\APP\app.c(199): warning:  #870-D: invalid multibyte character sequence
..\APP\app.c(199): warning:  #870-D: invalid multibyte character sequence
..\APP\app.c(199): warning:  #870-D: invalid multibyte character sequence
..\APP\app.c(199): warning:  #870-D: invalid multibyte character sequence
..\APP\app.c(199): warning:  #870-D: invalid multibyte character sequence
..\APP\app.c(199): warning:  #870-D: invalid multibyte character sequence
..\APP\app.c(199): warning:  #870-D: invalid multibyte character sequence
..\APP\app.c(215): warning:  #870-D: invalid multibyte character sequence
..\APP\app.c(215): warning:  #870-D: invalid multibyte character sequence
..\APP\app.c(215): warning:  #870-D: invalid multibyte character sequence
..\APP\app.c(215): warning:  #870-D: invalid multibyte character sequence
..\APP\app.c(215): warning:  #870-D: invalid multibyte character sequence
..\APP\app.c(215): warning:  #870-D: invalid multibyte character sequence
..\APP\app.c(215): warning:  #870-D: invalid multibyte character sequence
..\APP\app.c(215): warning:  #870-D: invalid multibyte character sequence
..\APP\app.c(215): warning:  #870-D: invalid multibyte character sequence
..\APP\app.c(215): warning:  #870-D: invalid multibyte character sequence
..\APP\app.c(225): warning:  #870-D: invalid multibyte character sequence
..\APP\app.c(225): warning:  #870-D: invalid multibyte character sequence
..\APP\app.c(225): warning:  #870-D: invalid multibyte character sequence
..\APP\app.c(225): warning:  #870-D: invalid multibyte character sequence
..\APP\app.c(225): warning:  #870-D: invalid multibyte character sequence
..\APP\app.c(225): warning:  #870-D: invalid multibyte character sequence
..\APP\app.c(225): warning:  #870-D: invalid multibyte character sequence
..\APP\app.c(225): warning:  #870-D: invalid multibyte character sequence
..\APP\app.c(225): warning:  #870-D: invalid multibyte character sequence
..\APP\app.c(225): warning:  #870-D: invalid multibyte character sequence
..\APP\app.c(225): warning:  #870-D: invalid multibyte character sequence
..\APP\app.c(225): warning:  #870-D: invalid multibyte character sequence
..\APP\app.c(225): warning:  #870-D: invalid multibyte character sequence
..\APP\app.c(225): warning:  #870-D: invalid multibyte character sequence
..\APP\app.c(225): warning:  #870-D: invalid multibyte character sequence
..\APP\app.c(225): warning:  #870-D: invalid multibyte character sequence
..\APP\app.c(225): warning:  #870-D: invalid multibyte character sequence
..\APP\app.c(225): warning:  #870-D: invalid multibyte character sequence
..\APP\app.c(225): warning:  #870-D: invalid multibyte character sequence
..\APP\app.c(225): warning:  #870-D: invalid multibyte character sequence
..\APP\app.c(225): warning:  #870-D: invalid multibyte character sequence
..\APP\app.c(225): warning:  #870-D: invalid multibyte character sequence
..\APP\app.c(225): warning:  #870-D: invalid multibyte character sequence
..\APP\app.c(225): warning:  #870-D: invalid multibyte character sequence
..\APP\app.c(225): warning:  #870-D: invalid multibyte character sequence
..\APP\app.c(225): warning:  #870-D: invalid multibyte character sequence
..\APP\app.c(233): warning:  #870-D: invalid multibyte character sequence
..\APP\app.c(233): warning:  #870-D: invalid multibyte character sequence
..\APP\app.c(233): warning:  #870-D: invalid multibyte character sequence
..\APP\app.c(233): warning:  #870-D: invalid multibyte character sequence
..\APP\app.c(233): warning:  #870-D: invalid multibyte character sequence
..\APP\app.c(233): warning:  #870-D: invalid multibyte character sequence
..\APP\app.c(233): warning:  #870-D: invalid multibyte character sequence
..\APP\app.c(233): warning:  #870-D: invalid multibyte character sequence
..\APP\app.c(233): warning:  #870-D: invalid multibyte character sequence
..\APP\app.c(233): warning:  #870-D: invalid multibyte character sequence
..\APP\app.c(233): warning:  #870-D: invalid multibyte character sequence
..\APP\app.c(233): warning:  #870-D: invalid multibyte character sequence
..\APP\app.c - 2 Error(s), 58 Warning(s).
compiling app.c...
..\APP\app.c(196): error:  #268: declaration may not appear after executable statement in block
..\APP\app.c(199): warning:  #870-D: invalid multibyte character sequence
..\APP\app.c(199): warning:  #870-D: invalid multibyte character sequence
..\APP\app.c(199): warning:  #870-D: invalid multibyte character sequence
..\APP\app.c(199): warning:  #870-D: invalid multibyte character sequence
..\APP\app.c(199): warning:  #870-D: invalid multibyte character sequence
..\APP\app.c(199): warning:  #870-D: invalid multibyte character sequence
..\APP\app.c(199): warning:  #870-D: invalid multibyte character sequence
..\APP\app.c(199): warning:  #870-D: invalid multibyte character sequence
..\APP\app.c(199): warning:  #870-D: invalid multibyte character sequence
..\APP\app.c(199): warning:  #870-D: invalid multibyte character sequence
..\APP\app.c(215): warning:  #870-D: invalid multibyte character sequence
..\APP\app.c(215): warning:  #870-D: invalid multibyte character sequence
..\APP\app.c(215): warning:  #870-D: invalid multibyte character sequence
..\APP\app.c(215): warning:  #870-D: invalid multibyte character sequence
..\APP\app.c(215): warning:  #870-D: invalid multibyte character sequence
..\APP\app.c(215): warning:  #870-D: invalid multibyte character sequence
..\APP\app.c(215): warning:  #870-D: invalid multibyte character sequence
..\APP\app.c(215): warning:  #870-D: invalid multibyte character sequence
..\APP\app.c(215): warning:  #870-D: invalid multibyte character sequence
..\APP\app.c(215): warning:  #870-D: invalid multibyte character sequence
..\APP\app.c(225): warning:  #870-D: invalid multibyte character sequence
..\APP\app.c(225): warning:  #870-D: invalid multibyte character sequence
..\APP\app.c(225): warning:  #870-D: invalid multibyte character sequence
..\APP\app.c(225): warning:  #870-D: invalid multibyte character sequence
..\APP\app.c(225): warning:  #870-D: invalid multibyte character sequence
..\APP\app.c(225): warning:  #870-D: invalid multibyte character sequence
..\APP\app.c(225): warning:  #870-D: invalid multibyte character sequence
..\APP\app.c(225): warning:  #870-D: invalid multibyte character sequence
..\APP\app.c(225): warning:  #870-D: invalid multibyte character sequence
..\APP\app.c(225): warning:  #870-D: invalid multibyte character sequence
..\APP\app.c(225): warning:  #870-D: invalid multibyte character sequence
..\APP\app.c(225): warning:  #870-D: invalid multibyte character sequence
..\APP\app.c(225): warning:  #870-D: invalid multibyte character sequence
..\APP\app.c(225): warning:  #870-D: invalid multibyte character sequence
..\APP\app.c(225): warning:  #870-D: invalid multibyte character sequence
..\APP\app.c(225): warning:  #870-D: invalid multibyte character sequence
..\APP\app.c(225): warning:  #870-D: invalid multibyte character sequence
..\APP\app.c(225): warning:  #870-D: invalid multibyte character sequence
..\APP\app.c(225): warning:  #870-D: invalid multibyte character sequence
..\APP\app.c(225): warning:  #870-D: invalid multibyte character sequence
..\APP\app.c(225): warning:  #870-D: invalid multibyte character sequence
..\APP\app.c(225): warning:  #870-D: invalid multibyte character sequence
..\APP\app.c(225): warning:  #870-D: invalid multibyte character sequence
..\APP\app.c(225): warning:  #870-D: invalid multibyte character sequence
..\APP\app.c(225): warning:  #870-D: invalid multibyte character sequence
..\APP\app.c(225): warning:  #870-D: invalid multibyte character sequence
..\APP\app.c(233): warning:  #870-D: invalid multibyte character sequence
..\APP\app.c(233): warning:  #870-D: invalid multibyte character sequence
..\APP\app.c(233): warning:  #870-D: invalid multibyte character sequence
..\APP\app.c(233): warning:  #870-D: invalid multibyte character sequence
..\APP\app.c(233): warning:  #870-D: invalid multibyte character sequence
..\APP\app.c(233): warning:  #870-D: invalid multibyte character sequence
..\APP\app.c(233): warning:  #870-D: invalid multibyte character sequence
..\APP\app.c(233): warning:  #870-D: invalid multibyte character sequence
..\APP\app.c(233): warning:  #870-D: invalid multibyte character sequence
..\APP\app.c(233): warning:  #870-D: invalid multibyte character sequence
..\APP\app.c(233): warning:  #870-D: invalid multibyte character sequence
..\APP\app.c(233): warning:  #870-D: invalid multibyte character sequence
..\APP\app.c - 1 Error(s), 58 Warning(s).
compiling app.c...
..\APP\app.c(196): error:  #268: declaration may not appear after executable statement in block
..\APP\app.c(199): warning:  #870-D: invalid multibyte character sequence
..\APP\app.c(199): warning:  #870-D: invalid multibyte character sequence
..\APP\app.c(199): warning:  #870-D: invalid multibyte character sequence
..\APP\app.c(199): warning:  #870-D: invalid multibyte character sequence
..\APP\app.c(199): warning:  #870-D: invalid multibyte character sequence
..\APP\app.c(199): warning:  #870-D: invalid multibyte character sequence
..\APP\app.c(199): warning:  #870-D: invalid multibyte character sequence
..\APP\app.c(199): warning:  #870-D: invalid multibyte character sequence
..\APP\app.c(199): warning:  #870-D: invalid multibyte character sequence
..\APP\app.c(199): warning:  #870-D: invalid multibyte character sequence
..\APP\app.c(215): warning:  #870-D: invalid multibyte character sequence
..\APP\app.c(215): warning:  #870-D: invalid multibyte character sequence
..\APP\app.c(215): warning:  #870-D: invalid multibyte character sequence
..\APP\app.c(215): warning:  #870-D: invalid multibyte character sequence
..\APP\app.c(215): warning:  #870-D: invalid multibyte character sequence
..\APP\app.c(215): warning:  #870-D: invalid multibyte character sequence
..\APP\app.c(215): warning:  #870-D: invalid multibyte character sequence
..\APP\app.c(215): warning:  #870-D: invalid multibyte character sequence
..\APP\app.c(215): warning:  #870-D: invalid multibyte character sequence
..\APP\app.c(215): warning:  #870-D: invalid multibyte character sequence
..\APP\app.c(225): warning:  #870-D: invalid multibyte character sequence
..\APP\app.c(225): warning:  #870-D: invalid multibyte character sequence
..\APP\app.c(225): warning:  #870-D: invalid multibyte character sequence
..\APP\app.c(225): warning:  #870-D: invalid multibyte character sequence
..\APP\app.c(225): warning:  #870-D: invalid multibyte character sequence
..\APP\app.c(225): warning:  #870-D: invalid multibyte character sequence
..\APP\app.c(225): warning:  #870-D: invalid multibyte character sequence
..\APP\app.c(225): warning:  #870-D: invalid multibyte character sequence
..\APP\app.c(225): warning:  #870-D: invalid multibyte character sequence
..\APP\app.c(225): warning:  #870-D: invalid multibyte character sequence
..\APP\app.c(225): warning:  #870-D: invalid multibyte character sequence
..\APP\app.c(225): warning:  #870-D: invalid multibyte character sequence
..\APP\app.c(225): warning:  #870-D: invalid multibyte character sequence
..\APP\app.c(225): warning:  #870-D: invalid multibyte character sequence
..\APP\app.c(225): warning:  #870-D: invalid multibyte character sequence
..\APP\app.c(225): warning:  #870-D: invalid multibyte character sequence
..\APP\app.c(225): warning:  #870-D: invalid multibyte character sequence
..\APP\app.c(225): warning:  #870-D: invalid multibyte character sequence
..\APP\app.c(225): warning:  #870-D: invalid multibyte character sequence
..\APP\app.c(225): warning:  #870-D: invalid multibyte character sequence
..\APP\app.c(225): warning:  #870-D: invalid multibyte character sequence
..\APP\app.c(225): warning:  #870-D: invalid multibyte character sequence
..\APP\app.c(225): warning:  #870-D: invalid multibyte character sequence
..\APP\app.c(225): warning:  #870-D: invalid multibyte character sequence
..\APP\app.c(225): warning:  #870-D: invalid multibyte character sequence
..\APP\app.c(225): warning:  #870-D: invalid multibyte character sequence
..\APP\app.c(233): warning:  #870-D: invalid multibyte character sequence
..\APP\app.c(233): warning:  #870-D: invalid multibyte character sequence
..\APP\app.c(233): warning:  #870-D: invalid multibyte character sequence
..\APP\app.c(233): warning:  #870-D: invalid multibyte character sequence
..\APP\app.c(233): warning:  #870-D: invalid multibyte character sequence
..\APP\app.c(233): warning:  #870-D: invalid multibyte character sequence
..\APP\app.c(233): warning:  #870-D: invalid multibyte character sequence
..\APP\app.c(233): warning:  #870-D: invalid multibyte character sequence
..\APP\app.c(233): warning:  #870-D: invalid multibyte character sequence
..\APP\app.c(233): warning:  #870-D: invalid multibyte character sequence
..\APP\app.c(233): warning:  #870-D: invalid multibyte character sequence
..\APP\app.c(233): warning:  #870-D: invalid multibyte character sequence
..\APP\app.c - 1 Error(s), 58 Warning(s).
compiling app.c...
..\APP\app.c - 0 Error(s), 0 Warning(s).
Build target 'stm32'
assembling startup_stm32f10x_md.s...
compiling main.c...
compiling stm32f10x_it.c...
compiling stm32f10x_gpio.c...
compiling stm32f10x_rcc.c...
compiling stm32f10x_usart.c...
compiling stm32f10x_flash.c...
compiling stm32f10x_dma.c...
compiling stm32f10x_exti.c...
compiling stm32f10x_adc.c...
compiling misc.c...
compiling stm32f10x_i2c.c...
compiling core_cm3.c...
compiling system_stm32f10x.c...
compiling app.c...
compiling BSP.c...
compiling led.c...
compiling usart1.c...
compiling ledDis.c...
compiling adc.c...
compiling exti.c...
compiling i2c_ee.c...
compiling os_core.c...
compiling os_flag.c...
compiling os_mbox.c...
compiling os_mem.c...
compiling os_mutex.c...
compiling os_q.c...
compiling os_sem.c...
compiling os_task.c...
compiling os_time.c...
compiling os_tmr.c...
assembling os_cpu_a.asm...
compiling os_cpu_c.c...
compiling os_dbg.c...
linking...
Program Size: Code=19314 RO-data=534 RW-data=128 ZI-data=7080  
FromELF: creating hex file...
"..\Output\DEMO.axf" - 0 Error(s), 0 Warning(s).
compiling app.c...
..\APP\app.c - 0 Error(s), 0 Warning(s).
Build target 'stm32'
assembling startup_stm32f10x_md.s...
compiling main.c...
compiling stm32f10x_it.c...
compiling stm32f10x_gpio.c...
compiling stm32f10x_rcc.c...
compiling stm32f10x_usart.c...
compiling stm32f10x_flash.c...
compiling stm32f10x_dma.c...
compiling stm32f10x_exti.c...
compiling stm32f10x_adc.c...
compiling misc.c...
compiling stm32f10x_i2c.c...
compiling core_cm3.c...
compiling system_stm32f10x.c...
compiling app.c...
compiling BSP.c...
compiling led.c...
compiling usart1.c...
compiling ledDis.c...
compiling adc.c...
compiling exti.c...
compiling i2c_ee.c...
compiling os_core.c...
compiling os_flag.c...
compiling os_mbox.c...
compiling os_mem.c...
compiling os_mutex.c...
compiling os_q.c...
compiling os_sem.c...
compiling os_task.c...
compiling os_time.c...
compiling os_tmr.c...
assembling os_cpu_a.asm...
compiling os_cpu_c.c...
compiling os_dbg.c...
linking...
Program Size: Code=19314 RO-data=534 RW-data=128 ZI-data=7080  
FromELF: creating hex file...
"..\Output\DEMO.axf" - 0 Error(s), 0 Warning(s).
Build target 'stm32'
assembling startup_stm32f10x_md.s...
compiling main.c...
compiling stm32f10x_it.c...
compiling stm32f10x_gpio.c...
compiling stm32f10x_rcc.c...
compiling stm32f10x_usart.c...
compiling stm32f10x_flash.c...
compiling stm32f10x_dma.c...
compiling stm32f10x_exti.c...
compiling stm32f10x_adc.c...
compiling misc.c...
compiling stm32f10x_i2c.c...
compiling core_cm3.c...
compiling system_stm32f10x.c...
compiling app.c...
..\APP\app.c(43): warning:  #177-D: variable "led_task_stk" was declared but never referenced
..\APP\app.c(44): warning:  #177-D: variable "usart1_task_stk" was declared but never referenced
..\APP\app.c(45): warning:  #177-D: variable "ledDis_task_stk" was declared but never referenced
..\APP\app.c(46): warning:  #177-D: variable "adc1_task_stk" was declared but never referenced
..\APP\app.c(47): warning:  #177-D: variable "exti_task_stk" was declared but never referenced
..\APP\app.c(48): warning:  #177-D: variable "calculate_task_stk" was declared but never referenced
compiling BSP.c...
compiling led.c...
compiling usart1.c...
compiling ledDis.c...
compiling adc.c...
compiling exti.c...
compiling i2c_ee.c...
compiling os_core.c...
compiling os_flag.c...
compiling os_mbox.c...
compiling os_mem.c...
compiling os_mutex.c...
compiling os_q.c...
compiling os_sem.c...
compiling os_task.c...
compiling os_time.c...
compiling os_tmr.c...
assembling os_cpu_a.asm...
compiling os_cpu_c.c...
compiling os_dbg.c...
linking...
Program Size: Code=19206 RO-data=534 RW-data=128 ZI-data=7080  
FromELF: creating hex file...
"..\Output\DEMO.axf" - 0 Error(s), 6 Warning(s).
Build target 'stm32'
assembling startup_stm32f10x_md.s...
compiling main.c...
compiling stm32f10x_it.c...
compiling stm32f10x_gpio.c...
compiling stm32f10x_rcc.c...
compiling stm32f10x_usart.c...
compiling stm32f10x_flash.c...
compiling stm32f10x_dma.c...
compiling stm32f10x_exti.c...
compiling stm32f10x_adc.c...
compiling misc.c...
compiling stm32f10x_i2c.c...
compiling core_cm3.c...
compiling system_stm32f10x.c...
compiling app.c...
..\APP\app.c(43): warning:  #177-D: variable "led_task_stk" was declared but never referenced
..\APP\app.c(44): warning:  #177-D: variable "usart1_task_stk" was declared but never referenced
..\APP\app.c(45): warning:  #177-D: variable "ledDis_task_stk" was declared but never referenced
..\APP\app.c(46): warning:  #177-D: variable "adc1_task_stk" was declared but never referenced
..\APP\app.c(47): warning:  #177-D: variable "exti_task_stk" was declared but never referenced
..\APP\app.c(49): warning:  #177-D: variable "eeprom_task_stk" was declared but never referenced
compiling BSP.c...
compiling led.c...
compiling usart1.c...
compiling ledDis.c...
compiling adc.c...
compiling exti.c...
compiling i2c_ee.c...
compiling os_core.c...
compiling os_flag.c...
compiling os_mbox.c...
compiling os_mem.c...
compiling os_mutex.c...
compiling os_q.c...
compiling os_sem.c...
compiling os_task.c...
compiling os_time.c...
compiling os_tmr.c...
assembling os_cpu_a.asm...
compiling os_cpu_c.c...
compiling os_dbg.c...
linking...
Program Size: Code=19150 RO-data=534 RW-data=128 ZI-data=7080  
FromELF: creating hex file...
"..\Output\DEMO.axf" - 0 Error(s), 6 Warning(s).
compiling app.c...
..\APP\app.c - 0 Error(s), 0 Warning(s).
compiling BSP.c...
..\BSP\BSP.c - 0 Error(s), 0 Warning(s).
Build target 'stm32'
assembling startup_stm32f10x_md.s...
compiling main.c...
compiling stm32f10x_it.c...
compiling stm32f10x_gpio.c...
compiling stm32f10x_rcc.c...
compiling stm32f10x_usart.c...
compiling stm32f10x_flash.c...
compiling stm32f10x_dma.c...
compiling stm32f10x_exti.c...
compiling stm32f10x_adc.c...
compiling misc.c...
compiling stm32f10x_i2c.c...
compiling core_cm3.c...
compiling system_stm32f10x.c...
compiling app.c...
compiling BSP.c...
compiling led.c...
compiling usart1.c...
compiling ledDis.c...
compiling adc.c...
compiling exti.c...
compiling i2c_ee.c...
compiling os_core.c...
compiling os_flag.c...
compiling os_mbox.c...
compiling os_mem.c...
compiling os_mutex.c...
compiling os_q.c...
compiling os_sem.c...
compiling os_task.c...
compiling os_time.c...
compiling os_tmr.c...
assembling os_cpu_a.asm...
compiling os_cpu_c.c...
compiling os_dbg.c...
linking...
Program Size: Code=19318 RO-data=534 RW-data=128 ZI-data=7080  
FromELF: creating hex file...
"..\Output\DEMO.axf" - 0 Error(s), 0 Warning(s).
Build target 'stm32'
assembling startup_stm32f10x_md.s...
compiling main.c...
compiling stm32f10x_it.c...
compiling stm32f10x_gpio.c...
compiling stm32f10x_rcc.c...
compiling stm32f10x_usart.c...
compiling stm32f10x_flash.c...
compiling stm32f10x_dma.c...
compiling stm32f10x_exti.c...
compiling stm32f10x_adc.c...
compiling misc.c...
compiling stm32f10x_i2c.c...
compiling core_cm3.c...
compiling system_stm32f10x.c...
compiling app.c...
compiling BSP.c...
compiling led.c...
compiling usart1.c...
compiling ledDis.c...
compiling adc.c...
compiling exti.c...
compiling i2c_ee.c...
compiling os_core.c...
compiling os_flag.c...
compiling os_mbox.c...
compiling os_mem.c...
compiling os_mutex.c...
compiling os_q.c...
compiling os_sem.c...
compiling os_task.c...
compiling os_time.c...
compiling os_tmr.c...
assembling os_cpu_a.asm...
compiling os_cpu_c.c...
compiling os_dbg.c...
linking...
Program Size: Code=19318 RO-data=534 RW-data=128 ZI-data=7080  
FromELF: creating hex file...
"..\Output\DEMO.axf" - 0 Error(s), 0 Warning(s).
Build target 'stm32'
assembling startup_stm32f10x_md.s...
compiling main.c...
compiling stm32f10x_it.c...
compiling stm32f10x_gpio.c...
compiling stm32f10x_rcc.c...
compiling stm32f10x_usart.c...
compiling stm32f10x_flash.c...
compiling stm32f10x_dma.c...
compiling stm32f10x_exti.c...
compiling stm32f10x_adc.c...
compiling misc.c...
compiling stm32f10x_i2c.c...
compiling core_cm3.c...
compiling system_stm32f10x.c...
compiling app.c...
..\APP\app.c(200): warning:  #177-D: variable "i" was declared but never referenced
compiling BSP.c...
compiling led.c...
compiling usart1.c...
compiling ledDis.c...
compiling adc.c...
compiling exti.c...
compiling i2c_ee.c...
compiling os_core.c...
compiling os_flag.c...
compiling os_mbox.c...
compiling os_mem.c...
compiling os_mutex.c...
compiling os_q.c...
compiling os_sem.c...
compiling os_task.c...
compiling os_time.c...
compiling os_tmr.c...
assembling os_cpu_a.asm...
compiling os_cpu_c.c...
compiling os_dbg.c...
linking...
Program Size: Code=18104 RO-data=536 RW-data=128 ZI-data=7080  
FromELF: creating hex file...
"..\Output\DEMO.axf" - 0 Error(s), 1 Warning(s).
Build target 'stm32'
assembling startup_stm32f10x_md.s...
compiling main.c...
compiling stm32f10x_it.c...
compiling stm32f10x_gpio.c...
compiling stm32f10x_rcc.c...
compiling stm32f10x_usart.c...
compiling stm32f10x_flash.c...
compiling stm32f10x_dma.c...
compiling stm32f10x_exti.c...
compiling stm32f10x_adc.c...
compiling misc.c...
compiling stm32f10x_i2c.c...
compiling core_cm3.c...
compiling system_stm32f10x.c...
compiling app.c...
compiling BSP.c...
compiling led.c...
compiling usart1.c...
compiling ledDis.c...
compiling adc.c...
compiling exti.c...
compiling i2c_ee.c...
compiling os_core.c...
compiling os_flag.c...
compiling os_mbox.c...
compiling os_mem.c...
compiling os_mutex.c...
compiling os_q.c...
compiling os_sem.c...
compiling os_task.c...
compiling os_time.c...
compiling os_tmr.c...
assembling os_cpu_a.asm...
compiling os_cpu_c.c...
compiling os_dbg.c...
linking...
Program Size: Code=19502 RO-data=534 RW-data=128 ZI-data=7080  
FromELF: creating hex file...
"..\Output\DEMO.axf" - 0 Error(s), 0 Warning(s).
compiling app.c...
..\APP\app.c(77): error:  #20: identifier "eeprom_task_stk" is undefined
..\APP\app.c(120): warning:  #870-D: invalid multibyte character sequence
..\APP\app.c(120): warning:  #870-D: invalid multibyte character sequence
..\APP\app.c(120): warning:  #870-D: invalid multibyte character sequence
..\APP\app.c(120): warning:  #870-D: invalid multibyte character sequence
..\APP\app.c(120): warning:  #870-D: invalid multibyte character sequence
..\APP\app.c(120): warning:  #870-D: invalid multibyte character sequence
..\APP\app.c(120): warning:  #870-D: invalid multibyte character sequence
..\APP\app.c(120): warning:  #870-D: invalid multibyte character sequence
..\APP\app.c(120): warning:  #870-D: invalid multibyte character sequence
..\APP\app.c(120): warning:  #870-D: invalid multibyte character sequence
..\APP\app.c(136): warning:  #870-D: invalid multibyte character sequence
..\APP\app.c(136): warning:  #870-D: invalid multibyte character sequence
..\APP\app.c(136): warning:  #870-D: invalid multibyte character sequence
..\APP\app.c(136): warning:  #870-D: invalid multibyte character sequence
..\APP\app.c(136): warning:  #870-D: invalid multibyte character sequence
..\APP\app.c(136): warning:  #870-D: invalid multibyte character sequence
..\APP\app.c(136): warning:  #870-D: invalid multibyte character sequence
..\APP\app.c(136): warning:  #870-D: invalid multibyte character sequence
..\APP\app.c(136): warning:  #870-D: invalid multibyte character sequence
..\APP\app.c(136): warning:  #870-D: invalid multibyte character sequence
..\APP\app.c(146): warning:  #870-D: invalid multibyte character sequence
..\APP\app.c(146): warning:  #870-D: invalid multibyte character sequence
..\APP\app.c(146): warning:  #870-D: invalid multibyte character sequence
..\APP\app.c(146): warning:  #870-D: invalid multibyte character sequence
..\APP\app.c(146): warning:  #870-D: invalid multibyte character sequence
..\APP\app.c(146): warning:  #870-D: invalid multibyte character sequence
..\APP\app.c(146): warning:  #870-D: invalid multibyte character sequence
..\APP\app.c(146): warning:  #870-D: invalid multibyte character sequence
..\APP\app.c(146): warning:  #870-D: invalid multibyte character sequence
..\APP\app.c(146): warning:  #870-D: invalid multibyte character sequence
..\APP\app.c(146): warning:  #870-D: invalid multibyte character sequence
..\APP\app.c(146): warning:  #870-D: invalid multibyte character sequence
..\APP\app.c(146): warning:  #870-D: invalid multibyte character sequence
..\APP\app.c(146): warning:  #870-D: invalid multibyte character sequence
..\APP\app.c(146): warning:  #870-D: invalid multibyte character sequence
..\APP\app.c(146): warning:  #870-D: invalid multibyte character sequence
..\APP\app.c(146): warning:  #870-D: invalid multibyte character sequence
..\APP\app.c(146): warning:  #870-D: invalid multibyte character sequence
..\APP\app.c(146): warning:  #870-D: invalid multibyte character sequence
..\APP\app.c(146): warning:  #870-D: invalid multibyte character sequence
..\APP\app.c(146): warning:  #870-D: invalid multibyte character sequence
..\APP\app.c(146): warning:  #870-D: invalid multibyte character sequence
..\APP\app.c(146): warning:  #870-D: invalid multibyte character sequence
..\APP\app.c(146): warning:  #870-D: invalid multibyte character sequence
..\APP\app.c(146): warning:  #870-D: invalid multibyte character sequence
..\APP\app.c(146): warning:  #870-D: invalid multibyte character sequence
..\APP\app.c(154): warning:  #870-D: invalid multibyte character sequence
..\APP\app.c(154): warning:  #870-D: invalid multibyte character sequence
..\APP\app.c(154): warning:  #870-D: invalid multibyte character sequence
..\APP\app.c(154): warning:  #870-D: invalid multibyte character sequence
..\APP\app.c(154): warning:  #870-D: invalid multibyte character sequence
..\APP\app.c(154): warning:  #870-D: invalid multibyte character sequence
..\APP\app.c(154): warning:  #870-D: invalid multibyte character sequence
..\APP\app.c(154): warning:  #870-D: invalid multibyte character sequence
..\APP\app.c(154): warning:  #870-D: invalid multibyte character sequence
..\APP\app.c(154): warning:  #870-D: invalid multibyte character sequence
..\APP\app.c(154): warning:  #870-D: invalid multibyte character sequence
..\APP\app.c(154): warning:  #870-D: invalid multibyte character sequence
..\APP\app.c(239): warning:  #870-D: invalid multibyte character sequence
..\APP\app.c(239): warning:  #870-D: invalid multibyte character sequence
..\APP\app.c(239): warning:  #870-D: invalid multibyte character sequence
..\APP\app.c(239): warning:  #870-D: invalid multibyte character sequence
..\APP\app.c(239): warning:  #870-D: invalid multibyte character sequence
..\APP\app.c(239): warning:  #870-D: invalid multibyte character sequence
..\APP\app.c(239): warning:  #870-D: invalid multibyte character sequence
..\APP\app.c(239): warning:  #870-D: invalid multibyte character sequence
..\APP\app.c(239): warning:  #870-D: invalid multibyte character sequence
..\APP\app.c(239): warning:  #870-D: invalid multibyte character sequence
..\APP\app.c(255): warning:  #870-D: invalid multibyte character sequence
..\APP\app.c(255): warning:  #870-D: invalid multibyte character sequence
..\APP\app.c(255): warning:  #870-D: invalid multibyte character sequence
..\APP\app.c(255): warning:  #870-D: invalid multibyte character sequence
..\APP\app.c(255): warning:  #870-D: invalid multibyte character sequence
..\APP\app.c(255): warning:  #870-D: invalid multibyte character sequence
..\APP\app.c(255): warning:  #870-D: invalid multibyte character sequence
..\APP\app.c(255): warning:  #870-D: invalid multibyte character sequence
..\APP\app.c(255): warning:  #870-D: invalid multibyte character sequence
..\APP\app.c(255): warning:  #870-D: invalid multibyte character sequence
..\APP\app.c(265): warning:  #870-D: invalid multibyte character sequence
..\APP\app.c(265): warning:  #870-D: invalid multibyte character sequence
..\APP\app.c(265): warning:  #870-D: invalid multibyte character sequence
..\APP\app.c(265): warning:  #870-D: invalid multibyte character sequence
..\APP\app.c(265): warning:  #870-D: invalid multibyte character sequence
..\APP\app.c(265): warning:  #870-D: invalid multibyte character sequence
..\APP\app.c(265): warning:  #870-D: invalid multibyte character sequence
..\APP\app.c(265): warning:  #870-D: invalid multibyte character sequence
..\APP\app.c(265): warning:  #870-D: invalid multibyte character sequence
..\APP\app.c(265): warning:  #870-D: invalid multibyte character sequence
..\APP\app.c(265): warning:  #870-D: invalid multibyte character sequence
..\APP\app.c(265): warning:  #870-D: invalid multibyte character sequence
..\APP\app.c(265): warning:  #870-D: invalid multibyte character sequence
..\APP\app.c(265): warning:  #870-D: invalid multibyte character sequence
..\APP\app.c(265): warning:  #870-D: invalid multibyte character sequence
..\APP\app.c(265): warning:  #870-D: invalid multibyte character sequence
..\APP\app.c(265): warning:  #870-D: invalid multibyte character sequence
..\APP\app.c(265): warning:  #870-D: invalid multibyte character sequence
..\APP\app.c(265): warning:  #870-D: invalid multibyte character sequence
..\APP\app.c(265): warning:  #870-D: invalid multibyte character sequence
..\APP\app.c(265): warning:  #870-D: invalid multibyte character sequence
..\APP\app.c(265): warning:  #870-D: invalid multibyte character sequence
..\APP\app.c(265): warning:  #870-D: invalid multibyte character sequence
..\APP\app.c(265): warning:  #870-D: invalid multibyte character sequence
..\APP\app.c(265): warning:  #870-D: invalid multibyte character sequence
..\APP\app.c(265): warning:  #870-D: invalid multibyte character sequence
..\APP\app.c(273): warning:  #870-D: invalid multibyte character sequence
..\APP\app.c(273): warning:  #870-D: invalid multibyte character sequence
..\APP\app.c(273): warning:  #870-D: invalid multibyte character sequence
..\APP\app.c(273): warning:  #870-D: invalid multibyte character sequence
..\APP\app.c(273): warning:  #870-D: invalid multibyte character sequence
..\APP\app.c(273): warning:  #870-D: invalid multibyte character sequence
..\APP\app.c(273): warning:  #870-D: invalid multibyte character sequence
..\APP\app.c(273): warning:  #870-D: invalid multibyte character sequence
..\APP\app.c(273): warning:  #870-D: invalid multibyte character sequence
..\APP\app.c(273): warning:  #870-D: invalid multibyte character sequence
..\APP\app.c(273): warning:  #870-D: invalid multibyte character sequence
..\APP\app.c(273): warning:  #870-D: invalid multibyte character sequence
..\APP\app.c - 1 Error(s), 116 Warning(s).
Build target 'stm32'
compiling main.c...
Project build/rebuild aborted.
Target not created
compiling app.c...
..\APP\app.c - 0 Error(s), 0 Warning(s).
Build target 'stm32'
assembling startup_stm32f10x_md.s...
compiling main.c...
compiling stm32f10x_it.c...
compiling stm32f10x_gpio.c...
compiling stm32f10x_rcc.c...
compiling stm32f10x_usart.c...
compiling stm32f10x_flash.c...
compiling stm32f10x_dma.c...
compiling stm32f10x_exti.c...
compiling stm32f10x_adc.c...
compiling misc.c...
compiling stm32f10x_i2c.c...
compiling core_cm3.c...
compiling system_stm32f10x.c...
compiling app.c...
compiling BSP.c...
compiling led.c...
compiling usart1.c...
compiling ledDis.c...
compiling adc.c...
compiling exti.c...
compiling i2c_ee.c...
compiling os_core.c...
compiling os_flag.c...
compiling os_mbox.c...
compiling os_mem.c...
compiling os_mutex.c...
compiling os_q.c...
compiling os_sem.c...
compiling os_task.c...
compiling os_time.c...
compiling os_tmr.c...
assembling os_cpu_a.asm...
compiling os_cpu_c.c...
compiling os_dbg.c...
linking...
Program Size: Code=19502 RO-data=534 RW-data=128 ZI-data=7080  
FromELF: creating hex file...
"..\Output\DEMO.axf" - 0 Error(s), 0 Warning(s).
compiling app.c...
..\APP\app.c(121): error:  #137: expression must be a modifiable lvalue
..\APP\app.c(134): warning:  #870-D: invalid multibyte character sequence
..\APP\app.c(134): warning:  #870-D: invalid multibyte character sequence
..\APP\app.c(134): warning:  #870-D: invalid multibyte character sequence
..\APP\app.c(134): warning:  #870-D: invalid multibyte character sequence
..\APP\app.c(134): warning:  #870-D: invalid multibyte character sequence
..\APP\app.c(134): warning:  #870-D: invalid multibyte character sequence
..\APP\app.c(134): warning:  #870-D: invalid multibyte character sequence
..\APP\app.c(134): warning:  #870-D: invalid multibyte character sequence
..\APP\app.c(134): warning:  #870-D: invalid multibyte character sequence
..\APP\app.c(134): warning:  #870-D: invalid multibyte character sequence
..\APP\app.c(144): warning:  #870-D: invalid multibyte character sequence
..\APP\app.c(144): warning:  #870-D: invalid multibyte character sequence
..\APP\app.c(144): warning:  #870-D: invalid multibyte character sequence
..\APP\app.c(144): warning:  #870-D: invalid multibyte character sequence
..\APP\app.c(144): warning:  #870-D: invalid multibyte character sequence
..\APP\app.c(144): warning:  #870-D: invalid multibyte character sequence
..\APP\app.c(144): warning:  #870-D: invalid multibyte character sequence
..\APP\app.c(144): warning:  #870-D: invalid multibyte character sequence
..\APP\app.c(144): warning:  #870-D: invalid multibyte character sequence
..\APP\app.c(144): warning:  #870-D: invalid multibyte character sequence
..\APP\app.c(144): warning:  #870-D: invalid multibyte character sequence
..\APP\app.c(144): warning:  #870-D: invalid multibyte character sequence
..\APP\app.c(144): warning:  #870-D: invalid multibyte character sequence
..\APP\app.c(144): warning:  #870-D: invalid multibyte character sequence
..\APP\app.c(144): warning:  #870-D: invalid multibyte character sequence
..\APP\app.c(144): warning:  #870-D: invalid multibyte character sequence
..\APP\app.c(144): warning:  #870-D: invalid multibyte character sequence
..\APP\app.c(144): warning:  #870-D: invalid multibyte character sequence
..\APP\app.c(144): warning:  #870-D: invalid multibyte character sequence
..\APP\app.c(144): warning:  #870-D: invalid multibyte character sequence
..\APP\app.c(144): warning:  #870-D: invalid multibyte character sequence
..\APP\app.c(144): warning:  #870-D: invalid multibyte character sequence
..\APP\app.c(144): warning:  #870-D: invalid multibyte character sequence
..\APP\app.c(144): warning:  #870-D: invalid multibyte character sequence
..\APP\app.c(144): warning:  #870-D: invalid multibyte character sequence
..\APP\app.c(144): warning:  #870-D: invalid multibyte character sequence
..\APP\app.c(152): warning:  #870-D: invalid multibyte character sequence
..\APP\app.c(152): warning:  #870-D: invalid multibyte character sequence
..\APP\app.c(152): warning:  #870-D: invalid multibyte character sequence
..\APP\app.c(152): warning:  #870-D: invalid multibyte character sequence
..\APP\app.c(152): warning:  #870-D: invalid multibyte character sequence
..\APP\app.c(152): warning:  #870-D: invalid multibyte character sequence
..\APP\app.c(152): warning:  #870-D: invalid multibyte character sequence
..\APP\app.c(152): warning:  #870-D: invalid multibyte character sequence
..\APP\app.c(152): warning:  #870-D: invalid multibyte character sequence
..\APP\app.c(152): warning:  #870-D: invalid multibyte character sequence
..\APP\app.c(152): warning:  #870-D: invalid multibyte character sequence
..\APP\app.c(152): warning:  #870-D: invalid multibyte character sequence
..\APP\app.c - 1 Error(s), 48 Warning(s).
compiling app.c...
..\APP\app.c - 0 Error(s), 0 Warning(s).
Build target 'stm32'
assembling startup_stm32f10x_md.s...
compiling main.c...
compiling stm32f10x_it.c...
compiling stm32f10x_gpio.c...
compiling stm32f10x_rcc.c...
compiling stm32f10x_usart.c...
compiling stm32f10x_flash.c...
compiling stm32f10x_dma.c...
compiling stm32f10x_exti.c...
compiling stm32f10x_adc.c...
compiling misc.c...
compiling stm32f10x_i2c.c...
compiling core_cm3.c...
compiling system_stm32f10x.c...
compiling app.c...
compiling BSP.c...
compiling led.c...
compiling usart1.c...
compiling ledDis.c...
compiling adc.c...
compiling exti.c...
compiling i2c_ee.c...
compiling os_core.c...
compiling os_flag.c...
compiling os_mbox.c...
compiling os_mem.c...
compiling os_mutex.c...
compiling os_q.c...
compiling os_sem.c...
compiling os_task.c...
compiling os_time.c...
compiling os_tmr.c...
assembling os_cpu_a.asm...
compiling os_cpu_c.c...
compiling os_dbg.c...
linking...
Program Size: Code=19306 RO-data=534 RW-data=136 ZI-data=6248  
FromELF: creating hex file...
"..\Output\DEMO.axf" - 0 Error(s), 0 Warning(s).
compiling app.c...
..\BSP\usart1.h(10): error:  #84: invalid combination of type specifiers
..\APP\app.c(118): warning:  #870-D: invalid multibyte character sequence
..\APP\app.c(118): warning:  #870-D: invalid multibyte character sequence
..\APP\app.c(118): warning:  #870-D: invalid multibyte character sequence
..\APP\app.c(118): warning:  #870-D: invalid multibyte character sequence
..\APP\app.c(118): warning:  #870-D: invalid multibyte character sequence
..\APP\app.c(118): warning:  #870-D: invalid multibyte character sequence
..\APP\app.c(118): warning:  #870-D: invalid multibyte character sequence
..\APP\app.c(118): warning:  #870-D: invalid multibyte character sequence
..\APP\app.c(118): warning:  #870-D: invalid multibyte character sequence
..\APP\app.c(118): warning:  #870-D: invalid multibyte character sequence
..\APP\app.c(123): warning:  #870-D: invalid multibyte character sequence
..\APP\app.c(123): warning:  #870-D: invalid multibyte character sequence
..\APP\app.c(123): warning:  #870-D: invalid multibyte character sequence
..\APP\app.c(123): warning:  #870-D: invalid multibyte character sequence
..\APP\app.c(136): warning:  #870-D: invalid multibyte character sequence
..\APP\app.c(136): warning:  #870-D: invalid multibyte character sequence
..\APP\app.c(136): warning:  #870-D: invalid multibyte character sequence
..\APP\app.c(136): warning:  #870-D: invalid multibyte character sequence
..\APP\app.c(136): warning:  #870-D: invalid multibyte character sequence
..\APP\app.c(136): warning:  #870-D: invalid multibyte character sequence
..\APP\app.c(136): warning:  #870-D: invalid multibyte character sequence
..\APP\app.c(136): warning:  #870-D: invalid multibyte character sequence
..\APP\app.c(136): warning:  #870-D: invalid multibyte character sequence
..\APP\app.c(136): warning:  #870-D: invalid multibyte character sequence
..\APP\app.c(146): warning:  #870-D: invalid multibyte character sequence
..\APP\app.c(146): warning:  #870-D: invalid multibyte character sequence
..\APP\app.c(146): warning:  #870-D: invalid multibyte character sequence
..\APP\app.c(146): warning:  #870-D: invalid multibyte character sequence
..\APP\app.c(146): warning:  #870-D: invalid multibyte character sequence
..\APP\app.c(146): warning:  #870-D: invalid multibyte character sequence
..\APP\app.c(146): warning:  #870-D: invalid multibyte character sequence
..\APP\app.c(146): warning:  #870-D: invalid multibyte character sequence
..\APP\app.c(146): warning:  #870-D: invalid multibyte character sequence
..\APP\app.c(146): warning:  #870-D: invalid multibyte character sequence
..\APP\app.c(146): warning:  #870-D: invalid multibyte character sequence
..\APP\app.c(146): warning:  #870-D: invalid multibyte character sequence
..\APP\app.c(146): warning:  #870-D: invalid multibyte character sequence
..\APP\app.c(146): warning:  #870-D: invalid multibyte character sequence
..\APP\app.c(146): warning:  #870-D: invalid multibyte character sequence
..\APP\app.c(146): warning:  #870-D: invalid multibyte character sequence
..\APP\app.c(146): warning:  #870-D: invalid multibyte character sequence
..\APP\app.c(146): warning:  #870-D: invalid multibyte character sequence
..\APP\app.c(146): warning:  #870-D: invalid multibyte character sequence
..\APP\app.c(146): warning:  #870-D: invalid multibyte character sequence
..\APP\app.c(146): warning:  #870-D: invalid multibyte character sequence
..\APP\app.c(146): warning:  #870-D: invalid multibyte character sequence
..\APP\app.c(146): warning:  #870-D: invalid multibyte character sequence
..\APP\app.c(146): warning:  #870-D: invalid multibyte character sequence
..\APP\app.c(146): warning:  #870-D: invalid multibyte character sequence
..\APP\app.c(146): warning:  #870-D: invalid multibyte character sequence
..\APP\app.c(155): warning:  #870-D: invalid multibyte character sequence
..\APP\app.c(155): warning:  #870-D: invalid multibyte character sequence
..\APP\app.c(155): warning:  #870-D: invalid multibyte character sequence
..\APP\app.c(155): warning:  #870-D: invalid multibyte character sequence
..\APP\app.c(155): warning:  #870-D: invalid multibyte character sequence
..\APP\app.c(155): warning:  #870-D: invalid multibyte character sequence
..\APP\app.c(155): warning:  #870-D: invalid multibyte character sequence
..\APP\app.c(155): warning:  #870-D: invalid multibyte character sequence
..\APP\app.c(155): warning:  #870-D: invalid multibyte character sequence
..\APP\app.c(155): warning:  #870-D: invalid multibyte character sequence
..\APP\app.c(155): warning:  #870-D: invalid multibyte character sequence
..\APP\app.c(155): warning:  #870-D: invalid multibyte character sequence
..\APP\app.c - 1 Error(s), 62 Warning(s).
compiling app.c...
..\APP\app.c - 0 Error(s), 0 Warning(s).
Build target 'stm32'
assembling startup_stm32f10x_md.s...
compiling main.c...
compiling stm32f10x_it.c...
compiling stm32f10x_gpio.c...
compiling stm32f10x_rcc.c...
compiling stm32f10x_usart.c...
compiling stm32f10x_flash.c...
compiling stm32f10x_dma.c...
compiling stm32f10x_exti.c...
compiling stm32f10x_adc.c...
compiling misc.c...
compiling stm32f10x_i2c.c...
compiling core_cm3.c...
compiling system_stm32f10x.c...
compiling app.c...
compiling BSP.c...
compiling led.c...
compiling usart1.c...
..\BSP\usart1.c(231): warning:  #223-D: function "isspace" declared implicitly
compiling ledDis.c...
compiling adc.c...
compiling exti.c...
compiling i2c_ee.c...
compiling os_core.c...
compiling os_flag.c...
compiling os_mbox.c...
compiling os_mem.c...
compiling os_mutex.c...
compiling os_q.c...
compiling os_sem.c...
compiling os_task.c...
compiling os_time.c...
compiling os_tmr.c...
assembling os_cpu_a.asm...
compiling os_cpu_c.c...
compiling os_dbg.c...
linking...
Program Size: Code=19458 RO-data=598 RW-data=132 ZI-data=6508  
FromELF: creating hex file...
"..\Output\DEMO.axf" - 0 Error(s), 1 Warning(s).
Build target 'stm32'
assembling startup_stm32f10x_md.s...
compiling main.c...
compiling stm32f10x_it.c...
compiling stm32f10x_gpio.c...
compiling stm32f10x_rcc.c...
compiling stm32f10x_usart.c...
compiling stm32f10x_flash.c...
compiling stm32f10x_dma.c...
compiling stm32f10x_exti.c...
compiling stm32f10x_adc.c...
compiling misc.c...
compiling stm32f10x_i2c.c...
compiling core_cm3.c...
compiling system_stm32f10x.c...
compiling app.c...
compiling BSP.c...
compiling led.c...
compiling usart1.c...
compiling ledDis.c...
compiling adc.c...
compiling exti.c...
compiling i2c_ee.c...
compiling os_core.c...
compiling os_flag.c...
compiling os_mbox.c...
compiling os_mem.c...
compiling os_mutex.c...
compiling os_q.c...
compiling os_sem.c...
compiling os_task.c...
compiling os_time.c...
compiling os_tmr.c...
assembling os_cpu_a.asm...
compiling os_cpu_c.c...
compiling os_dbg.c...
linking...
Program Size: Code=19398 RO-data=534 RW-data=132 ZI-data=6508  
FromELF: creating hex file...
"..\Output\DEMO.axf" - 0 Error(s), 0 Warning(s).
compiling app.c...
..\APP\app.c - 0 Error(s), 0 Warning(s).
compiling app.c...
..\APP\app.c - 0 Error(s), 0 Warning(s).
compiling app.c...
..\APP\myConfig.h(56): warning:  #1-D: last line of file ends without a newline
..\APP\app.c(77): warning:  #870-D: invalid multibyte character sequence
..\APP\app.c(77): warning:  #870-D: invalid multibyte character sequence
..\APP\app.c(77): warning:  #870-D: invalid multibyte character sequence
..\APP\app.c(77): warning:  #870-D: invalid multibyte character sequence
..\APP\app.c(77): warning:  #870-D: invalid multibyte character sequence
..\APP\app.c(77): warning:  #870-D: invalid multibyte character sequence
..\APP\app.c(77): warning:  #870-D: invalid multibyte character sequence
..\APP\app.c(77): warning:  #870-D: invalid multibyte character sequence
..\APP\app.c(77): warning:  #870-D: invalid multibyte character sequence
..\APP\app.c(77): warning:  #870-D: invalid multibyte character sequence
..\APP\app.c(82): warning:  #870-D: invalid multibyte character sequence
..\APP\app.c(82): warning:  #870-D: invalid multibyte character sequence
..\APP\app.c(82): warning:  #870-D: invalid multibyte character sequence
..\APP\app.c(82): warning:  #870-D: invalid multibyte character sequence
..\APP\app.c(95): warning:  #870-D: invalid multibyte character sequence
..\APP\app.c(95): warning:  #870-D: invalid multibyte character sequence
..\APP\app.c(95): warning:  #870-D: invalid multibyte character sequence
..\APP\app.c(95): warning:  #870-D: invalid multibyte character sequence
..\APP\app.c(95): warning:  #870-D: invalid multibyte character sequence
..\APP\app.c(95): warning:  #870-D: invalid multibyte character sequence
..\APP\app.c(95): warning:  #870-D: invalid multibyte character sequence
..\APP\app.c(95): warning:  #870-D: invalid multibyte character sequence
..\APP\app.c(95): warning:  #870-D: invalid multibyte character sequence
..\APP\app.c(95): warning:  #870-D: invalid multibyte character sequence
..\APP\app.c(105): warning:  #870-D: invalid multibyte character sequence
..\APP\app.c(105): warning:  #870-D: invalid multibyte character sequence
..\APP\app.c(105): warning:  #870-D: invalid multibyte character sequence
..\APP\app.c(105): warning:  #870-D: invalid multibyte character sequence
..\APP\app.c(105): warning:  #870-D: invalid multibyte character sequence
..\APP\app.c(105): warning:  #870-D: invalid multibyte character sequence
..\APP\app.c(105): warning:  #870-D: invalid multibyte character sequence
..\APP\app.c(105): warning:  #870-D: invalid multibyte character sequence
..\APP\app.c(105): warning:  #870-D: invalid multibyte character sequence
..\APP\app.c(105): warning:  #870-D: invalid multibyte character sequence
..\APP\app.c(105): warning:  #870-D: invalid multibyte character sequence
..\APP\app.c(105): warning:  #870-D: invalid multibyte character sequence
..\APP\app.c(105): warning:  #870-D: invalid multibyte character sequence
..\APP\app.c(105): warning:  #870-D: invalid multibyte character sequence
..\APP\app.c(105): warning:  #870-D: invalid multibyte character sequence
..\APP\app.c(105): warning:  #870-D: invalid multibyte character sequence
..\APP\app.c(105): warning:  #870-D: invalid multibyte character sequence
..\APP\app.c(105): warning:  #870-D: invalid multibyte character sequence
..\APP\app.c(105): warning:  #870-D: invalid multibyte character sequence
..\APP\app.c(105): warning:  #870-D: invalid multibyte character sequence
..\APP\app.c(105): warning:  #870-D: invalid multibyte character sequence
..\APP\app.c(105): warning:  #870-D: invalid multibyte character sequence
..\APP\app.c(105): warning:  #870-D: invalid multibyte character sequence
..\APP\app.c(105): warning:  #870-D: invalid multibyte character sequence
..\APP\app.c(105): warning:  #870-D: invalid multibyte character sequence
..\APP\app.c(105): warning:  #870-D: invalid multibyte character sequence
..\APP\app.c(114): warning:  #870-D: invalid multibyte character sequence
..\APP\app.c(114): warning:  #870-D: invalid multibyte character sequence
..\APP\app.c(114): warning:  #870-D: invalid multibyte character sequence
..\APP\app.c(114): warning:  #870-D: invalid multibyte character sequence
..\APP\app.c(114): warning:  #870-D: invalid multibyte character sequence
..\APP\app.c(114): warning:  #870-D: invalid multibyte character sequence
..\APP\app.c(114): warning:  #870-D: invalid multibyte character sequence
..\APP\app.c(114): warning:  #870-D: invalid multibyte character sequence
..\APP\app.c(114): warning:  #870-D: invalid multibyte character sequence
..\APP\app.c(114): warning:  #870-D: invalid multibyte character sequence
..\APP\app.c(114): warning:  #870-D: invalid multibyte character sequence
..\APP\app.c(114): warning:  #870-D: invalid multibyte character sequence
..\APP\app.c - 0 Error(s), 63 Warning(s).
compiling app.c...
..\APP\app.c - 0 Error(s), 0 Warning(s).
compiling app.c...
..\APP\myConfig.h(55): error:  #20: identifier "carData" is undefined
..\APP\myConfig.h(56): error:  #77-D: this declaration has no storage class or type specifier
..\APP\myConfig.h(56): error:  #65: expected a ";"
..\APP\myConfig.h(56): warning:  #870-D: invalid multibyte character sequence
..\APP\myConfig.h(56): warning:  #870-D: invalid multibyte character sequence
..\APP\myConfig.h(56): warning:  #870-D: invalid multibyte character sequence
..\APP\myConfig.h(56): warning:  #870-D: invalid multibyte character sequence
..\APP\myConfig.h(57): error:  #77-D: this declaration has no storage class or type specifier
..\APP\myConfig.h(57): error:  #65: expected a ";"
..\APP\myConfig.h(58): error:  #77-D: this declaration has no storage class or type specifier
..\APP\myConfig.h(58): error:  #65: expected a ";"
..\APP\myConfig.h(58): warning:  #870-D: invalid multibyte character sequence
..\APP\myConfig.h(58): warning:  #870-D: invalid multibyte character sequence
..\APP\myConfig.h(59): error:  #77-D: this declaration has no storage class or type specifier
..\APP\myConfig.h(59): error:  #65: expected a ";"
..\APP\myConfig.h(60): error:  #77-D: this declaration has no storage class or type specifier
..\APP\myConfig.h(60): error:  #65: expected a ";"
..\APP\app.c(77): warning:  #870-D: invalid multibyte character sequence
..\APP\app.c(77): warning:  #870-D: invalid multibyte character sequence
..\APP\app.c(77): warning:  #870-D: invalid multibyte character sequence
..\APP\app.c(77): warning:  #870-D: invalid multibyte character sequence
..\APP\app.c(77): warning:  #870-D: invalid multibyte character sequence
..\APP\app.c(77): warning:  #870-D: invalid multibyte character sequence
..\APP\app.c(77): warning:  #870-D: invalid multibyte character sequence
..\APP\app.c(77): warning:  #870-D: invalid multibyte character sequence
..\APP\app.c(77): warning:  #870-D: invalid multibyte character sequence
..\APP\app.c(77): warning:  #870-D: invalid multibyte character sequence
..\APP\app.c(82): warning:  #870-D: invalid multibyte character sequence
..\APP\app.c(82): warning:  #870-D: invalid multibyte character sequence
..\APP\app.c(82): warning:  #870-D: invalid multibyte character sequence
..\APP\app.c(82): warning:  #870-D: invalid multibyte character sequence
..\APP\app.c(95): warning:  #870-D: invalid multibyte character sequence
..\APP\app.c(95): warning:  #870-D: invalid multibyte character sequence
..\APP\app.c(95): warning:  #870-D: invalid multibyte character sequence
..\APP\app.c(95): warning:  #870-D: invalid multibyte character sequence
..\APP\app.c(95): warning:  #870-D: invalid multibyte character sequence
..\APP\app.c(95): warning:  #870-D: invalid multibyte character sequence
..\APP\app.c(95): warning:  #870-D: invalid multibyte character sequence
..\APP\app.c(95): warning:  #870-D: invalid multibyte character sequence
..\APP\app.c(95): warning:  #870-D: invalid multibyte character sequence
..\APP\app.c(95): warning:  #870-D: invalid multibyte character sequence
..\APP\app.c(105): warning:  #870-D: invalid multibyte character sequence
..\APP\app.c(105): warning:  #870-D: invalid multibyte character sequence
..\APP\app.c(105): warning:  #870-D: invalid multibyte character sequence
..\APP\app.c(105): warning:  #870-D: invalid multibyte character sequence
..\APP\app.c(105): warning:  #870-D: invalid multibyte character sequence
..\APP\app.c(105): warning:  #870-D: invalid multibyte character sequence
..\APP\app.c(105): warning:  #870-D: invalid multibyte character sequence
..\APP\app.c(105): warning:  #870-D: invalid multibyte character sequence
..\APP\app.c(105): warning:  #870-D: invalid multibyte character sequence
..\APP\app.c(105): warning:  #870-D: invalid multibyte character sequence
..\APP\app.c(105): warning:  #870-D: invalid multibyte character sequence
..\APP\app.c(105): warning:  #870-D: invalid multibyte character sequence
..\APP\app.c(105): warning:  #870-D: invalid multibyte character sequence
..\APP\app.c(105): warning:  #870-D: invalid multibyte character sequence
..\APP\app.c(105): warning:  #870-D: invalid multibyte character sequence
..\APP\app.c(105): warning:  #870-D: invalid multibyte character sequence
..\APP\app.c(105): warning:  #870-D: invalid multibyte character sequence
..\APP\app.c(105): warning:  #870-D: invalid multibyte character sequence
..\APP\app.c(105): warning:  #870-D: invalid multibyte character sequence
..\APP\app.c(105): warning:  #870-D: invalid multibyte character sequence
..\APP\app.c(105): warning:  #870-D: invalid multibyte character sequence
..\APP\app.c(105): warning:  #870-D: invalid multibyte character sequence
..\APP\app.c(105): warning:  #870-D: invalid multibyte character sequence
..\APP\app.c(105): warning:  #870-D: invalid multibyte character sequence
..\APP\app.c(105): warning:  #870-D: invalid multibyte character sequence
..\APP\app.c(105): warning:  #870-D: invalid multibyte character sequence
..\APP\app.c(114): warning:  #870-D: invalid multibyte character sequence
..\APP\app.c(114): warning:  #870-D: invalid multibyte character sequence
..\APP\app.c(114): warning:  #870-D: invalid multibyte character sequence
..\APP\app.c(114): warning:  #870-D: invalid multibyte character sequence
..\APP\app.c(114): warning:  #870-D: invalid multibyte character sequence
..\APP\app.c(114): warning:  #870-D: invalid multibyte character sequence
..\APP\app.c(114): warning:  #870-D: invalid multibyte character sequence
..\APP\app.c(114): warning:  #870-D: invalid multibyte character sequence
..\APP\app.c(114): warning:  #870-D: invalid multibyte character sequence
..\APP\app.c(114): warning:  #870-D: invalid multibyte character sequence
..\APP\app.c(114): warning:  #870-D: invalid multibyte character sequence
..\APP\app.c(114): warning:  #870-D: invalid multibyte character sequence
..\APP\app.c - 11 Error(s), 68 Warning(s).
compiling app.c...
..\APP\myConfig.h(56): error:  #77-D: this declaration has no storage class or type specifier
..\APP\myConfig.h(56): error:  #147: declaration is incompatible with "struct carData car1" (declared at line 55)
..\APP\myConfig.h(56): error:  #65: expected a ";"
..\APP\myConfig.h(56): warning:  #870-D: invalid multibyte character sequence
..\APP\myConfig.h(56): warning:  #870-D: invalid multibyte character sequence
..\APP\myConfig.h(56): warning:  #870-D: invalid multibyte character sequence
..\APP\myConfig.h(56): warning:  #870-D: invalid multibyte character sequence
..\APP\myConfig.h(57): error:  #77-D: this declaration has no storage class or type specifier
..\APP\myConfig.h(57): error:  #65: expected a ";"
..\APP\myConfig.h(58): error:  #77-D: this declaration has no storage class or type specifier
..\APP\myConfig.h(58): error:  #65: expected a ";"
..\APP\myConfig.h(58): warning:  #870-D: invalid multibyte character sequence
..\APP\myConfig.h(58): warning:  #870-D: invalid multibyte character sequence
..\APP\myConfig.h(59): error:  #77-D: this declaration has no storage class or type specifier
..\APP\myConfig.h(59): error:  #65: expected a ";"
..\APP\myConfig.h(60): error:  #77-D: this declaration has no storage class or type specifier
..\APP\myConfig.h(60): error:  #65: expected a ";"
..\APP\app.c(77): warning:  #870-D: invalid multibyte character sequence
..\APP\app.c(77): warning:  #870-D: invalid multibyte character sequence
..\APP\app.c(77): warning:  #870-D: invalid multibyte character sequence
..\APP\app.c(77): warning:  #870-D: invalid multibyte character sequence
..\APP\app.c(77): warning:  #870-D: invalid multibyte character sequence
..\APP\app.c(77): warning:  #870-D: invalid multibyte character sequence
..\APP\app.c(77): warning:  #870-D: invalid multibyte character sequence
..\APP\app.c(77): warning:  #870-D: invalid multibyte character sequence
..\APP\app.c(77): warning:  #870-D: invalid multibyte character sequence
..\APP\app.c(77): warning:  #870-D: invalid multibyte character sequence
..\APP\app.c(82): warning:  #870-D: invalid multibyte character sequence
..\APP\app.c(82): warning:  #870-D: invalid multibyte character sequence
..\APP\app.c(82): warning:  #870-D: invalid multibyte character sequence
..\APP\app.c(82): warning:  #870-D: invalid multibyte character sequence
..\APP\app.c(95): warning:  #870-D: invalid multibyte character sequence
..\APP\app.c(95): warning:  #870-D: invalid multibyte character sequence
..\APP\app.c(95): warning:  #870-D: invalid multibyte character sequence
..\APP\app.c(95): warning:  #870-D: invalid multibyte character sequence
..\APP\app.c(95): warning:  #870-D: invalid multibyte character sequence
..\APP\app.c(95): warning:  #870-D: invalid multibyte character sequence
..\APP\app.c(95): warning:  #870-D: invalid multibyte character sequence
..\APP\app.c(95): warning:  #870-D: invalid multibyte character sequence
..\APP\app.c(95): warning:  #870-D: invalid multibyte character sequence
..\APP\app.c(95): warning:  #870-D: invalid multibyte character sequence
..\APP\app.c(105): warning:  #870-D: invalid multibyte character sequence
..\APP\app.c(105): warning:  #870-D: invalid multibyte character sequence
..\APP\app.c(105): warning:  #870-D: invalid multibyte character sequence
..\APP\app.c(105): warning:  #870-D: invalid multibyte character sequence
..\APP\app.c(105): warning:  #870-D: invalid multibyte character sequence
..\APP\app.c(105): warning:  #870-D: invalid multibyte character sequence
..\APP\app.c(105): warning:  #870-D: invalid multibyte character sequence
..\APP\app.c(105): warning:  #870-D: invalid multibyte character sequence
..\APP\app.c(105): warning:  #870-D: invalid multibyte character sequence
..\APP\app.c(105): warning:  #870-D: invalid multibyte character sequence
..\APP\app.c(105): warning:  #870-D: invalid multibyte character sequence
..\APP\app.c(105): warning:  #870-D: invalid multibyte character sequence
..\APP\app.c(105): warning:  #870-D: invalid multibyte character sequence
..\APP\app.c(105): warning:  #870-D: invalid multibyte character sequence
..\APP\app.c(105): warning:  #870-D: invalid multibyte character sequence
..\APP\app.c(105): warning:  #870-D: invalid multibyte character sequence
..\APP\app.c(105): warning:  #870-D: invalid multibyte character sequence
..\APP\app.c(105): warning:  #870-D: invalid multibyte character sequence
..\APP\app.c(105): warning:  #870-D: invalid multibyte character sequence
..\APP\app.c(105): warning:  #870-D: invalid multibyte character sequence
..\APP\app.c(105): warning:  #870-D: invalid multibyte character sequence
..\APP\app.c(105): warning:  #870-D: invalid multibyte character sequence
..\APP\app.c(105): warning:  #870-D: invalid multibyte character sequence
..\APP\app.c(105): warning:  #870-D: invalid multibyte character sequence
..\APP\app.c(105): warning:  #870-D: invalid multibyte character sequence
..\APP\app.c(105): warning:  #870-D: invalid multibyte character sequence
..\APP\app.c(114): warning:  #870-D: invalid multibyte character sequence
..\APP\app.c(114): warning:  #870-D: invalid multibyte character sequence
..\APP\app.c(114): warning:  #870-D: invalid multibyte character sequence
..\APP\app.c(114): warning:  #870-D: invalid multibyte character sequence
..\APP\app.c(114): warning:  #870-D: invalid multibyte character sequence
..\APP\app.c(114): warning:  #870-D: invalid multibyte character sequence
..\APP\app.c(114): warning:  #870-D: invalid multibyte character sequence
..\APP\app.c(114): warning:  #870-D: invalid multibyte character sequence
..\APP\app.c(114): warning:  #870-D: invalid multibyte character sequence
..\APP\app.c(114): warning:  #870-D: invalid multibyte character sequence
..\APP\app.c(114): warning:  #870-D: invalid multibyte character sequence
..\APP\app.c(114): warning:  #870-D: invalid multibyte character sequence
..\APP\app.c - 11 Error(s), 68 Warning(s).
compiling app.c...
..\APP\myConfig.h(56): error:  #77-D: this declaration has no storage class or type specifier
..\APP\myConfig.h(56): error:  #147: declaration is incompatible with "struct carData *car1" (declared at line 55)
..\APP\myConfig.h(56): error:  #65: expected a ";"
..\APP\myConfig.h(56): warning:  #870-D: invalid multibyte character sequence
..\APP\myConfig.h(56): warning:  #870-D: invalid multibyte character sequence
..\APP\myConfig.h(56): warning:  #870-D: invalid multibyte character sequence
..\APP\myConfig.h(56): warning:  #870-D: invalid multibyte character sequence
..\APP\myConfig.h(57): error:  #77-D: this declaration has no storage class or type specifier
..\APP\myConfig.h(57): error:  #65: expected a ";"
..\APP\myConfig.h(58): error:  #77-D: this declaration has no storage class or type specifier
..\APP\myConfig.h(58): error:  #65: expected a ";"
..\APP\myConfig.h(58): warning:  #870-D: invalid multibyte character sequence
..\APP\myConfig.h(58): warning:  #870-D: invalid multibyte character sequence
..\APP\myConfig.h(59): error:  #77-D: this declaration has no storage class or type specifier
..\APP\myConfig.h(59): error:  #65: expected a ";"
..\APP\myConfig.h(60): error:  #77-D: this declaration has no storage class or type specifier
..\APP\myConfig.h(60): error:  #65: expected a ";"
..\APP\app.c(77): warning:  #870-D: invalid multibyte character sequence
..\APP\app.c(77): warning:  #870-D: invalid multibyte character sequence
..\APP\app.c(77): warning:  #870-D: invalid multibyte character sequence
..\APP\app.c(77): warning:  #870-D: invalid multibyte character sequence
..\APP\app.c(77): warning:  #870-D: invalid multibyte character sequence
..\APP\app.c(77): warning:  #870-D: invalid multibyte character sequence
..\APP\app.c(77): warning:  #870-D: invalid multibyte character sequence
..\APP\app.c(77): warning:  #870-D: invalid multibyte character sequence
..\APP\app.c(77): warning:  #870-D: invalid multibyte character sequence
..\APP\app.c(77): warning:  #870-D: invalid multibyte character sequence
..\APP\app.c(82): warning:  #870-D: invalid multibyte character sequence
..\APP\app.c(82): warning:  #870-D: invalid multibyte character sequence
..\APP\app.c(82): warning:  #870-D: invalid multibyte character sequence
..\APP\app.c(82): warning:  #870-D: invalid multibyte character sequence
..\APP\app.c(95): warning:  #870-D: invalid multibyte character sequence
..\APP\app.c(95): warning:  #870-D: invalid multibyte character sequence
..\APP\app.c(95): warning:  #870-D: invalid multibyte character sequence
..\APP\app.c(95): warning:  #870-D: invalid multibyte character sequence
..\APP\app.c(95): warning:  #870-D: invalid multibyte character sequence
..\APP\app.c(95): warning:  #870-D: invalid multibyte character sequence
..\APP\app.c(95): warning:  #870-D: invalid multibyte character sequence
..\APP\app.c(95): warning:  #870-D: invalid multibyte character sequence
..\APP\app.c(95): warning:  #870-D: invalid multibyte character sequence
..\APP\app.c(95): warning:  #870-D: invalid multibyte character sequence
..\APP\app.c(105): warning:  #870-D: invalid multibyte character sequence
..\APP\app.c(105): warning:  #870-D: invalid multibyte character sequence
..\APP\app.c(105): warning:  #870-D: invalid multibyte character sequence
..\APP\app.c(105): warning:  #870-D: invalid multibyte character sequence
..\APP\app.c(105): warning:  #870-D: invalid multibyte character sequence
..\APP\app.c(105): warning:  #870-D: invalid multibyte character sequence
..\APP\app.c(105): warning:  #870-D: invalid multibyte character sequence
..\APP\app.c(105): warning:  #870-D: invalid multibyte character sequence
..\APP\app.c(105): warning:  #870-D: invalid multibyte character sequence
..\APP\app.c(105): warning:  #870-D: invalid multibyte character sequence
..\APP\app.c(105): warning:  #870-D: invalid multibyte character sequence
..\APP\app.c(105): warning:  #870-D: invalid multibyte character sequence
..\APP\app.c(105): warning:  #870-D: invalid multibyte character sequence
..\APP\app.c(105): warning:  #870-D: invalid multibyte character sequence
..\APP\app.c(105): warning:  #870-D: invalid multibyte character sequence
..\APP\app.c(105): warning:  #870-D: invalid multibyte character sequence
..\APP\app.c(105): warning:  #870-D: invalid multibyte character sequence
..\APP\app.c(105): warning:  #870-D: invalid multibyte character sequence
..\APP\app.c(105): warning:  #870-D: invalid multibyte character sequence
..\APP\app.c(105): warning:  #870-D: invalid multibyte character sequence
..\APP\app.c(105): warning:  #870-D: invalid multibyte character sequence
..\APP\app.c(105): warning:  #870-D: invalid multibyte character sequence
..\APP\app.c(105): warning:  #870-D: invalid multibyte character sequence
..\APP\app.c(105): warning:  #870-D: invalid multibyte character sequence
..\APP\app.c(105): warning:  #870-D: invalid multibyte character sequence
..\APP\app.c(105): warning:  #870-D: invalid multibyte character sequence
..\APP\app.c(114): warning:  #870-D: invalid multibyte character sequence
..\APP\app.c(114): warning:  #870-D: invalid multibyte character sequence
..\APP\app.c(114): warning:  #870-D: invalid multibyte character sequence
..\APP\app.c(114): warning:  #870-D: invalid multibyte character sequence
..\APP\app.c(114): warning:  #870-D: invalid multibyte character sequence
..\APP\app.c(114): warning:  #870-D: invalid multibyte character sequence
..\APP\app.c(114): warning:  #870-D: invalid multibyte character sequence
..\APP\app.c(114): warning:  #870-D: invalid multibyte character sequence
..\APP\app.c(114): warning:  #870-D: invalid multibyte character sequence
..\APP\app.c(114): warning:  #870-D: invalid multibyte character sequence
..\APP\app.c(114): warning:  #870-D: invalid multibyte character sequence
..\APP\app.c(114): warning:  #870-D: invalid multibyte character sequence
..\APP\app.c - 11 Error(s), 68 Warning(s).
compiling app.c...
..\APP\app.c(75): error:  #137: expression must be a modifiable lvalue
..\APP\app.c(76): error:  #137: expression must be a modifiable lvalue
..\APP\app.c(77): warning:  #870-D: invalid multibyte character sequence
..\APP\app.c(77): warning:  #870-D: invalid multibyte character sequence
..\APP\app.c(77): error:  #137: expression must be a modifiable lvalue
..\APP\app.c(81): warning:  #870-D: invalid multibyte character sequence
..\APP\app.c(81): warning:  #870-D: invalid multibyte character sequence
..\APP\app.c(81): warning:  #870-D: invalid multibyte character sequence
..\APP\app.c(81): warning:  #870-D: invalid multibyte character sequence
..\APP\app.c(81): warning:  #870-D: invalid multibyte character sequence
..\APP\app.c(81): warning:  #870-D: invalid multibyte character sequence
..\APP\app.c(81): warning:  #870-D: invalid multibyte character sequence
..\APP\app.c(81): warning:  #870-D: invalid multibyte character sequence
..\APP\app.c(81): warning:  #870-D: invalid multibyte character sequence
..\APP\app.c(81): warning:  #870-D: invalid multibyte character sequence
..\APP\app.c(86): warning:  #870-D: invalid multibyte character sequence
..\APP\app.c(86): warning:  #870-D: invalid multibyte character sequence
..\APP\app.c(86): warning:  #870-D: invalid multibyte character sequence
..\APP\app.c(86): warning:  #870-D: invalid multibyte character sequence
..\APP\app.c(99): warning:  #870-D: invalid multibyte character sequence
..\APP\app.c(99): warning:  #870-D: invalid multibyte character sequence
..\APP\app.c(99): warning:  #870-D: invalid multibyte character sequence
..\APP\app.c(99): warning:  #870-D: invalid multibyte character sequence
..\APP\app.c(99): warning:  #870-D: invalid multibyte character sequence
..\APP\app.c(99): warning:  #870-D: invalid multibyte character sequence
..\APP\app.c(99): warning:  #870-D: invalid multibyte character sequence
..\APP\app.c(99): warning:  #870-D: invalid multibyte character sequence
..\APP\app.c(99): warning:  #870-D: invalid multibyte character sequence
..\APP\app.c(99): warning:  #870-D: invalid multibyte character sequence
..\APP\app.c(109): warning:  #870-D: invalid multibyte character sequence
..\APP\app.c(109): warning:  #870-D: invalid multibyte character sequence
..\APP\app.c(109): warning:  #870-D: invalid multibyte character sequence
..\APP\app.c(109): warning:  #870-D: invalid multibyte character sequence
..\APP\app.c(109): warning:  #870-D: invalid multibyte character sequence
..\APP\app.c(109): warning:  #870-D: invalid multibyte character sequence
..\APP\app.c(109): warning:  #870-D: invalid multibyte character sequence
..\APP\app.c(109): warning:  #870-D: invalid multibyte character sequence
..\APP\app.c(109): warning:  #870-D: invalid multibyte character sequence
..\APP\app.c(109): warning:  #870-D: invalid multibyte character sequence
..\APP\app.c(109): warning:  #870-D: invalid multibyte character sequence
..\APP\app.c(109): warning:  #870-D: invalid multibyte character sequence
..\APP\app.c(109): warning:  #870-D: invalid multibyte character sequence
..\APP\app.c(109): warning:  #870-D: invalid multibyte character sequence
..\APP\app.c(109): warning:  #870-D: invalid multibyte character sequence
..\APP\app.c(109): warning:  #870-D: invalid multibyte character sequence
..\APP\app.c(109): warning:  #870-D: invalid multibyte character sequence
..\APP\app.c(109): warning:  #870-D: invalid multibyte character sequence
..\APP\app.c(109): warning:  #870-D: invalid multibyte character sequence
..\APP\app.c(109): warning:  #870-D: invalid multibyte character sequence
..\APP\app.c(109): warning:  #870-D: invalid multibyte character sequence
..\APP\app.c(109): warning:  #870-D: invalid multibyte character sequence
..\APP\app.c(109): warning:  #870-D: invalid multibyte character sequence
..\APP\app.c(109): warning:  #870-D: invalid multibyte character sequence
..\APP\app.c(109): warning:  #870-D: invalid multibyte character sequence
..\APP\app.c(109): warning:  #870-D: invalid multibyte character sequence
..\APP\app.c(118): warning:  #870-D: invalid multibyte character sequence
..\APP\app.c(118): warning:  #870-D: invalid multibyte character sequence
..\APP\app.c(118): warning:  #870-D: invalid multibyte character sequence
..\APP\app.c(118): warning:  #870-D: invalid multibyte character sequence
..\APP\app.c(118): warning:  #870-D: invalid multibyte character sequence
..\APP\app.c(118): warning:  #870-D: invalid multibyte character sequence
..\APP\app.c(118): warning:  #870-D: invalid multibyte character sequence
..\APP\app.c(118): warning:  #870-D: invalid multibyte character sequence
..\APP\app.c(118): warning:  #870-D: invalid multibyte character sequence
..\APP\app.c(118): warning:  #870-D: invalid multibyte character sequence
..\APP\app.c(118): warning:  #870-D: invalid multibyte character sequence
..\APP\app.c(118): warning:  #870-D: invalid multibyte character sequence
..\APP\app.c - 3 Error(s), 64 Warning(s).
compiling app.c...
..\APP\app.c - 0 Error(s), 0 Warning(s).
compiling app.c...
[...]
..\APP\app.c(120): warning:  #870-D: invalid multibyte character sequence
..\APP\app.c(120): warning:  #870-D: invalid multibyte character sequence
..\APP\app.c(120): warning:  #870-D: invalid multibyte character sequence
..\APP\app.c(120): warning:  #870-D: invalid multibyte character sequence
..\APP\app.c(120): warning:  #870-D: invalid multibyte character sequence
..\APP\app.c(120): warning:  #870-D: invalid multibyte character sequence
..\APP\app.c(120): warning:  #870-D: invalid multibyte character sequence
..\APP\app.c(120): warning:  #870-D: invalid multibyte character sequence
..\APP\app.c(120): warning:  #870-D: invalid multibyte character sequence
..\APP\app.c - 0 Error(s), 49 Warning(s).
compiling app.c...
..\APP\app.c - 0 Error(s), 0 Warning(s).
Build target 'stm32'
assembling startup_stm32f10x_md.s...
compiling main.c...
compiling stm32f10x_it.c...
compiling stm32f10x_gpio.c...
compiling stm32f10x_rcc.c...
compiling stm32f10x_usart.c...
compiling stm32f10x_flash.c...
compiling stm32f10x_dma.c...
compiling stm32f10x_exti.c...
compiling stm32f10x_adc.c...
compiling misc.c...
compiling stm32f10x_i2c.c...
compiling core_cm3.c...
compiling system_stm32f10x.c...
compiling app.c...
compiling BSP.c...
compiling led.c...
compiling usart1.c...
compiling ledDis.c...
compiling adc.c...
compiling exti.c...
compiling i2c_ee.c...
compiling os_core.c...
compiling os_flag.c...
compiling os_mbox.c...
compiling os_mem.c...
compiling os_mutex.c...
compiling os_q.c...
compiling os_sem.c...
compiling os_task.c...
compiling os_time.c...
compiling os_tmr.c...
assembling os_cpu_a.asm...
compiling os_cpu_c.c...
compiling os_dbg.c...
linking...
Program Size: Code=19382 RO-data=534 RW-data=136 ZI-data=6504  
FromELF: creating hex file...
"..\Output\DEMO.axf" - 0 Error(s), 0 Warning(s).
Build target 'stm32'
assembling startup_stm32f10x_md.s...
compiling main.c...
compiling stm32f10x_it.c...
compiling stm32f10x_gpio.c...
compiling stm32f10x_rcc.c...
compiling stm32f10x_usart.c...
compiling stm32f10x_flash.c...
compiling stm32f10x_dma.c...
compiling stm32f10x_exti.c...
compiling stm32f10x_adc.c...
compiling misc.c...
compiling stm32f10x_i2c.c...
compiling core_cm3.c...
compiling system_stm32f10x.c...
compiling app.c...
compiling BSP.c...
compiling led.c...
compiling usart1.c...
compiling ledDis.c...
compiling adc.c...
compiling exti.c...
compiling i2c_ee.c...
compiling os_core.c...
compiling os_flag.c...
compiling os_mbox.c...
compiling os_mem.c...
compiling os_mutex.c...
compiling os_q.c...
compiling os_sem.c...
compiling os_task.c...
compiling os_time.c...
compiling os_tmr.c...
assembling os_cpu_a.asm...
compiling os_cpu_c.c...
compiling os_dbg.c...
linking...
Program Size: Code=19370 RO-data=534 RW-data=136 ZI-data=6504  
FromELF: creating hex file...
"..\Output\DEMO.axf" - 0 Error(s), 0 Warning(s).
compiling app.c...
..\APP\app.c(91): error:  #75: operand of "*" must be a pointer
..\APP\app.c(101): warning:  #870-D: invalid multibyte character sequence
..\APP\app.c(101): warning:  #870-D: invalid multibyte character sequence
..\APP\app.c(101): warning:  #870-D: invalid multibyte character sequence
..\APP\app.c(101): warning:  #870-D: invalid multibyte character sequence
..\APP\app.c(101): warning:  #870-D: invalid multibyte character sequence
..\APP\app.c(101): warning:  #870-D: invalid multibyte character sequence
..\APP\app.c(101): warning:  #870-D: invalid multibyte character sequence
..\APP\app.c(101): warning:  #870-D: invalid multibyte character sequence
..\APP\app.c(101): warning:  #870-D: invalid multibyte character sequence
..\APP\app.c(101): warning:  #870-D: invalid multibyte character sequence
..\APP\app.c(111): warning:  #870-D: invalid multibyte character sequence
..\APP\app.c(111): warning:  #870-D: invalid multibyte character sequence
..\APP\app.c(111): warning:  #870-D: invalid multibyte character sequence
..\APP\app.c(111): warning:  #870-D: invalid multibyte character sequence
..\APP\app.c(111): warning:  #870-D: invalid multibyte character sequence
..\APP\app.c(111): warning:  #870-D: invalid multibyte character sequence
..\APP\app.c(111): warning:  #870-D: invalid multibyte character sequence
..\APP\app.c(111): warning:  #870-D: invalid multibyte character sequence
..\APP\app.c(111): warning:  #870-D: invalid multibyte character sequence
..\APP\app.c(111): warning:  #870-D: invalid multibyte character sequence
..\APP\app.c(111): warning:  #870-D: invalid multibyte character sequence
..\APP\app.c(111): warning:  #870-D: invalid multibyte character sequence
..\APP\app.c(111): warning:  #870-D: invalid multibyte character sequence
..\APP\app.c(111): warning:  #870-D: invalid multibyte character sequence
..\APP\app.c(111): warning:  #870-D: invalid multibyte character sequence
..\APP\app.c(111): warning:  #870-D: invalid multibyte character sequence
..\APP\app.c(111): warning:  #870-D: invalid multibyte character sequence
..\APP\app.c(111): warning:  #870-D: invalid multibyte character sequence
..\APP\app.c(111): warning:  #870-D: invalid multibyte character sequence
..\APP\app.c(111): warning:  #870-D: invalid multibyte character sequence
..\APP\app.c(111): warning:  #870-D: invalid multibyte character sequence
..\APP\app.c(111): warning:  #870-D: invalid multibyte character sequence
..\APP\app.c(111): warning:  #870-D: invalid multibyte character sequence
..\APP\app.c(111): warning:  #870-D: invalid multibyte character sequence
..\APP\app.c(111): warning:  #870-D: invalid multibyte character sequence
..\APP\app.c(111): warning:  #870-D: invalid multibyte character sequence
..\APP\app.c(120): warning:  #870-D: invalid multibyte character sequence
..\APP\app.c(120): warning:  #870-D: invalid multibyte character sequence
..\APP\app.c(120): warning:  #870-D: invalid multibyte character sequence
..\APP\app.c(120): warning:  #870-D: invalid multibyte character sequence
..\APP\app.c(120): warning:  #870-D: invalid multibyte character sequence
..\APP\app.c(120): warning:  #870-D: invalid multibyte character sequence
..\APP\app.c(120): warning:  #870-D: invalid multibyte character sequence
..\APP\app.c(120): warning:  #870-D: invalid multibyte character sequence
..\APP\app.c(120): warning:  #870-D: invalid multibyte character sequence
..\APP\app.c(120): warning:  #870-D: invalid multibyte character sequence
..\APP\app.c(120): warning:  #870-D: invalid multibyte character sequence
..\APP\app.c(120): warning:  #870-D: invalid multibyte character sequence
..\APP\app.c - 1 Error(s), 48 Warning(s).
compiling app.c...
..\APP\app.c - 0 Error(s), 0 Warning(s).
compiling app.c...
..\APP\app.c - 0 Error(s), 0 Warning(s).
Build target 'stm32'
assembling startup_stm32f10x_md.s...
compiling main.c...
compiling stm32f10x_it.c...
compiling stm32f10x_gpio.c...
compiling stm32f10x_rcc.c...
compiling stm32f10x_usart.c...
compiling stm32f10x_flash.c...
compiling stm32f10x_dma.c...
compiling stm32f10x_exti.c...
compiling stm32f10x_adc.c...
compiling misc.c...
compiling stm32f10x_i2c.c...
compiling core_cm3.c...
compiling system_stm32f10x.c...
compiling app.c...
compiling BSP.c...
compiling led.c...
compiling usart1.c...
compiling ledDis.c...
compiling adc.c...
compiling exti.c...
compiling i2c_ee.c...
compiling os_core.c...
compiling os_flag.c...
compiling os_mbox.c...
compiling os_mem.c...
compiling os_mutex.c...
compiling os_q.c...
compiling os_sem.c...
compiling os_task.c...
compiling os_time.c...
compiling os_tmr.c...
assembling os_cpu_a.asm...
compiling os_cpu_c.c...
compiling os_dbg.c...
linking...
Program Size: Code=19370 RO-data=534 RW-data=136 ZI-data=6504  
FromELF: creating hex file...
"..\Output\DEMO.axf" - 0 Error(s), 0 Warning(s).
compiling app.c...
..\APP\myConfig.h(61): error:  #77-D: this declaration has no storage class or type specifier
..\APP\myConfig.h(61): error:  #147: declaration is incompatible with "struct carData *car1" (declared at line 59)
..\APP\myConfig.h(61): error:  #65: expected a ";"
..\APP\myConfig.h(61): warning:  #870-D: invalid multibyte character sequence
..\APP\myConfig.h(61): warning:  #870-D: invalid multibyte character sequence
..\APP\myConfig.h(61): warning:  #870-D: invalid multibyte character sequence
..\APP\myConfig.h(61): warning:  #870-D: invalid multibyte character sequence
..\APP\myConfig.h(62): error:  #77-D: this declaration has no storage class or type specifier
..\APP\myConfig.h(62): error:  #65: expected a ";"
..\APP\myConfig.h(63): error:  #77-D: this declaration has no storage class or type specifier
..\APP\myConfig.h(63): error:  #65: expected a ";"
..\APP\myConfig.h(63): warning:  #870-D: invalid multibyte character sequence
..\APP\myConfig.h(63): warning:  #870-D: invalid multibyte character sequence
..\APP\myConfig.h(64): error:  #77-D: this declaration has no storage class or type specifier
..\APP\myConfig.h(64): error:  #65: expected a ";"
..\APP\myConfig.h(65): error:  #77-D: this declaration has no storage class or type specifier
..\APP\myConfig.h(65): error:  #65: expected a ";"
..\APP\app.c(76): warning:  #870-D: invalid multibyte character sequence
..\APP\app.c(76): warning:  #870-D: invalid multibyte character sequence
..\APP\app.c(76): warning:  #870-D: invalid multibyte character sequence
..\APP\app.c(76): warning:  #870-D: invalid multibyte character sequence
..\APP\app.c(76): warning:  #870-D: invalid multibyte character sequence
..\APP\app.c(76): warning:  #870-D: invalid multibyte character sequence
..\APP\app.c(76): warning:  #870-D: invalid multibyte character sequence
..\APP\app.c(76): warning:  #870-D: invalid multibyte character sequence
..\APP\app.c(76): warning:  #870-D: invalid multibyte character sequence
..\APP\app.c(76): warning:  #870-D: invalid multibyte character sequence
..\APP\app.c(81): warning:  #870-D: invalid multibyte character sequence
..\APP\app.c(81): warning:  #870-D: invalid multibyte character sequence
..\APP\app.c(81): warning:  #870-D: invalid multibyte character sequence
..\APP\app.c(81): warning:  #870-D: invalid multibyte character sequence
..\APP\app.c(86): error:  #44: expression must have pointer type
..\APP\app.c(96): warning:  #870-D: invalid multibyte character sequence
..\APP\app.c(96): warning:  #870-D: invalid multibyte character sequence
..\APP\app.c(96): warning:  #870-D: invalid multibyte character sequence
..\APP\app.c(96): warning:  #870-D: invalid multibyte character sequence
..\APP\app.c(96): warning:  #870-D: invalid multibyte character sequence
..\APP\app.c(96): warning:  #870-D: invalid multibyte character sequence
..\APP\app.c(96): warning:  #870-D: invalid multibyte character sequence
..\APP\app.c(96): warning:  #870-D: invalid multibyte character sequence
..\APP\app.c(96): warning:  #870-D: invalid multibyte character sequence
..\APP\app.c(96): warning:  #870-D: invalid multibyte character sequence
..\APP\app.c(106): warning:  #870-D: invalid multibyte character sequence
..\APP\app.c(106): warning:  #870-D: invalid multibyte character sequence
..\APP\app.c(106): warning:  #870-D: invalid multibyte character sequence
..\APP\app.c(106): warning:  #870-D: invalid multibyte character sequence
..\APP\app.c(106): warning:  #870-D: invalid multibyte character sequence
..\APP\app.c(106): warning:  #870-D: invalid multibyte character sequence
..\APP\app.c(106): warning:  #870-D: invalid multibyte character sequence
..\APP\app.c(106): warning:  #870-D: invalid multibyte character sequence
..\APP\app.c(106): warning:  #870-D: invalid multibyte character sequence
..\APP\app.c(106): warning:  #870-D: invalid multibyte character sequence
..\APP\app.c(106): warning:  #870-D: invalid multibyte character sequence
..\APP\app.c(106): warning:  #870-D: invalid multibyte character sequence
..\APP\app.c(106): warning:  #870-D: invalid multibyte character sequence
..\APP\app.c(106): warning:  #870-D: invalid multibyte character sequence
..\APP\app.c(106): warning:  #870-D: invalid multibyte character sequence
..\APP\app.c(106): warning:  #870-D: invalid multibyte character sequence
..\APP\app.c(106): warning:  #870-D: invalid multibyte character sequence
..\APP\app.c(106): warning:  #870-D: invalid multibyte character sequence
..\APP\app.c(106): warning:  #870-D: invalid multibyte character sequence
..\APP\app.c(106): warning:  #870-D: invalid multibyte character sequence
..\APP\app.c(106): warning:  #870-D: invalid multibyte character sequence
..\APP\app.c(106): warning:  #870-D: invalid multibyte character sequence
..\APP\app.c(106): warning:  #870-D: invalid multibyte character sequence
..\APP\app.c(106): warning:  #870-D: invalid multibyte character sequence
..\APP\app.c(106): warning:  #870-D: invalid multibyte character sequence
..\APP\app.c(106): warning:  #870-D: invalid multibyte character sequence
..\APP\app.c(115): warning:  #870-D: invalid multibyte character sequence
..\APP\app.c(115): warning:  #870-D: invalid multibyte character sequence
..\APP\app.c(115): warning:  #870-D: invalid multibyte character sequence
..\APP\app.c(115): warning:  #870-D: invalid multibyte character sequence
..\APP\app.c(115): warning:  #870-D: invalid multibyte character sequence
..\APP\app.c(115): warning:  #870-D: invalid multibyte character sequence
..\APP\app.c(115): warning:  #870-D: invalid multibyte character sequence
..\APP\app.c(115): warning:  #870-D: invalid multibyte character sequence
..\APP\app.c(115): warning:  #870-D: invalid multibyte character sequence
..\APP\app.c(115): warning:  #870-D: invalid multibyte character sequence
..\APP\app.c(115): warning:  #870-D: invalid multibyte character sequence
..\APP\app.c(115): warning:  #870-D: invalid multibyte character sequence
..\APP\app.c - 12 Error(s), 68 Warning(s).
compiling app.c...
..\APP\app.c - 0 Error(s), 0 Warning(s).
Build target 'stm32'
assembling startup_stm32f10x_md.s...
compiling main.c...
compiling stm32f10x_it.c...
compiling stm32f10x_gpio.c...
compiling stm32f10x_rcc.c...
compiling stm32f10x_usart.c...
compiling stm32f10x_flash.c...
compiling stm32f10x_dma.c...
compiling stm32f10x_exti.c...
compiling stm32f10x_adc.c...
compiling misc.c...
compiling stm32f10x_i2c.c...
compiling core_cm3.c...
compiling system_stm32f10x.c...
compiling app.c...
compiling BSP.c...
compiling led.c...
compiling usart1.c...
compiling ledDis.c...
compiling adc.c...
compiling exti.c...
compiling i2c_ee.c...
compiling os_core.c...
compiling os_flag.c...
compiling os_mbox.c...
compiling os_mem.c...
compiling os_mutex.c...
compiling os_q.c...
compiling os_sem.c...
compiling os_task.c...
compiling os_time.c...
compiling os_tmr.c...
assembling os_cpu_a.asm...
compiling os_cpu_c.c...
compiling os_dbg.c...
linking...
Program Size: Code=19370 RO-data=534 RW-data=136 ZI-data=6504  
FromELF: creating hex file...
"..\Output\DEMO.axf" - 0 Error(s), 0 Warning(s).
compiling app.c...
..\APP\app.c(92): error:  #44: expression must have pointer type
..\APP\app.c(102): warning:  #870-D: invalid multibyte character sequence
..\APP\app.c(102): warning:  #870-D: invalid multibyte character sequence
..\APP\app.c(102): warning:  #870-D: invalid multibyte character sequence
..\APP\app.c(102): warning:  #870-D: invalid multibyte character sequence
..\APP\app.c(102): warning:  #870-D: invalid multibyte character sequence
..\APP\app.c(102): warning:  #870-D: invalid multibyte character sequence
..\APP\app.c(102): warning:  #870-D: invalid multibyte character sequence
..\APP\app.c(102): warning:  #870-D: invalid multibyte character sequence
..\APP\app.c(102): warning:  #870-D: invalid multibyte character sequence
..\APP\app.c(102): warning:  #870-D: invalid multibyte character sequence
..\APP\app.c(112): warning:  #870-D: invalid multibyte character sequence
..\APP\app.c(112): warning:  #870-D: invalid multibyte character sequence
..\APP\app.c(112): warning:  #870-D: invalid multibyte character sequence
..\APP\app.c(112): warning:  #870-D: invalid multibyte character sequence
..\APP\app.c(112): warning:  #870-D: invalid multibyte character sequence
..\APP\app.c(112): warning:  #870-D: invalid multibyte character sequence
..\APP\app.c(112): warning:  #870-D: invalid multibyte character sequence
..\APP\app.c(112): warning:  #870-D: invalid multibyte character sequence
..\APP\app.c(112): warning:  #870-D: invalid multibyte character sequence
..\APP\app.c(112): warning:  #870-D: invalid multibyte character sequence
..\APP\app.c(112): warning:  #870-D: invalid multibyte character sequence
..\APP\app.c(112): warning:  #870-D: invalid multibyte character sequence
..\APP\app.c(112): warning:  #870-D: invalid multibyte character sequence
..\APP\app.c(112): warning:  #870-D: invalid multibyte character sequence
..\APP\app.c(112): warning:  #870-D: invalid multibyte character sequence
..\APP\app.c(112): warning:  #870-D: invalid multibyte character sequence
..\APP\app.c(112): warning:  #870-D: invalid multibyte character sequence
..\APP\app.c(112): warning:  #870-D: invalid multibyte character sequence
..\APP\app.c(112): warning:  #870-D: invalid multibyte character sequence
..\APP\app.c(112): warning:  #870-D: invalid multibyte character sequence
..\APP\app.c(112): warning:  #870-D: invalid multibyte character sequence
..\APP\app.c(112): warning:  #870-D: invalid multibyte character sequence
..\APP\app.c(112): warning:  #870-D: invalid multibyte character sequence
..\APP\app.c(112): warning:  #870-D: invalid multibyte character sequence
..\APP\app.c(112): warning:  #870-D: invalid multibyte character sequence
..\APP\app.c(112): warning:  #870-D: invalid multibyte character sequence
..\APP\app.c(121): warning:  #870-D: invalid multibyte character sequence
..\APP\app.c(121): warning:  #870-D: invalid multibyte character sequence
..\APP\app.c(121): warning:  #870-D: invalid multibyte character sequence
..\APP\app.c(121): warning:  #870-D: invalid multibyte character sequence
..\APP\app.c(121): warning:  #870-D: invalid multibyte character sequence
..\APP\app.c(121): warning:  #870-D: invalid multibyte character sequence
..\APP\app.c(121): warning:  #870-D: invalid multibyte character sequence
..\APP\app.c(121): warning:  #870-D: invalid multibyte character sequence
..\APP\app.c(121): warning:  #870-D: invalid multibyte character sequence
..\APP\app.c(121): warning:  #870-D: invalid multibyte character sequence
..\APP\app.c(121): warning:  #870-D: invalid multibyte character sequence
..\APP\app.c(121): warning:  #870-D: invalid multibyte character sequence
..\APP\app.c - 1 Error(s), 48 Warning(s).
compiling app.c...
..\APP\app.c - 0 Error(s), 0 Warning(s).
Build target 'stm32'
assembling startup_stm32f10x_md.s...
compiling main.c...
compiling stm32f10x_it.c...
compiling stm32f10x_gpio.c...
compiling stm32f10x_rcc.c...
compiling stm32f10x_usart.c...
compiling stm32f10x_flash.c...
compiling stm32f10x_dma.c...
compiling stm32f10x_exti.c...
compiling stm32f10x_adc.c...
compiling misc.c...
compiling stm32f10x_i2c.c...
compiling core_cm3.c...
compiling system_stm32f10x.c...
compiling app.c...
compiling BSP.c...
compiling led.c...
compiling usart1.c...
compiling ledDis.c...
compiling adc.c...
compiling exti.c...
compiling i2c_ee.c...
compiling os_core.c...
compiling os_flag.c...
compiling os_mbox.c...
compiling os_mem.c...
compiling os_mutex.c...
compiling os_q.c...
compiling os_sem.c...
compiling os_task.c...
compiling os_time.c...
compiling os_tmr.c...
assembling os_cpu_a.asm...
compiling os_cpu_c.c...
compiling os_dbg.c...
linking...
Program Size: Code=19350 RO-data=534 RW-data=132 ZI-data=6524  
FromELF: creating hex file...
"..\Output\DEMO.axf" - 0 Error(s), 0 Warning(s).
