ARM Linker, RVCT4.0 [Build 524] for uVision [Evaluation]

==============================================================================

Section Cross References

    startup_stm32f10x_md.o(RESET) refers to startup_stm32f10x_md.o(STACK) for __initial_sp
    startup_stm32f10x_md.o(RESET) refers to startup_stm32f10x_md.o(.text) for Reset_Handler
    startup_stm32f10x_md.o(RESET) refers to stm32f10x_it.o(.text) for NMI_Handler
    startup_stm32f10x_md.o(RESET) refers to os_cpu_a.o(.text) for OS_CPU_PendSVHandler
    startup_stm32f10x_md.o(.text) refers to system_stm32f10x.o(.text) for SystemInit
    startup_stm32f10x_md.o(.text) refers to entry.o(.ARM.Collect$$$$00000000) for __main
    main.o(.text) refers to bsp.o(.text) for BSP_Init
    main.o(.text) refers to os_core.o(.text) for OSInit
    main.o(.text) refers to os_task.o(.text) for OSTaskCreate
    main.o(.text) refers to main.o(.bss) for .bss
    main.o(.text) refers to app.o(.text) for Task_START
    stm32f10x_it.o(.text) refers to os_core.o(.text) for OSIntEnter
    stm32f10x_it.o(.text) refers to stm32f10x_exti.o(.text) for EXTI_GetITStatus
    stm32f10x_it.o(.text) refers to os_sem.o(.text) for OSSemPost
    stm32f10x_it.o(.text) refers to stm32f10x_usart.o(.text) for USART_GetITStatus
    stm32f10x_it.o(.text) refers to main.o(.data) for key_SEM
    stm32f10x_it.o(.text) refers to app.o(.data) for RxCounter1
    stm32f10x_it.o(.text) refers to app.o(.bss) for RxBuffer1
    stm32f10x_gpio.o(.text) refers to stm32f10x_rcc.o(.text) for RCC_APB2PeriphResetCmd
    stm32f10x_rcc.o(.text) refers to stm32f10x_rcc.o(.data) for .data
    stm32f10x_usart.o(.text) refers to stm32f10x_rcc.o(.text) for RCC_APB2PeriphResetCmd
    stm32f10x_adc.o(.text) refers to stm32f10x_rcc.o(.text) for RCC_APB2PeriphResetCmd
    stm32f10x_i2c.o(.text) refers to stm32f10x_rcc.o(.text) for RCC_APB1PeriphResetCmd
    system_stm32f10x.o(.text) refers to system_stm32f10x.o(.data) for SystemCoreClock
    app.o(.text) refers to os_sem.o(.text) for OSSemPend
    app.o(.text) refers to verify.o(.text) for CRC16
    app.o(.text) refers to i2c_ee.o(.text) for I2C_EE_BufferRead
    app.o(.text) refers to data.o(.text) for replyA8
    app.o(.text) refers to os_time.o(.text) for OSTimeDlyHMSM
    app.o(.text) refers to ffltui.o(.text) for __aeabi_ui2f
    app.o(.text) refers to fdiv.o(.text) for __aeabi_fdiv
    app.o(.text) refers to fmul.o(.text) for __aeabi_fmul
    app.o(.text) refers to ffixui.o(.text) for __aeabi_f2uiz
    app.o(.text) refers to os_mbox.o(.text) for OSMboxPost
    app.o(.text) refers to stm32f10x_gpio.o(.text) for GPIO_SetBits
    app.o(.text) refers to leddis.o(.text) for data_shift
    app.o(.text) refers to memcpya.o(.text) for __aeabi_memcpy4
    app.o(.text) refers to os_task.o(.text) for OSTaskCreate
    app.o(.text) refers to main.o(.data) for A8_SEM
    app.o(.text) refers to app.o(.bss) for RxBuffer1
    app.o(.text) refers to verify.o(.data) for crc16L
    app.o(.text) refers to app.o(.data) for Receiver_Control
    app.o(.text) refers to adc.o(.data) for ADC_ConvertedValue
    app.o(.text) refers to app.o(.constdata) for LEDData
    app.o(.text) refers to data.o(.bss) for sendData
    bsp.o(.text) refers to system_stm32f10x.o(.text) for SystemInit
    bsp.o(.text) refers to led.o(.text) for LED_GPIO_config
    bsp.o(.text) refers to usart1.o(.text) for USART1_Inter_Config
    bsp.o(.text) refers to leddis.o(.text) for LEDDIS_GPIO_Configuration
    bsp.o(.text) refers to adc.o(.text) for ADC1_Init
    bsp.o(.text) refers to exti.o(.text) for EXTI_PA0_Config
    bsp.o(.text) refers to i2c_ee.o(.text) for I2C_EE_Init
    bsp.o(.text) refers to system_stm32f10x.o(.data) for SystemCoreClock
    led.o(.text) refers to stm32f10x_rcc.o(.text) for RCC_APB2PeriphClockCmd
    led.o(.text) refers to stm32f10x_gpio.o(.text) for GPIO_Init
    usart1.o(.text) refers to misc.o(.text) for NVIC_PriorityGroupConfig
    usart1.o(.text) refers to stm32f10x_rcc.o(.text) for RCC_APB2PeriphClockCmd
    usart1.o(.text) refers to stm32f10x_gpio.o(.text) for GPIO_Init
    usart1.o(.text) refers to stm32f10x_usart.o(.text) for USART_Init
    leddis.o(.text) refers to stm32f10x_rcc.o(.text) for RCC_APB2PeriphClockCmd
    leddis.o(.text) refers to stm32f10x_gpio.o(.text) for GPIO_Init
    adc.o(.text) refers to stm32f10x_rcc.o(.text) for RCC_AHBPeriphClockCmd
    adc.o(.text) refers to stm32f10x_gpio.o(.text) for GPIO_Init
    adc.o(.text) refers to stm32f10x_dma.o(.text) for DMA_DeInit
    adc.o(.text) refers to stm32f10x_adc.o(.text) for ADC_Init
    adc.o(.text) refers to adc.o(.data) for ADC_ConvertedValue
    exti.o(.text) refers to misc.o(.text) for NVIC_PriorityGroupConfig
    exti.o(.text) refers to stm32f10x_rcc.o(.text) for RCC_APB2PeriphClockCmd
    exti.o(.text) refers to stm32f10x_gpio.o(.text) for GPIO_Init
    exti.o(.text) refers to stm32f10x_exti.o(.text) for EXTI_Init
    i2c_ee.o(.text) refers to stm32f10x_rcc.o(.text) for RCC_APB2PeriphClockCmd
[...]
    os_time.o(.text) refers to os_core.o(.text) for OS_Sched
    os_time.o(.text) refers to os_core.o(.data) for OSIntNesting
    os_time.o(.text) refers to os_core.o(.bss) for OSTCBPrioTbl
    os_cpu_a.o(.text) refers to os_core.o(.data) for OSRunning
    os_cpu_a.o(.text) refers to os_cpu_c.o(.text) for OSTaskSwHook
    entry.o(.ARM.Collect$$$$00000000) refers (Special) to entry7.o(.ARM.Collect$$$$00000007) for _main_init
    entry.o(.ARM.Collect$$$$00000000) refers (Special) to entry5.o(.ARM.Collect$$$$00000004) for _main_scatterload
    entry.o(.ARM.Collect$$$$00000000) refers (Special) to entry2.o(.ARM.Collect$$$$00000001) for _main_stk
    printfb.o(i.__0fprintf$bare) refers to printfb.o(i._printf_core) for _printf_core
    printfb.o(i.__0fprintf$bare) refers to usart1.o(.text) for fputc
    printfb.o(i.__0printf$bare) refers to printfb.o(i._printf_core) for _printf_core
    printfb.o(i.__0printf$bare) refers to usart1.o(.text) for fputc
    printfb.o(i.__0printf$bare) refers to stdout.o(.data) for __stdout
    printfb.o(i.__0snprintf$bare) refers to printfb.o(i._printf_core) for _printf_core
    printfb.o(i.__0snprintf$bare) refers to printfb.o(i._snputc) for _snputc
    printfb.o(i.__0sprintf$bare) refers to printfb.o(i._printf_core) for _printf_core
    printfb.o(i.__0sprintf$bare) refers to printfb.o(i._sputc) for _sputc
    printfb.o(i.__0vfprintf$bare) refers to printfb.o(i._printf_core) for _printf_core
    printfb.o(i.__0vfprintf$bare) refers to usart1.o(.text) for fputc
    printfb.o(i.__0vprintf$bare) refers to printfb.o(i._printf_core) for _printf_core
    printfb.o(i.__0vprintf$bare) refers to usart1.o(.text) for fputc
    printfb.o(i.__0vprintf$bare) refers to stdout.o(.data) for __stdout
    printfb.o(i.__0vsnprintf$bare) refers to printfb.o(i._printf_core) for _printf_core
    printfb.o(i.__0vsnprintf$bare) refers to printfb.o(i._snputc) for _snputc
    printfb.o(i.__0vsprintf$bare) refers to printfb.o(i._printf_core) for _printf_core
    printfb.o(i.__0vsprintf$bare) refers to printfb.o(i._sputc) for _sputc
    printf0.o(i.__0fprintf$0) refers to printf0.o(i._printf_core) for _printf_core
    printf0.o(i.__0fprintf$0) refers to usart1.o(.text) for fputc
    printf0.o(i.__0printf$0) refers to printf0.o(i._printf_core) for _printf_core
    printf0.o(i.__0printf$0) refers to usart1.o(.text) for fputc
    printf0.o(i.__0printf$0) refers to stdout.o(.data) for __stdout
    printf0.o(i.__0snprintf$0) refers to printf0.o(i._printf_core) for _printf_core
    printf0.o(i.__0snprintf$0) refers to printf0.o(i._snputc) for _snputc
    printf0.o(i.__0sprintf$0) refers to printf0.o(i._printf_core) for _printf_core
    printf0.o(i.__0sprintf$0) refers to printf0.o(i._sputc) for _sputc
    printf0.o(i.__0vfprintf$0) refers to printf0.o(i._printf_core) for _printf_core
    printf0.o(i.__0vfprintf$0) refers to usart1.o(.text) for fputc
    printf0.o(i.__0vprintf$0) refers to printf0.o(i._printf_core) for _printf_core
    printf0.o(i.__0vprintf$0) refers to usart1.o(.text) for fputc
    printf0.o(i.__0vprintf$0) refers to stdout.o(.data) for __stdout
    printf0.o(i.__0vsnprintf$0) refers to printf0.o(i._printf_core) for _printf_core
    printf0.o(i.__0vsnprintf$0) refers to printf0.o(i._snputc) for _snputc
    printf0.o(i.__0vsprintf$0) refers to printf0.o(i._printf_core) for _printf_core
    printf0.o(i.__0vsprintf$0) refers to printf0.o(i._sputc) for _sputc
    printf1.o(i.__0fprintf$1) refers to printf1.o(i._printf_core) for _printf_core
    printf1.o(i.__0fprintf$1) refers to usart1.o(.text) for fputc
    printf1.o(i.__0printf$1) refers to printf1.o(i._printf_core) for _printf_core
    printf1.o(i.__0printf$1) refers to usart1.o(.text) for fputc
    printf1.o(i.__0printf$1) refers to stdout.o(.data) for __stdout
    printf1.o(i.__0snprintf$1) refers to printf1.o(i._printf_core) for _printf_core
    printf1.o(i.__0snprintf$1) refers to printf1.o(i._snputc) for _snputc
    printf1.o(i.__0sprintf$1) refers to printf1.o(i._printf_core) for _printf_core
    printf1.o(i.__0sprintf$1) refers to printf1.o(i._sputc) for _sputc
    printf1.o(i.__0vfprintf$1) refers to printf1.o(i._printf_core) for _printf_core
    printf1.o(i.__0vfprintf$1) refers to usart1.o(.text) for fputc
    printf1.o(i.__0vprintf$1) refers to printf1.o(i._printf_core) for _printf_core
    printf1.o(i.__0vprintf$1) refers to usart1.o(.text) for fputc
    printf1.o(i.__0vprintf$1) refers to stdout.o(.data) for __stdout
    printf1.o(i.__0vsnprintf$1) refers to printf1.o(i._printf_core) for _printf_core
    printf1.o(i.__0vsnprintf$1) refers to printf1.o(i._snputc) for _snputc
    printf1.o(i.__0vsprintf$1) refers to printf1.o(i._printf_core) for _printf_core
    printf1.o(i.__0vsprintf$1) refers to printf1.o(i._sputc) for _sputc
    printf1.o(i._printf_core) refers to uidiv.o(.text) for __aeabi_uidivmod
    printf2.o(i.__0fprintf$2) refers to printf2.o(i._printf_core) for _printf_core
    printf2.o(i.__0fprintf$2) refers to usart1.o(.text) for fputc
    printf2.o(i.__0printf$2) refers to printf2.o(i._printf_core) for _printf_core
    printf2.o(i.__0printf$2) refers to usart1.o(.text) for fputc
    printf2.o(i.__0printf$2) refers to stdout.o(.data) for __stdout
    printf2.o(i.__0snprintf$2) refers to printf2.o(i._printf_core) for _printf_core
    printf2.o(i.__0snprintf$2) refers to printf2.o(i._snputc) for _snputc
    printf2.o(i.__0sprintf$2) refers to printf2.o(i._printf_core) for _printf_core
    printf2.o(i.__0sprintf$2) refers to printf2.o(i._sputc) for _sputc
    printf2.o(i.__0vfprintf$2) refers to printf2.o(i._printf_core) for _printf_core
    printf2.o(i.__0vfprintf$2) refers to usart1.o(.text) for fputc
    printf2.o(i.__0vprintf$2) refers to printf2.o(i._printf_core) for _printf_core
    printf2.o(i.__0vprintf$2) refers to usart1.o(.text) for fputc
    printf2.o(i.__0vprintf$2) refers to stdout.o(.data) for __stdout
    printf2.o(i.__0vsnprintf$2) refers to printf2.o(i._printf_core) for _printf_core
    printf2.o(i.__0vsnprintf$2) refers to printf2.o(i._snputc) for _snputc
    printf2.o(i.__0vsprintf$2) refers to printf2.o(i._printf_core) for _printf_core
    printf2.o(i.__0vsprintf$2) refers to printf2.o(i._sputc) for _sputc
    printf3.o(i.__0fprintf$3) refers to printf3.o(i._printf_core) for _printf_core
    printf3.o(i.__0fprintf$3) refers to usart1.o(.text) for fputc
    printf3.o(i.__0printf$3) refers to printf3.o(i._printf_core) for _printf_core
    printf3.o(i.__0printf$3) refers to usart1.o(.text) for fputc
    printf3.o(i.__0printf$3) refers to stdout.o(.data) for __stdout
    printf3.o(i.__0snprintf$3) refers to printf3.o(i._printf_core) for _printf_core
    printf3.o(i.__0snprintf$3) refers to printf3.o(i._snputc) for _snputc
    printf3.o(i.__0sprintf$3) refers to printf3.o(i._printf_core) for _printf_core
    printf3.o(i.__0sprintf$3) refers to printf3.o(i._sputc) for _sputc
    printf3.o(i.__0vfprintf$3) refers to printf3.o(i._printf_core) for _printf_core
    printf3.o(i.__0vfprintf$3) refers to usart1.o(.text) for fputc
    printf3.o(i.__0vprintf$3) refers to printf3.o(i._printf_core) for _printf_core
    printf3.o(i.__0vprintf$3) refers to usart1.o(.text) for fputc
    printf3.o(i.__0vprintf$3) refers to stdout.o(.data) for __stdout
    printf3.o(i.__0vsnprintf$3) refers to printf3.o(i._printf_core) for _printf_core
    printf3.o(i.__0vsnprintf$3) refers to printf3.o(i._snputc) for _snputc
    printf3.o(i.__0vsprintf$3) refers to printf3.o(i._printf_core) for _printf_core
    printf3.o(i.__0vsprintf$3) refers to printf3.o(i._sputc) for _sputc
    printf3.o(i._printf_core) refers to uidiv.o(.text) for __aeabi_uidivmod
    printf4.o(i.__0fprintf$4) refers to printf4.o(i._printf_core) for _printf_core
    printf4.o(i.__0fprintf$4) refers to usart1.o(.text) for fputc
    printf4.o(i.__0printf$4) refers to printf4.o(i._printf_core) for _printf_core
    printf4.o(i.__0printf$4) refers to usart1.o(.text) for fputc
    printf4.o(i.__0printf$4) refers to stdout.o(.data) for __stdout
    printf4.o(i.__0snprintf$4) refers to printf4.o(i._printf_core) for _printf_core
    printf4.o(i.__0snprintf$4) refers to printf4.o(i._snputc) for _snputc
    printf4.o(i.__0sprintf$4) refers to printf4.o(i._printf_core) for _printf_core
    printf4.o(i.__0sprintf$4) refers to printf4.o(i._sputc) for _sputc
    printf4.o(i.__0vfprintf$4) refers to printf4.o(i._printf_core) for _printf_core
    printf4.o(i.__0vfprintf$4) refers to usart1.o(.text) for fputc
    printf4.o(i.__0vprintf$4) refers to printf4.o(i._printf_core) for _printf_core
    printf4.o(i.__0vprintf$4) refers to usart1.o(.text) for fputc
    printf4.o(i.__0vprintf$4) refers to stdout.o(.data) for __stdout
    printf4.o(i.__0vsnprintf$4) refers to printf4.o(i._printf_core) for _printf_core
    printf4.o(i.__0vsnprintf$4) refers to printf4.o(i._snputc) for _snputc
    printf4.o(i.__0vsprintf$4) refers to printf4.o(i._printf_core) for _printf_core
    printf4.o(i.__0vsprintf$4) refers to printf4.o(i._sputc) for _sputc
    printf4.o(i._printf_core) refers to uldiv.o(.text) for __aeabi_uldivmod
    printf5.o(i.__0fprintf$5) refers to printf5.o(i._printf_core) for _printf_core
    printf5.o(i.__0fprintf$5) refers to usart1.o(.text) for fputc
    printf5.o(i.__0printf$5) refers to printf5.o(i._printf_core) for _printf_core
    printf5.o(i.__0printf$5) refers to usart1.o(.text) for fputc
    printf5.o(i.__0printf$5) refers to stdout.o(.data) for __stdout
    printf5.o(i.__0snprintf$5) refers to printf5.o(i._printf_core) for _printf_core
    printf5.o(i.__0snprintf$5) refers to printf5.o(i._snputc) for _snputc
    printf5.o(i.__0sprintf$5) refers to printf5.o(i._printf_core) for _printf_core
    printf5.o(i.__0sprintf$5) refers to printf5.o(i._sputc) for _sputc
    printf5.o(i.__0vfprintf$5) refers to printf5.o(i._printf_core) for _printf_core
    printf5.o(i.__0vfprintf$5) refers to usart1.o(.text) for fputc
    printf5.o(i.__0vprintf$5) refers to printf5.o(i._printf_core) for _printf_core
    printf5.o(i.__0vprintf$5) refers to usart1.o(.text) for fputc
    printf5.o(i.__0vprintf$5) refers to stdout.o(.data) for __stdout
    printf5.o(i.__0vsnprintf$5) refers to printf5.o(i._printf_core) for _printf_core
    printf5.o(i.__0vsnprintf$5) refers to printf5.o(i._snputc) for _snputc
    printf5.o(i.__0vsprintf$5) refers to printf5.o(i._printf_core) for _printf_core
    printf5.o(i.__0vsprintf$5) refers to printf5.o(i._sputc) for _sputc
    printf5.o(i._printf_core) refers to uldiv.o(.text) for __aeabi_uldivmod
    printf6.o(i.__0fprintf$6) refers to printf6.o(i._printf_core) for _printf_core
    printf6.o(i.__0fprintf$6) refers to usart1.o(.text) for fputc
    printf6.o(i.__0printf$6) refers to printf6.o(i._printf_core) for _printf_core
    printf6.o(i.__0printf$6) refers to usart1.o(.text) for fputc
    printf6.o(i.__0printf$6) refers to stdout.o(.data) for __stdout
    printf6.o(i.__0snprintf$6) refers to printf6.o(i._printf_core) for _printf_core
    printf6.o(i.__0snprintf$6) refers to printf6.o(i._snputc) for _snputc
    printf6.o(i.__0sprintf$6) refers to printf6.o(i._printf_core) for _printf_core
    printf6.o(i.__0sprintf$6) refers to printf6.o(i._sputc) for _sputc
    printf6.o(i.__0vfprintf$6) refers to printf6.o(i._printf_core) for _printf_core
    printf6.o(i.__0vfprintf$6) refers to usart1.o(.text) for fputc
    printf6.o(i.__0vprintf$6) refers to printf6.o(i._printf_core) for _printf_core
    printf6.o(i.__0vprintf$6) refers to usart1.o(.text) for fputc
    printf6.o(i.__0vprintf$6) refers to stdout.o(.data) for __stdout
    printf6.o(i.__0vsnprintf$6) refers to printf6.o(i._printf_core) for _printf_core
    printf6.o(i.__0vsnprintf$6) refers to printf6.o(i._snputc) for _snputc
    printf6.o(i.__0vsprintf$6) refers to printf6.o(i._printf_core) for _printf_core
    printf6.o(i.__0vsprintf$6) refers to printf6.o(i._sputc) for _sputc
    printf6.o(i._printf_core) refers to printf6.o(i._printf_pre_padding) for _printf_pre_padding
    printf6.o(i._printf_core) refers to uidiv.o(.text) for __aeabi_uidivmod
    printf6.o(i._printf_core) refers to printf6.o(i._printf_post_padding) for _printf_post_padding
    printf7.o(i.__0fprintf$7) refers to printf7.o(i._printf_core) for _printf_core
    printf7.o(i.__0fprintf$7) refers to usart1.o(.text) for fputc
    printf7.o(i.__0printf$7) refers to printf7.o(i._printf_core) for _printf_core
    printf7.o(i.__0printf$7) refers to usart1.o(.text) for fputc
    printf7.o(i.__0printf$7) refers to stdout.o(.data) for __stdout
    printf7.o(i.__0snprintf$7) refers to printf7.o(i._printf_core) for _printf_core
    printf7.o(i.__0snprintf$7) refers to printf7.o(i._snputc) for _snputc
    printf7.o(i.__0sprintf$7) refers to printf7.o(i._printf_core) for _printf_core
    printf7.o(i.__0sprintf$7) refers to printf7.o(i._sputc) for _sputc
    printf7.o(i.__0vfprintf$7) refers to printf7.o(i._printf_core) for _printf_core
    printf7.o(i.__0vfprintf$7) refers to usart1.o(.text) for fputc
    printf7.o(i.__0vprintf$7) refers to printf7.o(i._printf_core) for _printf_core
    printf7.o(i.__0vprintf$7) refers to usart1.o(.text) for fputc
    printf7.o(i.__0vprintf$7) refers to stdout.o(.data) for __stdout
    printf7.o(i.__0vsnprintf$7) refers to printf7.o(i._printf_core) for _printf_core
    printf7.o(i.__0vsnprintf$7) refers to printf7.o(i._snputc) for _snputc
    printf7.o(i.__0vsprintf$7) refers to printf7.o(i._printf_core) for _printf_core
    printf7.o(i.__0vsprintf$7) refers to printf7.o(i._sputc) for _sputc
    printf7.o(i._printf_core) refers to printf7.o(i._printf_pre_padding) for _printf_pre_padding
    printf7.o(i._printf_core) refers to uldiv.o(.text) for __aeabi_uldivmod
    printf7.o(i._printf_core) refers to printf7.o(i._printf_post_padding) for _printf_post_padding
    printf8.o(i.__0fprintf$8) refers to printf8.o(i._printf_core) for _printf_core
    printf8.o(i.__0fprintf$8) refers to usart1.o(.text) for fputc
    printf8.o(i.__0printf$8) refers to printf8.o(i._printf_core) for _printf_core
    printf8.o(i.__0printf$8) refers to usart1.o(.text) for fputc
    printf8.o(i.__0printf$8) refers to stdout.o(.data) for __stdout
    printf8.o(i.__0snprintf$8) refers to printf8.o(i._printf_core) for _printf_core
    printf8.o(i.__0snprintf$8) refers to printf8.o(i._snputc) for _snputc
    printf8.o(i.__0sprintf$8) refers to printf8.o(i._printf_core) for _printf_core
    printf8.o(i.__0sprintf$8) refers to printf8.o(i._sputc) for _sputc
    printf8.o(i.__0vfprintf$8) refers to printf8.o(i._printf_core) for _printf_core
    printf8.o(i.__0vfprintf$8) refers to usart1.o(.text) for fputc
    printf8.o(i.__0vprintf$8) refers to printf8.o(i._printf_core) for _printf_core
    printf8.o(i.__0vprintf$8) refers to usart1.o(.text) for fputc
    printf8.o(i.__0vprintf$8) refers to stdout.o(.data) for __stdout
    printf8.o(i.__0vsnprintf$8) refers to printf8.o(i._printf_core) for _printf_core
    printf8.o(i.__0vsnprintf$8) refers to printf8.o(i._snputc) for _snputc
    printf8.o(i.__0vsprintf$8) refers to printf8.o(i._printf_core) for _printf_core
    printf8.o(i.__0vsprintf$8) refers to printf8.o(i._sputc) for _sputc
    printf8.o(i._printf_core) refers to printf8.o(i._printf_pre_padding) for _printf_pre_padding
    printf8.o(i._printf_core) refers to uldiv.o(.text) for __aeabi_uldivmod
    printf8.o(i._printf_core) refers to printf8.o(i._printf_post_padding) for _printf_post_padding
    printfa.o(i.__0fprintf) refers (Special) to iusefp.o(.text) for __I$use$fp
    printfa.o(i.__0fprintf) refers to printfa.o(i._printf_core) for _printf_core
    printfa.o(i.__0fprintf) refers to usart1.o(.text) for fputc
    printfa.o(i.__0printf) refers (Special) to iusefp.o(.text) for __I$use$fp
    printfa.o(i.__0printf) refers to printfa.o(i._printf_core) for _printf_core
    printfa.o(i.__0printf) refers to usart1.o(.text) for fputc
    printfa.o(i.__0printf) refers to stdout.o(.data) for __stdout
    printfa.o(i.__0snprintf) refers (Special) to iusefp.o(.text) for __I$use$fp
    printfa.o(i.__0snprintf) refers to printfa.o(i._printf_core) for _printf_core
    printfa.o(i.__0snprintf) refers to printfa.o(i._snputc) for _snputc
    printfa.o(i.__0sprintf) refers (Special) to iusefp.o(.text) for __I$use$fp
    printfa.o(i.__0sprintf) refers to printfa.o(i._printf_core) for _printf_core
    printfa.o(i.__0sprintf) refers to printfa.o(i._sputc) for _sputc
    printfa.o(i.__0vfprintf) refers (Special) to iusefp.o(.text) for __I$use$fp
    printfa.o(i.__0vfprintf) refers to printfa.o(i._printf_core) for _printf_core
    printfa.o(i.__0vfprintf) refers to usart1.o(.text) for fputc
    printfa.o(i.__0vprintf) refers (Special) to iusefp.o(.text) for __I$use$fp
    printfa.o(i.__0vprintf) refers to printfa.o(i._printf_core) for _printf_core
    printfa.o(i.__0vprintf) refers to usart1.o(.text) for fputc
    printfa.o(i.__0vprintf) refers to stdout.o(.data) for __stdout
    printfa.o(i.__0vsnprintf) refers (Special) to iusefp.o(.text) for __I$use$fp
    printfa.o(i.__0vsnprintf) refers to printfa.o(i._printf_core) for _printf_core
    printfa.o(i.__0vsnprintf) refers to printfa.o(i._snputc) for _snputc
    printfa.o(i.__0vsprintf) refers (Special) to iusefp.o(.text) for __I$use$fp
    printfa.o(i.__0vsprintf) refers to printfa.o(i._printf_core) for _printf_core
    printfa.o(i.__0vsprintf) refers to printfa.o(i._sputc) for _sputc
    printfa.o(i._fp_digits) refers (Special) to iusefp.o(.text) for __I$use$fp
    printfa.o(i._fp_digits) refers to dmul.o(.text) for __aeabi_dmul
    printfa.o(i._fp_digits) refers to ddiv.o(.text) for __aeabi_ddiv
    printfa.o(i._fp_digits) refers to cdrcmple.o(.text) for __aeabi_cdrcmple
    printfa.o(i._fp_digits) refers to dadd.o(.text) for __aeabi_dadd
    printfa.o(i._fp_digits) refers to dfixul.o(.text) for __aeabi_d2ulz
    printfa.o(i._fp_digits) refers to uldiv.o(.text) for __aeabi_uldivmod
    printfa.o(i._printf_core) refers (Special) to iusefp.o(.text) for __I$use$fp
    printfa.o(i._printf_core) refers to printfa.o(i._printf_pre_padding) for _printf_pre_padding
    printfa.o(i._printf_core) refers to uldiv.o(.text) for __aeabi_uldivmod
    printfa.o(i._printf_core) refers to printfa.o(i._printf_post_padding) for _printf_post_padding
    printfa.o(i._printf_core) refers to printfa.o(i._fp_digits) for _fp_digits
    printfa.o(i._printf_core) refers to uidiv.o(.text) for __aeabi_uidivmod
    printfa.o(i._printf_post_padding) refers (Special) to iusefp.o(.text) for __I$use$fp
    printfa.o(i._printf_pre_padding) refers (Special) to iusefp.o(.text) for __I$use$fp
    printfa.o(i._snputc) refers (Special) to iusefp.o(.text) for __I$use$fp
    printfa.o(i._sputc) refers (Special) to iusefp.o(.text) for __I$use$fp
    fmul.o(.text) refers (Special) to iusefp.o(.text) for __I$use$fp
    fdiv.o(.text) refers (Special) to iusefp.o(.text) for __I$use$fp
    fdiv.o(.text) refers to fepilogue.o(.text) for _float_epilogue
    ffltui.o(.text) refers (Special) to iusefp.o(.text) for __I$use$fp
    ffltui.o(.text) refers to fepilogue.o(.text) for _float_epilogue
    ffixui.o(.text) refers (Special) to iusefp.o(.text) for __I$use$fp
    entry2.o(.ARM.Collect$$$$00000001) refers to entry2.o(.ARM.Collect$$$$00002712) for __lit__00000000
    entry2.o(.ARM.Collect$$$$00002712) refers to startup_stm32f10x_md.o(STACK) for __initial_sp
    entry2.o(__vectab_stack_and_reset_area) refers to startup_stm32f10x_md.o(STACK) for __initial_sp
    entry2.o(__vectab_stack_and_reset_area) refers to entry.o(.ARM.Collect$$$$00000000) for __main
    entry5.o(.ARM.Collect$$$$00000004) refers to init.o(.text) for __scatterload
    entry7.o(.ARM.Collect$$$$00000007) refers to main.o(.text) for main
    uldiv.o(.text) refers to llushr.o(.text) for __aeabi_llsr
    uldiv.o(.text) refers to llshl.o(.text) for __aeabi_llsl
    dadd.o(.text) refers to llushr.o(.text) for __aeabi_llsr
    dadd.o(.text) refers to llshl.o(.text) for __aeabi_llsl
    dadd.o(.text) refers to depilogue.o(.text) for _double_epilogue
    dmul.o(.text) refers to depilogue.o(.text) for _double_epilogue
    ddiv.o(.text) refers to depilogue.o(.text) for _double_epilogue
    dfixul.o(.text) refers to llushr.o(.text) for __aeabi_llsr
    dfixul.o(.text) refers to llshl.o(.text) for __aeabi_llsl
    init.o(.text) refers to entry5.o(.ARM.Collect$$$$00000004) for __main_after_scatterload


==============================================================================

Removing Unused input sections from the image.

    Removing startup_stm32f10x_md.o(HEAP), (512 bytes).
    Removing stm32f10x_flash.o(.text), (1484 bytes).
    Removing core_cm3.o(.emb_text), (32 bytes).
    Removing os_dbg.o(.constdata), (2 bytes).
    Removing dadd.o(.text), (414 bytes).
    Removing dmul.o(.text), (232 bytes).
    Removing ddiv.o(.text), (248 bytes).
    Removing dfixul.o(.text), (50 bytes).
    Removing cdrcmple.o(.text), (76 bytes).
    Removing depilogue.o(.text), (200 bytes).

10 unused section(s) (total 3250 bytes) removed from the image.

==============================================================================

Image Symbol Table

    Local Symbols

    Symbol Name                              Value     Ov Type        Size  Object(Section)

    ../../../cmprslib/zerorunl2.c            0x00000000   Number         0  __dczerorl2.o ABSOLUTE
    ../../microlib/division.c                0x00000000   Number         0  uldiv.o ABSOLUTE
    ../../microlib/division.c                0x00000000   Number         0  uidiv.o ABSOLUTE
    ../../microlib/fpadd.c                   0x00000000   Number         0  dadd.o ABSOLUTE
    ../../microlib/fpdiv.c                   0x00000000   Number         0  fdiv.o ABSOLUTE
    ../../microlib/fpdiv.c                   0x00000000   Number         0  ddiv.o ABSOLUTE
    ../../microlib/fpepilogue.c              0x00000000   Number         0  fepilogue.o ABSOLUTE
    ../../microlib/fpepilogue.c              0x00000000   Number         0  depilogue.o ABSOLUTE
    ../../microlib/fpfix.c                   0x00000000   Number         0  ffixui.o ABSOLUTE
    ../../microlib/fpfix.c                   0x00000000   Number         0  dfixul.o ABSOLUTE
    ../../microlib/fpflt.c                   0x00000000   Number         0  ffltui.o ABSOLUTE
    ../../microlib/fpmul.c                   0x00000000   Number         0  fmul.o ABSOLUTE
    ../../microlib/fpmul.c                   0x00000000   Number         0  dmul.o ABSOLUTE
    ../../microlib/init/entry.s              0x00000000   Number         0  entry.o ABSOLUTE
    ../../microlib/init/entry.s              0x00000000   Number         0  entry7.o ABSOLUTE
    ../../microlib/init/entry.s              0x00000000   Number         0  entry5.o ABSOLUTE
    ../../microlib/init/entry.s              0x00000000   Number         0  entry2.o ABSOLUTE
    ../../microlib/longlong.c                0x00000000   Number         0  llushr.o ABSOLUTE
    ../../microlib/longlong.c                0x00000000   Number         0  llshl.o ABSOLUTE
    ../../microlib/printf/printf.c           0x00000000   Number         0  printfb.o ABSOLUTE
    ../../microlib/printf/printf.c           0x00000000   Number         0  printf0.o ABSOLUTE
    ../../microlib/printf/printf.c           0x00000000   Number         0  printf1.o ABSOLUTE
    ../../microlib/printf/printf.c           0x00000000   Number         0  printf2.o ABSOLUTE
    ../../microlib/printf/printf.c           0x00000000   Number         0  printf3.o ABSOLUTE
    ../../microlib/printf/printf.c           0x00000000   Number         0  printf4.o ABSOLUTE
    ../../microlib/printf/printf.c           0x00000000   Number         0  printfa.o ABSOLUTE
    ../../microlib/printf/printf.c           0x00000000   Number         0  printf8.o ABSOLUTE
    ../../microlib/printf/printf.c           0x00000000   Number         0  printf7.o ABSOLUTE
    ../../microlib/printf/printf.c           0x00000000   Number         0  printf6.o ABSOLUTE
    ../../microlib/printf/printf.c           0x00000000   Number         0  printf5.o ABSOLUTE
    ../../microlib/printf/stubs.s            0x00000000   Number         0  stubs.o ABSOLUTE
    ../../microlib/stdio/streams.c           0x00000000   Number         0  stdout.o ABSOLUTE
    ../../microlib/string/memcpy.c           0x00000000   Number         0  memcpya.o ABSOLUTE
    ../../microlib/string/memcpy.c           0x00000000   Number         0  memcpyb.o ABSOLUTE
    ../../microlib/stubs.s                   0x00000000   Number         0  iusefp.o ABSOLUTE
    ..\APP\app.c                             0x00000000   Number         0  app.o ABSOLUTE
    ..\BSP\BSP.c                             0x00000000   Number         0  bsp.o ABSOLUTE
    ..\BSP\adc.c                             0x00000000   Number         0  adc.o ABSOLUTE
    ..\BSP\data.c                            0x00000000   Number         0  data.o ABSOLUTE
    ..\BSP\exti.c                            0x00000000   Number         0  exti.o ABSOLUTE
    ..\BSP\i2c_ee.c                          0x00000000   Number         0  i2c_ee.o ABSOLUTE
    ..\BSP\led.c                             0x00000000   Number         0  led.o ABSOLUTE
    ..\BSP\ledDis.c                          0x00000000   Number         0  leddis.o ABSOLUTE
    ..\BSP\usart1.c                          0x00000000   Number         0  usart1.o ABSOLUTE
    ..\BSP\verify.c                          0x00000000   Number         0  verify.o ABSOLUTE
    ..\CMSIS\core_cm3.c                      0x00000000   Number         0  core_cm3.o ABSOLUTE
    ..\CMSIS\startup\startup_stm32f10x_md.s  0x00000000   Number         0  startup_stm32f10x_md.o ABSOLUTE
    ..\CMSIS\system_stm32f10x.c              0x00000000   Number         0  system_stm32f10x.o ABSOLUTE
    ..\FWlib\src\misc.c                      0x00000000   Number         0  misc.o ABSOLUTE
    ..\FWlib\src\stm32f10x_adc.c             0x00000000   Number         0  stm32f10x_adc.o ABSOLUTE
    ..\FWlib\src\stm32f10x_dma.c             0x00000000   Number         0  stm32f10x_dma.o ABSOLUTE
    ..\FWlib\src\stm32f10x_exti.c            0x00000000   Number         0  stm32f10x_exti.o ABSOLUTE
    ..\FWlib\src\stm32f10x_flash.c           0x00000000   Number         0  stm32f10x_flash.o ABSOLUTE
    ..\FWlib\src\stm32f10x_gpio.c            0x00000000   Number         0  stm32f10x_gpio.o ABSOLUTE
    ..\FWlib\src\stm32f10x_i2c.c             0x00000000   Number         0  stm32f10x_i2c.o ABSOLUTE
    ..\FWlib\src\stm32f10x_rcc.c             0x00000000   Number         0  stm32f10x_rcc.o ABSOLUTE
    ..\FWlib\src\stm32f10x_usart.c           0x00000000   Number         0  stm32f10x_usart.o ABSOLUTE
    ..\\CMSIS\\core_cm3.c                    0x00000000   Number         0  core_cm3.o ABSOLUTE
    ..\uCOS-II\Ports\os_cpu_a.asm            0x00000000   Number         0  os_cpu_a.o ABSOLUTE
    ..\uCOS-II\Ports\os_cpu_c.c              0x00000000   Number         0  os_cpu_c.o ABSOLUTE
    ..\uCOS-II\Ports\os_dbg.c                0x00000000   Number         0  os_dbg.o ABSOLUTE
    ..\uCOS-II\Source\os_core.c              0x00000000   Number         0  os_core.o ABSOLUTE
    ..\uCOS-II\Source\os_flag.c              0x00000000   Number         0  os_flag.o ABSOLUTE
    ..\uCOS-II\Source\os_mbox.c              0x00000000   Number         0  os_mbox.o ABSOLUTE
    ..\uCOS-II\Source\os_mem.c               0x00000000   Number         0  os_mem.o ABSOLUTE
    ..\uCOS-II\Source\os_mutex.c             0x00000000   Number         0  os_mutex.o ABSOLUTE
    ..\uCOS-II\Source\os_q.c                 0x00000000   Number         0  os_q.o ABSOLUTE
    ..\uCOS-II\Source\os_sem.c               0x00000000   Number         0  os_sem.o ABSOLUTE
    ..\uCOS-II\Source\os_task.c              0x00000000   Number         0  os_task.o ABSOLUTE
    ..\uCOS-II\Source\os_time.c              0x00000000   Number         0  os_time.o ABSOLUTE
    ..\uCOS-II\Source\os_tmr.c               0x00000000   Number         0  os_tmr.o ABSOLUTE
    cdrcmple.s                               0x00000000   Number         0  cdrcmple.o ABSOLUTE
    dc.s                                     0x00000000   Number         0  dc.o ABSOLUTE
    handlers.s                               0x00000000   Number         0  handlers.o ABSOLUTE
    init.s                                   0x00000000   Number         0  init.o ABSOLUTE
    main.c                                   0x00000000   Number         0  main.o ABSOLUTE
    stm32f10x_it.c                           0x00000000   Number         0  stm32f10x_it.o ABSOLUTE
    RESET                                    0x08000000   Section      236  startup_stm32f10x_md.o(RESET)
    .ARM.Collect$$$$00000000                 0x080000ec   Section        0  entry.o(.ARM.Collect$$$$00000000)
    .ARM.Collect$$$$00000001                 0x080000ec   Section        4  entry2.o(.ARM.Collect$$$$00000001)
    .ARM.Collect$$$$00000004                 0x080000f0   Section        4  entry5.o(.ARM.Collect$$$$00000004)
    .ARM.Collect$$$$00000007                 0x080000f4   Section        8  entry7.o(.ARM.Collect$$$$00000007)
    .ARM.Collect$$$$00002712                 0x080000fc   Section        4  entry2.o(.ARM.Collect$$$$00002712)
    __lit__00000000                          0x080000fc   Data           4  entry2.o(.ARM.Collect$$$$00002712)
    .text                                    0x08000100   Section       36  startup_stm32f10x_md.o(.text)
    .text                                    0x08000124   Section       40  main.o(.text)
    .text                                    0x0800014c   Section      200  stm32f10x_it.o(.text)
    .text                                    0x08000214   Section      840  stm32f10x_gpio.o(.text)
    .text                                    0x0800055c   Section      912  stm32f10x_rcc.o(.text)
    .text                                    0x080008ec   Section     1032  stm32f10x_usart.o(.text)
    .text                                    0x08000cf4   Section      604  stm32f10x_dma.o(.text)
    .text                                    0x08000f50   Section      304  stm32f10x_exti.o(.text)
    .text                                    0x08001080   Section     1070  stm32f10x_adc.o(.text)
    .text                                    0x080014b0   Section      224  misc.o(.text)
    .text                                    0x08001590   Section     1016  stm32f10x_i2c.o(.text)
    .text                                    0x08001988   Section      456  system_stm32f10x.o(.text)
    SetSysClockTo72                          0x08001989   Thumb Code   192  system_stm32f10x.o(.text)
    SetSysClock                              0x08001a49   Thumb Code     8  system_stm32f10x.o(.text)
    .text                                    0x08001b50   Section     1204  app.o(.text)
    .text                                    0x08002004   Section      128  bsp.o(.text)
    .text                                    0x08002084   Section       52  led.o(.text)
    .text                                    0x080020b8   Section      576  usart1.o(.text)
    itoa                                     0x0800218d   Thumb Code    94  usart1.o(.text)
    .text                                    0x080022f8   Section      124  leddis.o(.text)
    .text                                    0x08002374   Section      280  adc.o(.text)
    ADC1_GPIO_Config                         0x08002375   Thumb Code    42  adc.o(.text)
    ADC1_Mode_Config                         0x0800239f   Thumb Code   210  adc.o(.text)
    .text                                    0x0800248c   Section      116  exti.o(.text)
    NVIC_Configuration                       0x0800248d   Thumb Code    40  exti.o(.text)
    .text                                    0x08002500   Section      992  i2c_ee.o(.text)
    I2C_GPIO_Config                          0x08002501   Thumb Code    46  i2c_ee.o(.text)
    I2C_Mode_Configu                         0x0800252f   Thumb Code    58  i2c_ee.o(.text)
    .text                                    0x080028e0   Section      572  data.o(.text)
    .text                                    0x08002b1c   Section      124  verify.o(.text)
    .text                                    0x08002b98   Section     2524  os_core.o(.text)
    OS_InitTaskStat                          0x08002d7b   Thumb Code    56  os_core.o(.text)
    OS_InitTaskIdle                          0x08002dd5   Thumb Code    56  os_core.o(.text)
    OS_InitEventList                         0x08002e1f   Thumb Code    70  os_core.o(.text)
    OS_InitTCBList                           0x08002e65   Thumb Code    86  os_core.o(.text)
    OS_InitRdyList                           0x08002ebb   Thumb Code    46  os_core.o(.text)
    OS_InitMisc                              0x08002ee9   Thumb Code    44  os_core.o(.text)
    OS_SchedNew                              0x08002f55   Thumb Code    26  os_core.o(.text)
    .text                                    0x08003574   Section     1090  os_mbox.o(.text)
    .text                                    0x080039b8   Section     1020  os_sem.o(.text)
    .text                                    0x08003db4   Section     2096  os_task.o(.text)
    .text                                    0x080045e4   Section      488  os_time.o(.text)
    .text                                    0x080047cc   Section      164  os_cpu_a.o(.text)
    .text                                    0x08004870   Section      172  os_cpu_c.o(.text)
    .text                                    0x0800491c   Section       36  memcpya.o(.text)
    .text                                    0x08004940   Section      102  fmul.o(.text)
    .text                                    0x080049a6   Section      108  fdiv.o(.text)
    .text                                    0x08004a12   Section       10  ffltui.o(.text)
    .text                                    0x08004a1c   Section       40  ffixui.o(.text)
    .text                                    0x08004a44   Section        0  iusefp.o(.text)
    .text                                    0x08004a44   Section       92  fepilogue.o(.text)
    .text                                    0x08004aa0   Section       36  init.o(.text)
    .text                                    0x08004ac4   Section       88  __dczerorl2.o(.text)
    i.__0printf$2                            0x08004b1c   Section       32  printf2.o(i.__0printf$2)
    i.__scatterload_copy                     0x08004b3c   Section       14  handlers.o(i.__scatterload_copy)
    i.__scatterload_null                     0x08004b4a   Section        2  handlers.o(i.__scatterload_null)
    i.__scatterload_zeroinit                 0x08004b4c   Section       14  handlers.o(i.__scatterload_zeroinit)
    i._printf_core                           0x08004b5a   Section      202  printf2.o(i._printf_core)
    _printf_core                             0x08004b5b   Thumb Code   202  printf2.o(i._printf_core)
    .constdata                               0x08004c24   Section       10  app.o(.constdata)
    .constdata                               0x08004c2e   Section      256  os_core.o(.constdata)
    .data                                    0x20000000   Section       16  main.o(.data)
    .data                                    0x20000010   Section       20  stm32f10x_rcc.o(.data)
    APBAHBPrescTable                         0x20000010   Data          16  stm32f10x_rcc.o(.data)
    ADCPrescTable                            0x20000020   Data           4  stm32f10x_rcc.o(.data)
    .data                                    0x20000024   Section       20  system_stm32f10x.o(.data)
    .data                                    0x20000038   Section      116  app.o(.data)
    .data                                    0x200000ac   Section        2  adc.o(.data)
    .data                                    0x200000ae   Section        2  i2c_ee.o(.data)
    .data                                    0x200000b0   Section      514  verify.o(.data)
    .data                                    0x200002b4   Section       60  os_core.o(.data)
    .data                                    0x200002f0   Section        4  stdout.o(.data)
    .bss                                     0x200002f4   Section      320  main.o(.bss)
    startup_task_stk                         0x200002f4   Data         320  main.o(.bss)
    .bss                                     0x20000434   Section     2764  app.o(.bss)
    led_task_stk                             0x20000640   Data         320  app.o(.bss)
    usart1_task_stk                          0x20000780   Data         320  app.o(.bss)
    ledDis_task_stk                          0x200008c0   Data         320  app.o(.bss)
    adc1_task_stk                            0x20000a00   Data         320  app.o(.bss)
    exti_task_stk                            0x20000b40   Data         320  app.o(.bss)
    calculate_task_stk                       0x20000c80   Data         320  app.o(.bss)
    A8connect_task_stk                       0x20000dc0   Data         320  app.o(.bss)
    .bss                                     0x20000f00   Section       50  data.o(.bss)
    .bss                                     0x20000f34   Section     2984  os_core.o(.bss)
    STACK                                    0x20001ae0   Section     1024  startup_stm32f10x_md.o(STACK)

    Global Symbols

    Symbol Name                              Value     Ov Type        Size  Object(Section)

    BuildAttributes$$THM_ISAv4$P$D$K$B$S$PE$A:L22UL41UL21$X:L11$S22US41US21$IEEE1$IW$USESV6$~STKCKD$USESV7$~SHL$OSPACE$ROPI$EBA8$MICROLIB$REQ8$PRES8$EABIv2 0x00000000   Number         0  anon$$obj.o ABSOLUTE
    __ARM_use_no_argv                        0x00000000   Number         0  main.o ABSOLUTE
    _printf_a                                0x00000000   Number         0  stubs.o ABSOLUTE
    _printf_c                                0x00000000   Number         0  stubs.o ABSOLUTE
    _printf_charcount                        0x00000000   Number         0  stubs.o ABSOLUTE
    _printf_d                                0x00000000   Number         0  stubs.o ABSOLUTE
    _printf_e                                0x00000000   Number         0  stubs.o ABSOLUTE
    _printf_f                                0x00000000   Number         0  stubs.o ABSOLUTE
    _printf_flags                            0x00000000   Number         0  stubs.o ABSOLUTE
    _printf_fp_dec                           0x00000000   Number         0  stubs.o ABSOLUTE
    _printf_fp_hex                           0x00000000   Number         0  stubs.o ABSOLUTE
    _printf_g                                0x00000000   Number         0  stubs.o ABSOLUTE
    _printf_i                                0x00000000   Number         0  stubs.o ABSOLUTE
    _printf_int_dec                          0x00000000   Number         0  stubs.o ABSOLUTE
    _printf_l                                0x00000000   Number         0  stubs.o ABSOLUTE
    _printf_lc                               0x00000000   Number         0  stubs.o ABSOLUTE
    _printf_ll                               0x00000000   Number         0  stubs.o ABSOLUTE
    _printf_lld                              0x00000000   Number         0  stubs.o ABSOLUTE
    _printf_lli                              0x00000000   Number         0  stubs.o ABSOLUTE
    _printf_llo                              0x00000000   Number         0  stubs.o ABSOLUTE
    _printf_llu                              0x00000000   Number         0  stubs.o ABSOLUTE
    _printf_llx                              0x00000000   Number         0  stubs.o ABSOLUTE
    _printf_longlong_dec                     0x00000000   Number         0  stubs.o ABSOLUTE
    _printf_longlong_hex                     0x00000000   Number         0  stubs.o ABSOLUTE
    _printf_longlong_oct                     0x00000000   Number         0  stubs.o ABSOLUTE
    _printf_ls                               0x00000000   Number         0  stubs.o ABSOLUTE
    _printf_mbtowc                           0x00000000   Number         0  stubs.o ABSOLUTE
    _printf_n                                0x00000000   Number         0  stubs.o ABSOLUTE
    _printf_o                                0x00000000   Number         0  stubs.o ABSOLUTE
    _printf_p                                0x00000000   Number         0  stubs.o ABSOLUTE
    _printf_percent                          0x00000000   Number         0  stubs.o ABSOLUTE
    _printf_pre_padding                      0x00000000   Number         0  stubs.o ABSOLUTE
    _printf_return_value                     0x00000000   Number         0  stubs.o ABSOLUTE
    _printf_s                                0x00000000   Number         0  stubs.o ABSOLUTE
    _printf_sizespec                         0x00000000   Number         0  stubs.o ABSOLUTE
    _printf_str                              0x00000000   Number         0  stubs.o ABSOLUTE
    _printf_truncate_signed                  0x00000000   Number         0  stubs.o ABSOLUTE
    _printf_truncate_unsigned                0x00000000   Number         0  stubs.o ABSOLUTE
    _printf_u                                0x00000000   Number         0  stubs.o ABSOLUTE
    _printf_wc                               0x00000000   Number         0  stubs.o ABSOLUTE
    _printf_wctomb                           0x00000000   Number         0  stubs.o ABSOLUTE
    _printf_widthprec                        0x00000000   Number         0  stubs.o ABSOLUTE
    _printf_x                                0x00000000   Number         0  stubs.o ABSOLUTE
    __Vectors_Size                           0x000000ec   Number         0  startup_stm32f10x_md.o ABSOLUTE
    __Vectors                                0x08000000   Data           4  startup_stm32f10x_md.o(RESET)
    __Vectors_End                            0x080000ec   Data           0  startup_stm32f10x_md.o(RESET)
    __main                                   0x080000ed   Thumb Code     0  entry.o(.ARM.Collect$$$$00000000)
    _main_stk                                0x080000ed   Thumb Code     0  entry2.o(.ARM.Collect$$$$00000001)
    _main_scatterload                        0x080000f1   Thumb Code     0  entry5.o(.ARM.Collect$$$$00000004)
    __main_after_scatterload                 0x080000f5   Thumb Code     0  entry5.o(.ARM.Collect$$$$00000004)
    _main_init                               0x080000f5   Thumb Code     0  entry7.o(.ARM.Collect$$$$00000007)
    Reset_Handler                            0x08000101   Thumb Code     8  startup_stm32f10x_md.o(.text)
    ADC1_2_IRQHandler                        0x0800011b   Thumb Code     0  startup_stm32f10x_md.o(.text)
    CAN1_RX1_IRQHandler                      0x0800011b   Thumb Code     0  startup_stm32f10x_md.o(.text)
    CAN1_SCE_IRQHandler                      0x0800011b   Thumb Code     0  startup_stm32f10x_md.o(.text)
    DMA1_Channel1_IRQHandler                 0x0800011b   Thumb Code     0  startup_stm32f10x_md.o(.text)
    DMA1_Channel2_IRQHandler                 0x0800011b   Thumb Code     0  startup_stm32f10x_md.o(.text)
    DMA1_Channel3_IRQHandler                 0x0800011b   Thumb Code     0  startup_stm32f10x_md.o(.text)
    DMA1_Channel4_IRQHandler                 0x0800011b   Thumb Code     0  startup_stm32f10x_md.o(.text)
    DMA1_Channel5_IRQHandler                 0x0800011b   Thumb Code     0  startup_stm32f10x_md.o(.text)
    DMA1_Channel6_IRQHandler                 0x0800011b   Thumb Code     0  startup_stm32f10x_md.o(.text)
    DMA1_Channel7_IRQHandler                 0x0800011b   Thumb Code     0  startup_stm32f10x_md.o(.text)
    EXTI15_10_IRQHandler                     0x0800011b   Thumb Code     0  startup_stm32f10x_md.o(.text)
    EXTI1_IRQHandler                         0x0800011b   Thumb Code     0  startup_stm32f10x_md.o(.text)
    EXTI2_IRQHandler                         0x0800011b   Thumb Code     0  startup_stm32f10x_md.o(.text)
    EXTI3_IRQHandler                         0x0800011b   Thumb Code     0  startup_stm32f10x_md.o(.text)
    EXTI4_IRQHandler                         0x0800011b   Thumb Code     0  startup_stm32f10x_md.o(.text)
    EXTI9_5_IRQHandler                       0x0800011b   Thumb Code     0  startup_stm32f10x_md.o(.text)
    FLASH_IRQHandler                         0x0800011b   Thumb Code     0  startup_stm32f10x_md.o(.text)
    I2C1_ER_IRQHandler                       0x0800011b   Thumb Code     0  startup_stm32f10x_md.o(.text)
    I2C1_EV_IRQHandler                       0x0800011b   Thumb Code     0  startup_stm32f10x_md.o(.text)
    I2C2_ER_IRQHandler                       0x0800011b   Thumb Code     0  startup_stm32f10x_md.o(.text)
    I2C2_EV_IRQHandler                       0x0800011b   Thumb Code     0  startup_stm32f10x_md.o(.text)
    PVD_IRQHandler                           0x0800011b   Thumb Code     0  startup_stm32f10x_md.o(.text)
    RCC_IRQHandler                           0x0800011b   Thumb Code     0  startup_stm32f10x_md.o(.text)
    RTCAlarm_IRQHandler                      0x0800011b   Thumb Code     0  startup_stm32f10x_md.o(.text)
    RTC_IRQHandler                           0x0800011b   Thumb Code     0  startup_stm32f10x_md.o(.text)
    SPI1_IRQHandler                          0x0800011b   Thumb Code     0  startup_stm32f10x_md.o(.text)
    SPI2_IRQHandler                          0x0800011b   Thumb Code     0  startup_stm32f10x_md.o(.text)
    TAMPER_IRQHandler                        0x0800011b   Thumb Code     0  startup_stm32f10x_md.o(.text)
    TIM1_BRK_IRQHandler                      0x0800011b   Thumb Code     0  startup_stm32f10x_md.o(.text)
    TIM1_CC_IRQHandler                       0x0800011b   Thumb Code     0  startup_stm32f10x_md.o(.text)
    TIM1_TRG_COM_IRQHandler                  0x0800011b   Thumb Code     0  startup_stm32f10x_md.o(.text)
    TIM1_UP_IRQHandler                       0x0800011b   Thumb Code     0  startup_stm32f10x_md.o(.text)
    TIM2_IRQHandler                          0x0800011b   Thumb Code     0  startup_stm32f10x_md.o(.text)
    TIM3_IRQHandler                          0x0800011b   Thumb Code     0  startup_stm32f10x_md.o(.text)
    TIM4_IRQHandler                          0x0800011b   Thumb Code     0  startup_stm32f10x_md.o(.text)
    USART2_IRQHandler                        0x0800011b   Thumb Code     0  startup_stm32f10x_md.o(.text)
    USART3_IRQHandler                        0x0800011b   Thumb Code     0  startup_stm32f10x_md.o(.text)
    USBWakeUp_IRQHandler                     0x0800011b   Thumb Code     0  startup_stm32f10x_md.o(.text)
    USB_HP_CAN1_TX_IRQHandler                0x0800011b   Thumb Code     0  startup_stm32f10x_md.o(.text)
    USB_LP_CAN1_RX0_IRQHandler               0x0800011b   Thumb Code     0  startup_stm32f10x_md.o(.text)
    WWDG_IRQHandler                          0x0800011b   Thumb Code     0  startup_stm32f10x_md.o(.text)
    main                                     0x08000125   Thumb Code    30  main.o(.text)
    NMI_Handler                              0x0800014d   Thumb Code     2  stm32f10x_it.o(.text)
    HardFault_Handler                        0x0800014f   Thumb Code     4  stm32f10x_it.o(.text)
    MemManage_Handler                        0x08000153   Thumb Code     4  stm32f10x_it.o(.text)
    BusFault_Handler                         0x08000157   Thumb Code     4  stm32f10x_it.o(.text)
    UsageFault_Handler                       0x0800015b   Thumb Code     4  stm32f10x_it.o(.text)
    SVC_Handler                              0x0800015f   Thumb Code     2  stm32f10x_it.o(.text)
    DebugMon_Handler                         0x08000161   Thumb Code     2  stm32f10x_it.o(.text)
    PendSV_Handler                           0x08000163   Thumb Code     2  stm32f10x_it.o(.text)
    SysTick_Handler                          0x08000165   Thumb Code    16  stm32f10x_it.o(.text)
    EXTI0_IRQHandler                         0x08000175   Thumb Code    42  stm32f10x_it.o(.text)
    USART1_IRQHandler                        0x0800019f   Thumb Code    94  stm32f10x_it.o(.text)
    GPIO_DeInit                              0x08000215   Thumb Code   172  stm32f10x_gpio.o(.text)
    GPIO_AFIODeInit                          0x080002c1   Thumb Code    20  stm32f10x_gpio.o(.text)
    GPIO_Init                                0x080002d5   Thumb Code   268  stm32f10x_gpio.o(.text)
    GPIO_StructInit                          0x080003e1   Thumb Code    16  stm32f10x_gpio.o(.text)
    GPIO_ReadInputDataBit                    0x080003f1   Thumb Code    18  stm32f10x_gpio.o(.text)
    GPIO_ReadInputData                       0x08000403   Thumb Code     8  stm32f10x_gpio.o(.text)
    GPIO_ReadOutputDataBit                   0x0800040b   Thumb Code    18  stm32f10x_gpio.o(.text)
    GPIO_ReadOutputData                      0x0800041d   Thumb Code     8  stm32f10x_gpio.o(.text)
    GPIO_SetBits                             0x08000425   Thumb Code     4  stm32f10x_gpio.o(.text)
    GPIO_ResetBits                           0x08000429   Thumb Code     4  stm32f10x_gpio.o(.text)
    GPIO_WriteBit                            0x0800042d   Thumb Code    10  stm32f10x_gpio.o(.text)
    GPIO_Write                               0x08000437   Thumb Code     4  stm32f10x_gpio.o(.text)
    GPIO_PinLockConfig                       0x0800043b   Thumb Code    18  stm32f10x_gpio.o(.text)
    GPIO_EventOutputConfig                   0x0800044d   Thumb Code    24  stm32f10x_gpio.o(.text)
    GPIO_EventOutputCmd                      0x08000465   Thumb Code     6  stm32f10x_gpio.o(.text)
    GPIO_PinRemapConfig                      0x0800046b   Thumb Code   136  stm32f10x_gpio.o(.text)
    GPIO_EXTILineConfig                      0x080004f3   Thumb Code    60  stm32f10x_gpio.o(.text)
    GPIO_ETH_MediaInterfaceConfig            0x0800052f   Thumb Code     8  stm32f10x_gpio.o(.text)
    RCC_DeInit                               0x0800055d   Thumb Code    64  stm32f10x_rcc.o(.text)
    RCC_HSEConfig                            0x0800059d   Thumb Code    70  stm32f10x_rcc.o(.text)
    RCC_GetFlagStatus                        0x080005e3   Thumb Code    56  stm32f10x_rcc.o(.text)
    RCC_WaitForHSEStartUp                    0x0800061b   Thumb Code    48  stm32f10x_rcc.o(.text)
    RCC_AdjustHSICalibrationValue            0x0800064b   Thumb Code    18  stm32f10x_rcc.o(.text)
    RCC_HSICmd                               0x0800065d   Thumb Code     6  stm32f10x_rcc.o(.text)
    RCC_PLLConfig                            0x08000663   Thumb Code    22  stm32f10x_rcc.o(.text)
    RCC_PLLCmd                               0x08000679   Thumb Code     6  stm32f10x_rcc.o(.text)
    RCC_SYSCLKConfig                         0x0800067f   Thumb Code    16  stm32f10x_rcc.o(.text)
    RCC_GetSYSCLKSource                      0x0800068f   Thumb Code    10  stm32f10x_rcc.o(.text)
    RCC_HCLKConfig                           0x08000699   Thumb Code    16  stm32f10x_rcc.o(.text)
    RCC_PCLK1Config                          0x080006a9   Thumb Code    16  stm32f10x_rcc.o(.text)
    RCC_PCLK2Config                          0x080006b9   Thumb Code    18  stm32f10x_rcc.o(.text)
    RCC_ITConfig                             0x080006cb   Thumb Code    30  stm32f10x_rcc.o(.text)
    RCC_USBCLKConfig                         0x080006e9   Thumb Code     8  stm32f10x_rcc.o(.text)
    RCC_ADCCLKConfig                         0x080006f1   Thumb Code    16  stm32f10x_rcc.o(.text)
    RCC_LSEConfig                            0x08000701   Thumb Code    50  stm32f10x_rcc.o(.text)
    RCC_LSICmd                               0x08000733   Thumb Code     6  stm32f10x_rcc.o(.text)
    RCC_RTCCLKConfig                         0x08000739   Thumb Code    12  stm32f10x_rcc.o(.text)
    RCC_RTCCLKCmd                            0x08000745   Thumb Code     8  stm32f10x_rcc.o(.text)
    RCC_GetClocksFreq                        0x0800074d   Thumb Code   194  stm32f10x_rcc.o(.text)
    RCC_AHBPeriphClockCmd                    0x0800080f   Thumb Code    26  stm32f10x_rcc.o(.text)
    RCC_APB2PeriphClockCmd                   0x08000829   Thumb Code    26  stm32f10x_rcc.o(.text)
    RCC_APB1PeriphClockCmd                   0x08000843   Thumb Code    26  stm32f10x_rcc.o(.text)
    RCC_APB2PeriphResetCmd                   0x0800085d   Thumb Code    26  stm32f10x_rcc.o(.text)
    RCC_APB1PeriphResetCmd                   0x08000877   Thumb Code    26  stm32f10x_rcc.o(.text)
    RCC_BackupResetCmd                       0x08000891   Thumb Code     8  stm32f10x_rcc.o(.text)
    RCC_ClockSecuritySystemCmd               0x08000899   Thumb Code     6  stm32f10x_rcc.o(.text)
    RCC_MCOConfig                            0x0800089f   Thumb Code     6  stm32f10x_rcc.o(.text)
    RCC_ClearFlag                            0x080008a5   Thumb Code    14  stm32f10x_rcc.o(.text)
    RCC_GetITStatus                          0x080008b3   Thumb Code    20  stm32f10x_rcc.o(.text)
    RCC_ClearITPendingBit                    0x080008c7   Thumb Code     6  stm32f10x_rcc.o(.text)
    USART_DeInit                             0x080008ed   Thumb Code   134  stm32f10x_usart.o(.text)
    USART_Init                               0x08000973   Thumb Code   210  stm32f10x_usart.o(.text)
    USART_StructInit                         0x08000a45   Thumb Code    24  stm32f10x_usart.o(.text)
    USART_ClockInit                          0x08000a5d   Thumb Code    32  stm32f10x_usart.o(.text)
    USART_ClockStructInit                    0x08000a7d   Thumb Code    12  stm32f10x_usart.o(.text)
    USART_Cmd                                0x08000a89   Thumb Code    24  stm32f10x_usart.o(.text)
    USART_ITConfig                           0x08000aa1   Thumb Code    72  stm32f10x_usart.o(.text)
    USART_DMACmd                             0x08000ae9   Thumb Code    24  stm32f10x_usart.o(.text)
    USART_SetAddress                         0x08000b01   Thumb Code    18  stm32f10x_usart.o(.text)
    USART_WakeUpConfig                       0x08000b13   Thumb Code    18  stm32f10x_usart.o(.text)
    USART_ReceiverWakeUpCmd                  0x08000b25   Thumb Code    24  stm32f10x_usart.o(.text)
    USART_LINBreakDetectLengthConfig         0x08000b3d   Thumb Code    18  stm32f10x_usart.o(.text)
    USART_LINCmd                             0x08000b4f   Thumb Code    24  stm32f10x_usart.o(.text)
    USART_SendData                           0x08000b67   Thumb Code     8  stm32f10x_usart.o(.text)
    USART_ReceiveData                        0x08000b6f   Thumb Code    10  stm32f10x_usart.o(.text)
    USART_SendBreak                          0x08000b79   Thumb Code    10  stm32f10x_usart.o(.text)
    USART_SetGuardTime                       0x08000b83   Thumb Code    16  stm32f10x_usart.o(.text)
    USART_SetPrescaler                       0x08000b93   Thumb Code    16  stm32f10x_usart.o(.text)
    USART_SmartCardCmd                       0x08000ba3   Thumb Code    24  stm32f10x_usart.o(.text)
    USART_SmartCardNACKCmd                   0x08000bbb   Thumb Code    24  stm32f10x_usart.o(.text)
    USART_HalfDuplexCmd                      0x08000bd3   Thumb Code    24  stm32f10x_usart.o(.text)
    USART_OverSampling8Cmd                   0x08000beb   Thumb Code    22  stm32f10x_usart.o(.text)
    USART_OneBitMethodCmd                    0x08000c01   Thumb Code    24  stm32f10x_usart.o(.text)
    USART_IrDAConfig                         0x08000c19   Thumb Code    18  stm32f10x_usart.o(.text)
    USART_IrDACmd                            0x08000c2b   Thumb Code    24  stm32f10x_usart.o(.text)
    USART_GetFlagStatus                      0x08000c43   Thumb Code    26  stm32f10x_usart.o(.text)
    USART_ClearFlag                          0x08000c5d   Thumb Code    18  stm32f10x_usart.o(.text)
    USART_GetITStatus                        0x08000c6f   Thumb Code    84  stm32f10x_usart.o(.text)
    USART_ClearITPendingBit                  0x08000cc3   Thumb Code    50  stm32f10x_usart.o(.text)
    DMA_DeInit                               0x08000cf5   Thumb Code   336  stm32f10x_dma.o(.text)
    DMA_Init                                 0x08000e45   Thumb Code    60  stm32f10x_dma.o(.text)
    DMA_StructInit                           0x08000e81   Thumb Code    26  stm32f10x_dma.o(.text)
    DMA_Cmd                                  0x08000e9b   Thumb Code    24  stm32f10x_dma.o(.text)
    DMA_ITConfig                             0x08000eb3   Thumb Code    18  stm32f10x_dma.o(.text)
    DMA_SetCurrDataCounter                   0x08000ec5   Thumb Code     4  stm32f10x_dma.o(.text)
    DMA_GetCurrDataCounter                   0x08000ec9   Thumb Code     8  stm32f10x_dma.o(.text)
    DMA_GetFlagStatus                        0x08000ed1   Thumb Code    38  stm32f10x_dma.o(.text)
    DMA_ClearFlag                            0x08000ef7   Thumb Code    22  stm32f10x_dma.o(.text)
    DMA_GetITStatus                          0x08000f0d   Thumb Code    38  stm32f10x_dma.o(.text)
    DMA_ClearITPendingBit                    0x08000f33   Thumb Code    22  stm32f10x_dma.o(.text)
    EXTI_DeInit                              0x08000f51   Thumb Code    32  stm32f10x_exti.o(.text)
    EXTI_Init                                0x08000f71   Thumb Code   154  stm32f10x_exti.o(.text)
    EXTI_StructInit                          0x0800100b   Thumb Code    16  stm32f10x_exti.o(.text)
    EXTI_GenerateSWInterrupt                 0x0800101b   Thumb Code    16  stm32f10x_exti.o(.text)
    EXTI_GetFlagStatus                       0x0800102b   Thumb Code    22  stm32f10x_exti.o(.text)
    EXTI_ClearFlag                           0x08001041   Thumb Code     8  stm32f10x_exti.o(.text)
    EXTI_GetITStatus                         0x08001049   Thumb Code    34  stm32f10x_exti.o(.text)
    EXTI_ClearITPendingBit                   0x0800106b   Thumb Code     8  stm32f10x_exti.o(.text)
    ADC_DeInit                               0x08001081   Thumb Code    78  stm32f10x_adc.o(.text)
    ADC_Init                                 0x080010cf   Thumb Code    68  stm32f10x_adc.o(.text)
    ADC_StructInit                           0x08001113   Thumb Code    18  stm32f10x_adc.o(.text)
    ADC_Cmd                                  0x08001125   Thumb Code    22  stm32f10x_adc.o(.text)
    ADC_DMACmd                               0x0800113b   Thumb Code    22  stm32f10x_adc.o(.text)
    ADC_ITConfig                             0x08001151   Thumb Code    24  stm32f10x_adc.o(.text)
    ADC_ResetCalibration                     0x08001169   Thumb Code    10  stm32f10x_adc.o(.text)
    ADC_GetResetCalibrationStatus            0x08001173   Thumb Code    20  stm32f10x_adc.o(.text)
    ADC_StartCalibration                     0x08001187   Thumb Code    10  stm32f10x_adc.o(.text)
    ADC_GetCalibrationStatus                 0x08001191   Thumb Code    20  stm32f10x_adc.o(.text)
    ADC_SoftwareStartConvCmd                 0x080011a5   Thumb Code    22  stm32f10x_adc.o(.text)
    ADC_GetSoftwareStartConvStatus           0x080011bb   Thumb Code    20  stm32f10x_adc.o(.text)
    ADC_DiscModeChannelCountConfig           0x080011cf   Thumb Code    22  stm32f10x_adc.o(.text)
    ADC_DiscModeCmd                          0x080011e5   Thumb Code    22  stm32f10x_adc.o(.text)
    ADC_RegularChannelConfig                 0x080011fb   Thumb Code   180  stm32f10x_adc.o(.text)
    ADC_ExternalTrigConvCmd                  0x080012af   Thumb Code    22  stm32f10x_adc.o(.text)
    ADC_GetConversionValue                   0x080012c5   Thumb Code     8  stm32f10x_adc.o(.text)
    ADC_GetDualModeConversionValue           0x080012cd   Thumb Code     8  stm32f10x_adc.o(.text)
    ADC_AutoInjectedConvCmd                  0x080012d5   Thumb Code    22  stm32f10x_adc.o(.text)
    ADC_InjectedDiscModeCmd                  0x080012eb   Thumb Code    22  stm32f10x_adc.o(.text)
    ADC_ExternalTrigInjectedConvConfig       0x08001301   Thumb Code    14  stm32f10x_adc.o(.text)
    ADC_ExternalTrigInjectedConvCmd          0x0800130f   Thumb Code    22  stm32f10x_adc.o(.text)
    ADC_SoftwareStartInjectedConvCmd         0x08001325   Thumb Code    22  stm32f10x_adc.o(.text)
    ADC_GetSoftwareStartInjectedConvCmdStatus 0x0800133b   Thumb Code    20  stm32f10x_adc.o(.text)
    ADC_InjectedChannelConfig                0x0800134f   Thumb Code   126  stm32f10x_adc.o(.text)
    ADC_InjectedSequencerLengthConfig        0x080013cd   Thumb Code    22  stm32f10x_adc.o(.text)
    ADC_SetInjectedOffset                    0x080013e3   Thumb Code    14  stm32f10x_adc.o(.text)
    ADC_GetInjectedConversionValue           0x080013f1   Thumb Code    20  stm32f10x_adc.o(.text)
    ADC_AnalogWatchdogCmd                    0x08001405   Thumb Code    14  stm32f10x_adc.o(.text)
    ADC_AnalogWatchdogThresholdsConfig       0x08001413   Thumb Code     6  stm32f10x_adc.o(.text)
    ADC_AnalogWatchdogSingleChannelConfig    0x08001419   Thumb Code    14  stm32f10x_adc.o(.text)
    ADC_TempSensorVrefintCmd                 0x08001427   Thumb Code    38  stm32f10x_adc.o(.text)
    ADC_GetFlagStatus                        0x0800144d   Thumb Code    18  stm32f10x_adc.o(.text)
    ADC_ClearFlag                            0x0800145f   Thumb Code    34  stm32f10x_adc.o(.text)
    ADC_GetITStatus                          0x08001481   Thumb Code    36  stm32f10x_adc.o(.text)
    ADC_ClearITPendingBit                    0x080014a5   Thumb Code    10  stm32f10x_adc.o(.text)
    NVIC_PriorityGroupConfig                 0x080014b1   Thumb Code    10  misc.o(.text)
    NVIC_Init                                0x080014bb   Thumb Code   102  misc.o(.text)
    NVIC_SetVectorTable                      0x08001521   Thumb Code    14  misc.o(.text)
    NVIC_SystemLPConfig                      0x0800152f   Thumb Code    38  misc.o(.text)
    SysTick_CLKSourceConfig                  0x08001555   Thumb Code    40  misc.o(.text)
    I2C_DeInit                               0x08001591   Thumb Code    50  stm32f10x_i2c.o(.text)
    I2C_Init                                 0x080015c3   Thumb Code   230  stm32f10x_i2c.o(.text)
    I2C_StructInit                           0x080016a9   Thumb Code    30  stm32f10x_i2c.o(.text)
    I2C_Cmd                                  0x080016c7   Thumb Code    24  stm32f10x_i2c.o(.text)
    I2C_DMACmd                               0x080016df   Thumb Code    24  stm32f10x_i2c.o(.text)
    I2C_DMALastTransferCmd                   0x080016f7   Thumb Code    24  stm32f10x_i2c.o(.text)
    I2C_GenerateSTART                        0x0800170f   Thumb Code    24  stm32f10x_i2c.o(.text)
    I2C_GenerateSTOP                         0x08001727   Thumb Code    24  stm32f10x_i2c.o(.text)
    I2C_AcknowledgeConfig                    0x0800173f   Thumb Code    24  stm32f10x_i2c.o(.text)
    I2C_OwnAddress2Config                    0x08001757   Thumb Code    20  stm32f10x_i2c.o(.text)
    I2C_DualAddressCmd                       0x0800176b   Thumb Code    24  stm32f10x_i2c.o(.text)
    I2C_GeneralCallCmd                       0x08001783   Thumb Code    24  stm32f10x_i2c.o(.text)
    I2C_ITConfig                             0x0800179b   Thumb Code    24  stm32f10x_i2c.o(.text)
    I2C_SendData                             0x080017b3   Thumb Code     4  stm32f10x_i2c.o(.text)
    I2C_ReceiveData                          0x080017b7   Thumb Code     8  stm32f10x_i2c.o(.text)
    I2C_Send7bitAddress                      0x080017bf   Thumb Code    18  stm32f10x_i2c.o(.text)
    I2C_ReadRegister                         0x080017d1   Thumb Code    14  stm32f10x_i2c.o(.text)
    I2C_SoftwareResetCmd                     0x080017df   Thumb Code    22  stm32f10x_i2c.o(.text)
    I2C_NACKPositionConfig                   0x080017f5   Thumb Code    28  stm32f10x_i2c.o(.text)
    I2C_SMBusAlertConfig                     0x08001811   Thumb Code    28  stm32f10x_i2c.o(.text)
    I2C_TransmitPEC                          0x0800182d   Thumb Code    24  stm32f10x_i2c.o(.text)
    I2C_PECPositionConfig                    0x08001845   Thumb Code    28  stm32f10x_i2c.o(.text)
    I2C_CalculatePEC                         0x08001861   Thumb Code    24  stm32f10x_i2c.o(.text)
    I2C_GetPEC                               0x08001879   Thumb Code     8  stm32f10x_i2c.o(.text)
    I2C_ARPCmd                               0x08001881   Thumb Code    24  stm32f10x_i2c.o(.text)
    I2C_StretchClockCmd                      0x08001899   Thumb Code    24  stm32f10x_i2c.o(.text)
    I2C_FastModeDutyCycleConfig              0x080018b1   Thumb Code    28  stm32f10x_i2c.o(.text)
    I2C_CheckEvent                           0x080018cd   Thumb Code    42  stm32f10x_i2c.o(.text)
    I2C_GetLastEvent                         0x080018f7   Thumb Code    26  stm32f10x_i2c.o(.text)
    I2C_GetFlagStatus                        0x08001911   Thumb Code    42  stm32f10x_i2c.o(.text)
    I2C_ClearFlag                            0x0800193b   Thumb Code    12  stm32f10x_i2c.o(.text)
    I2C_GetITStatus                          0x08001947   Thumb Code    38  stm32f10x_i2c.o(.text)
    I2C_ClearITPendingBit                    0x0800196d   Thumb Code    28  stm32f10x_i2c.o(.text)
    SystemInit                               0x08001a51   Thumb Code    78  system_stm32f10x.o(.text)
    SystemCoreClockUpdate                    0x08001a9f   Thumb Code   142  system_stm32f10x.o(.text)
    Task_A8CONNECT                           0x08001b51   Thumb Code    98  app.o(.text)
    Task_CALCULATE                           0x08001bb3   Thumb Code    48  app.o(.text)
    Task_EXTI                                0x08001be3   Thumb Code    20  app.o(.text)
    Task_ADC1                                0x08001bf7   Thumb Code    64  app.o(.text)
    Task_LEDDIS                              0x08001c37   Thumb Code   276  app.o(.text)
    Task_USART1                              0x08001d4b   Thumb Code   280  app.o(.text)
    Task_LED                                 0x08001e63   Thumb Code   142  app.o(.text)
    Task_START                               0x08001ef1   Thumb Code   266  app.o(.text)
    SysTick_Init                             0x08002005   Thumb Code    80  bsp.o(.text)
    BSP_Init                                 0x08002055   Thumb Code    36  bsp.o(.text)
    LED_GPIO_config                          0x08002085   Thumb Code    46  led.o(.text)
    NVIC_USART1_Configuration                0x080020b9   Thumb Code    42  usart1.o(.text)
    USART1_Config                            0x080020e3   Thumb Code   126  usart1.o(.text)
    USART1_Inter_Config                      0x08002161   Thumb Code    12  usart1.o(.text)
    fputc                                    0x0800216d   Thumb Code    32  usart1.o(.text)
    USART1_printf                            0x080021eb   Thumb Code   262  usart1.o(.text)
    LEDDIS_GPIO_Configuration                0x080022f9   Thumb Code    50  leddis.o(.text)
    data_shift                               0x0800232b   Thumb Code    68  leddis.o(.text)
    ADC1_Init                                0x08002471   Thumb Code    12  adc.o(.text)
    EXTI_PA0_Config                          0x080024b5   Thumb Code    72  exti.o(.text)
    I2C_EE_Init                              0x08002569   Thumb Code    18  i2c_ee.o(.text)
    I2C_EE_WaitEepromStandbyState            0x0800257b   Thumb Code    70  i2c_ee.o(.text)
    I2C_EE_PageWrite                         0x080025c1   Thumb Code   146  i2c_ee.o(.text)
    I2C_EE_BufferWrite                       0x08002653   Thumb Code   290  i2c_ee.o(.text)
    I2C_EE_ByteWrite                         0x08002775   Thumb Code   114  i2c_ee.o(.text)
    I2C_EE_BufferRead                        0x080027e7   Thumb Code   220  i2c_ee.o(.text)
    save_in_buffer                           0x080028e1   Thumb Code   524  data.o(.text)
    replyA8                                  0x08002aed   Thumb Code    26  data.o(.text)
    CRC16                                    0x08002b1d   Thumb Code    48  verify.o(.text)
    Verify_DATA                              0x08002b4d   Thumb Code    28  verify.o(.text)
    SUM_verify                               0x08002b69   Thumb Code    32  verify.o(.text)
    OS_StrCopy                               0x08002b99   Thumb Code    28  os_core.o(.text)
    OSEventNameGet                           0x08002bb5   Thumb Code   126  os_core.o(.text)
    OS_StrLen                                0x08002c33   Thumb Code    20  os_core.o(.text)
    OSEventNameSet                           0x08002c47   Thumb Code   138  os_core.o(.text)
    OS_TaskStatStkChk                        0x08002cd1   Thumb Code    54  os_core.o(.text)
    OS_TaskStat                              0x08002d07   Thumb Code   116  os_core.o(.text)
    OS_TaskIdle                              0x08002db3   Thumb Code    34  os_core.o(.text)
    OS_MemClr                                0x08002e0d   Thumb Code    18  os_core.o(.text)
    OSInit                                   0x08002f15   Thumb Code    36  os_core.o(.text)
    OSIntEnter                               0x08002f39   Thumb Code    28  os_core.o(.text)
    OSIntExit                                0x08002f6f   Thumb Code   252  os_core.o(.text)
    OSSchedLock                              0x0800306b   Thumb Code    50  os_core.o(.text)
    OS_Sched                                 0x0800309d   Thumb Code    86  os_core.o(.text)
    OSSchedUnlock                            0x080030f3   Thumb Code    84  os_core.o(.text)
    OSStart                                  0x08003147   Thumb Code    48  os_core.o(.text)
    OSStatInit                               0x08003177   Thumb Code    62  os_core.o(.text)
    OSTimeTick                               0x080031b5   Thumb Code   210  os_core.o(.text)
    OSVersion                                0x08003287   Thumb Code     6  os_core.o(.text)
    OS_Dummy                                 0x0800328d   Thumb Code     2  os_core.o(.text)
    OS_EventTaskRemove                       0x0800328f   Thumb Code    42  os_core.o(.text)
    OS_EventTaskRdy                          0x080032b9   Thumb Code   126  os_core.o(.text)
    OS_EventTaskWait                         0x08003337   Thumb Code   112  os_core.o(.text)
    OS_EventWaitListInit                     0x080033a7   Thumb Code    28  os_core.o(.text)
    OS_MemCopy                               0x080033c3   Thumb Code    20  os_core.o(.text)
    OS_TCBInit                               0x080033d7   Thumb Code   394  os_core.o(.text)
    OSMboxAccept                             0x08003575   Thumb Code    44  os_mbox.o(.text)
    OSMboxCreate                             0x080035a1   Thumb Code    78  os_mbox.o(.text)
    OSMboxDel                                0x080035ef   Thumb Code   230  os_mbox.o(.text)
    OSMboxPend                               0x080036d5   Thumb Code   266  os_mbox.o(.text)
    OSMboxPendAbort                          0x080037df   Thumb Code   142  os_mbox.o(.text)
    OSMboxPost                               0x0800386d   Thumb Code    92  os_mbox.o(.text)
    OSMboxPostOpt                            0x080038c9   Thumb Code   132  os_mbox.o(.text)
    OSMboxQuery                              0x0800394d   Thumb Code   106  os_mbox.o(.text)
    OSSemAccept                              0x080039b9   Thumb Code    50  os_sem.o(.text)
    OSSemCreate                              0x080039eb   Thumb Code    78  os_sem.o(.text)
    OSSemDel                                 0x08003a39   Thumb Code   230  os_sem.o(.text)
    OSSemPend                                0x08003b1f   Thumb Code   238  os_sem.o(.text)
    OSSemPendAbort                           0x08003c0d   Thumb Code   142  os_sem.o(.text)
    OSSemPost                                0x08003c9b   Thumb Code    94  os_sem.o(.text)
    OSSemQuery                               0x08003cf9   Thumb Code    94  os_sem.o(.text)
    OSSemSet                                 0x08003d57   Thumb Code    78  os_sem.o(.text)
    OSTaskChangePrio                         0x08003db5   Thumb Code   350  os_task.o(.text)
    OSTaskCreate                             0x08003f13   Thumb Code   158  os_task.o(.text)
    OS_TaskStkClr                            0x08003fb1   Thumb Code    26  os_task.o(.text)
    OSTaskCreateExt                          0x08003fcb   Thumb Code   184  os_task.o(.text)
    OSTaskDel                                0x08004083   Thumb Code   304  os_task.o(.text)
    OSTaskDelReq                             0x080041b3   Thumb Code   152  os_task.o(.text)
    OSTaskNameGet                            0x0800424b   Thumb Code   148  os_task.o(.text)
    OSTaskNameSet                            0x080042df   Thumb Code   162  os_task.o(.text)
    OSTaskResume                             0x08004381   Thumb Code   162  os_task.o(.text)
    OSTaskStkChk                             0x08004423   Thumb Code   152  os_task.o(.text)
    OSTaskSuspend                            0x080044bb   Thumb Code   172  os_task.o(.text)
    OSTaskQuery                              0x08004567   Thumb Code   100  os_task.o(.text)
    OSTimeDly                                0x080045e5   Thumb Code    94  os_time.o(.text)
    OSTimeDlyHMSM                            0x08004643   Thumb Code   154  os_time.o(.text)
    OSTimeDlyResume                          0x080046dd   Thumb Code   168  os_time.o(.text)
    OSTimeGet                                0x08004785   Thumb Code    24  os_time.o(.text)
    OSTimeSet                                0x0800479d   Thumb Code    24  os_time.o(.text)
    OS_CPU_SR_Save                           0x080047cd   Thumb Code     0  os_cpu_a.o(.text)
    OS_CPU_SR_Restore                        0x080047d5   Thumb Code     0  os_cpu_a.o(.text)
    OSStartHighRdy                           0x080047db   Thumb Code     0  os_cpu_a.o(.text)
    OSCtxSw                                  0x080047fb   Thumb Code     0  os_cpu_a.o(.text)
    OSIntCtxSw                               0x08004805   Thumb Code     0  os_cpu_a.o(.text)
    OS_CPU_PendSVHandler                     0x0800480f   Thumb Code     0  os_cpu_a.o(.text)
    OSInitHookBegin                          0x08004871   Thumb Code     2  os_cpu_c.o(.text)
    OSInitHookEnd                            0x08004873   Thumb Code     2  os_cpu_c.o(.text)
    OSTaskCreateHook                         0x08004875   Thumb Code     2  os_cpu_c.o(.text)
    OSTaskDelHook                            0x08004877   Thumb Code     2  os_cpu_c.o(.text)
    OSTaskIdleHook                           0x08004879   Thumb Code     2  os_cpu_c.o(.text)
    OSTaskStatHook                           0x0800487b   Thumb Code     2  os_cpu_c.o(.text)
    OSTaskStkInit                            0x0800487d   Thumb Code   154  os_cpu_c.o(.text)
    OSTaskSwHook                             0x08004917   Thumb Code     2  os_cpu_c.o(.text)
    OSTCBInitHook                            0x08004919   Thumb Code     2  os_cpu_c.o(.text)
    OSTimeTickHook                           0x0800491b   Thumb Code     2  os_cpu_c.o(.text)
    __aeabi_memcpy                           0x0800491d   Thumb Code    36  memcpya.o(.text)
    __aeabi_memcpy4                          0x0800491d   Thumb Code     0  memcpya.o(.text)
    __aeabi_memcpy8                          0x0800491d   Thumb Code     0  memcpya.o(.text)
    __aeabi_fmul                             0x08004941   Thumb Code   102  fmul.o(.text)
    __aeabi_fdiv                             0x080049a7   Thumb Code   108  fdiv.o(.text)
    __aeabi_ui2f                             0x08004a13   Thumb Code    10  ffltui.o(.text)
    __aeabi_f2uiz                            0x08004a1d   Thumb Code    40  ffixui.o(.text)
    __I$use$fp                               0x08004a45   Thumb Code     0  iusefp.o(.text)
    _float_round                             0x08004a45   Thumb Code    18  fepilogue.o(.text)
    _float_epilogue                          0x08004a57   Thumb Code    74  fepilogue.o(.text)
    __scatterload                            0x08004aa1   Thumb Code    28  init.o(.text)
    __scatterload_rt2                        0x08004aa1   Thumb Code     0  init.o(.text)
    __decompress                             0x08004ac5   Thumb Code     0  __dczerorl2.o(.text)
    __decompress1                            0x08004ac5   Thumb Code    88  __dczerorl2.o(.text)
    __0printf$2                              0x08004b1d   Thumb Code    22  printf2.o(i.__0printf$2)
    __1printf$2                              0x08004b1d   Thumb Code     0  printf2.o(i.__0printf$2)
    __2printf                                0x08004b1d   Thumb Code     0  printf2.o(i.__0printf$2)
    __scatterload_copy                       0x08004b3d   Thumb Code    14  handlers.o(i.__scatterload_copy)
    __scatterload_null                       0x08004b4b   Thumb Code     2  handlers.o(i.__scatterload_null)
    __scatterload_zeroinit                   0x08004b4d   Thumb Code    14  handlers.o(i.__scatterload_zeroinit)
    LEDData                                  0x08004c24   Data          10  app.o(.constdata)
    OSUnMapTbl                               0x08004c2e   Data         256  os_core.o(.constdata)
    Region$$Table$$Base                      0x08004d30   Number         0  anon$$obj.o(Region$$Table)
    Region$$Table$$Limit                     0x08004d50   Number         0  anon$$obj.o(Region$$Table)
    adc_MBOX                                 0x20000000   Data           4  main.o(.data)
    key_SEM                                  0x20000004   Data           4  main.o(.data)
    keyDis_SEM                               0x20000008   Data           4  main.o(.data)
    A8_SEM                                   0x2000000c   Data           4  main.o(.data)
    SystemCoreClock                          0x20000024   Data           4  system_stm32f10x.o(.data)
    AHBPrescTable                            0x20000028   Data          16  system_stm32f10x.o(.data)
    sum                                      0x20000038   Data           4  app.o(.data)
    car1                                     0x2000003c   Data          34  app.o(.data)
    car2                                     0x2000005e   Data          34  app.o(.data)
    car3                                     0x20000080   Data          34  app.o(.data)
    RxCounter1                               0x200000a2   Data           1  app.o(.data)
    Receiver_Control                         0x200000a3   Data           1  app.o(.data)
    Receiver_Spare                           0x200000a4   Data           1  app.o(.data)
    ADC_ConvertedValueLocal                  0x200000a5   Data           1  app.o(.data)
    weight                                   0x200000a8   Data           4  app.o(.data)
    ADC_ConvertedValue                       0x200000ac   Data           2  adc.o(.data)
    EEPROM_ADDRESS                           0x200000ae   Data           2  i2c_ee.o(.data)
    auchCRCHi                                0x200000b0   Data         256  verify.o(.data)
    auchCRCLo                                0x200001b0   Data         256  verify.o(.data)
    crc16L                                   0x200002b0   Data           1  verify.o(.data)
    crc16H                                   0x200002b1   Data           1  verify.o(.data)
    OSCtxSwCtr                               0x200002b4   Data           4  os_core.o(.data)
    OSEventFreeList                          0x200002b8   Data           4  os_core.o(.data)
    OSCPUUsage                               0x200002bc   Data           1  os_core.o(.data)
    OSIdleCtrMax                             0x200002c0   Data           4  os_core.o(.data)
    OSIdleCtrRun                             0x200002c4   Data           4  os_core.o(.data)
    OSStatRdy                                0x200002c8   Data           1  os_core.o(.data)
    OSIntNesting                             0x200002c9   Data           1  os_core.o(.data)
    OSLockNesting                            0x200002ca   Data           1  os_core.o(.data)
    OSPrioCur                                0x200002cb   Data           1  os_core.o(.data)
    OSPrioHighRdy                            0x200002cc   Data           1  os_core.o(.data)
    OSRdyGrp                                 0x200002cd   Data           1  os_core.o(.data)
    OSRdyTbl                                 0x200002ce   Data           4  os_core.o(.data)
    OSRunning                                0x200002d2   Data           1  os_core.o(.data)
    OSTaskCtr                                0x200002d3   Data           1  os_core.o(.data)
    OSIdleCtr                                0x200002d4   Data           4  os_core.o(.data)
    OSTCBCur                                 0x200002d8   Data           4  os_core.o(.data)
    OSTCBFreeList                            0x200002dc   Data           4  os_core.o(.data)
    OSTCBHighRdy                             0x200002e0   Data           4  os_core.o(.data)
    OSTCBList                                0x200002e4   Data           4  os_core.o(.data)
    OSTickStepState                          0x200002e8   Data           1  os_core.o(.data)
    OSTime                                   0x200002ec   Data           4  os_core.o(.data)
    __stdout                                 0x200002f0   Data           4  stdout.o(.data)
    I2c_Buf_Read                             0x20000434   Data         256  app.o(.bss)
    I2c_Buf_Write                            0x20000534   Data         256  app.o(.bss)
    RxBuffer1                                0x20000634   Data          10  app.o(.bss)
    sendData                                 0x20000f00   Data          50  data.o(.bss)
    OSEventTbl                               0x20000f34   Data         320  os_core.o(.bss)
    OSTaskStatStk                            0x20001074   Data         512  os_core.o(.bss)
    OSTaskIdleStk                            0x20001274   Data         512  os_core.o(.bss)
    OSTCBPrioTbl                             0x20001474   Data         128  os_core.o(.bss)
    OSTCBTbl                                 0x200014f4   Data        1512  os_core.o(.bss)
    __initial_sp                             0x20001ee0   Data           0  startup_stm32f10x_md.o(STACK)



==============================================================================

Memory Map of the image

  Image Entry point : 0x08000101

  Load Region LR_1 (Base: 0x08000000, Size: 0x00005044, Max: 0xffffffff, ABSOLUTE, COMPRESSED[0x00004ec0])

    Execution Region ER_RO (Base: 0x08000000, Size: 0x00004d50, Max: 0xffffffff, ABSOLUTE)

    Base Addr    Size         Type   Attr      Idx    E Section Name        Object

    0x08000000   0x000000ec   Data   RO            3    RESET               startup_stm32f10x_md.o
    0x080000ec   0x00000000   Code   RO          566  * .ARM.Collect$$$$00000000  entry.o(mc_w.l)
    0x080000ec   0x00000004   Code   RO          842    .ARM.Collect$$$$00000001  entry2.o(mc_w.l)
    0x080000f0   0x00000004   Code   RO          845    .ARM.Collect$$$$00000004  entry5.o(mc_w.l)
    0x080000f4   0x00000008   Code   RO          846    .ARM.Collect$$$$00000007  entry7.o(mc_w.l)
    0x080000fc   0x00000004   Code   RO          843    .ARM.Collect$$$$00002712  entry2.o(mc_w.l)
    0x08000100   0x00000024   Code   RO            4  * .text               startup_stm32f10x_md.o
    0x08000124   0x00000028   Code   RO           10    .text               main.o
    0x0800014c   0x000000c8   Code   RO          125    .text               stm32f10x_it.o
    0x08000214   0x00000348   Code   RO          141    .text               stm32f10x_gpio.o
    0x0800055c   0x00000390   Code   RO          153    .text               stm32f10x_rcc.o
    0x080008ec   0x00000408   Code   RO          167    .text               stm32f10x_usart.o
    0x08000cf4   0x0000025c   Code   RO          191    .text               stm32f10x_dma.o
    0x08000f50   0x00000130   Code   RO          203    .text               stm32f10x_exti.o
    0x08001080   0x0000042e   Code   RO          215    .text               stm32f10x_adc.o
    0x080014ae   0x00000002   PAD
    0x080014b0   0x000000e0   Code   RO          227    .text               misc.o
    0x08001590   0x000003f8   Code   RO          239    .text               stm32f10x_i2c.o
    0x08001988   0x000001c8   Code   RO          261    .text               system_stm32f10x.o
    0x08001b50   0x000004b4   Code   RO          279    .text               app.o
    0x08002004   0x00000080   Code   RO          307    .text               bsp.o
    0x08002084   0x00000034   Code   RO          323    .text               led.o
    0x080020b8   0x00000240   Code   RO          335    .text               usart1.o
    0x080022f8   0x0000007c   Code   RO          354    .text               leddis.o
    0x08002374   0x00000118   Code   RO          366    .text               adc.o
    0x0800248c   0x00000074   Code   RO          381    .text               exti.o
    0x08002500   0x000003e0   Code   RO          393    .text               i2c_ee.o
    0x080028e0   0x0000023c   Code   RO          408    .text               data.o
    0x08002b1c   0x0000007c   Code   RO          424    .text               verify.o
    0x08002b98   0x000009dc   Code   RO          437    .text               os_core.o
    0x08003574   0x00000442   Code   RO          463    .text               os_mbox.o
    0x080039b6   0x00000002   PAD
    0x080039b8   0x000003fc   Code   RO          493    .text               os_sem.o
    0x08003db4   0x00000830   Code   RO          505    .text               os_task.o
    0x080045e4   0x000001e8   Code   RO          517    .text               os_time.o
    0x080047cc   0x000000a4   Code   RO          535    .text               os_cpu_a.o
    0x08004870   0x000000ac   Code   RO          538    .text               os_cpu_c.o
    0x0800491c   0x00000024   Code   RO          569    .text               memcpya.o(mc_w.l)
    0x08004940   0x00000066   Code   RO          834    .text               fmul.o(mf_w.l)
    0x080049a6   0x0000006c   Code   RO          836    .text               fdiv.o(mf_w.l)
    0x08004a12   0x0000000a   Code   RO          838    .text               ffltui.o(mf_w.l)
    0x08004a1c   0x00000028   Code   RO          840    .text               ffixui.o(mf_w.l)
    0x08004a44   0x00000000   Code   RO          852    .text               iusefp.o(mc_w.l)
    0x08004a44   0x0000005c   Code   RO          853    .text               fepilogue.o(mf_w.l)
    0x08004aa0   0x00000024   Code   RO          865    .text               init.o(mc_w.l)
    0x08004ac4   0x00000058   Code   RO          881    .text               __dczerorl2.o(mc_w.l)
    0x08004b1c   0x00000020   Code   RO          640    i.__0printf$2       printf2.o(mc_w.l)
    0x08004b3c   0x0000000e   Code   RO          875    i.__scatterload_copy  handlers.o(mc_w.l)
    0x08004b4a   0x00000002   Code   RO          876    i.__scatterload_null  handlers.o(mc_w.l)
    0x08004b4c   0x0000000e   Code   RO          877    i.__scatterload_zeroinit  handlers.o(mc_w.l)
    0x08004b5a   0x000000ca   Code   RO          647    i._printf_core      printf2.o(mc_w.l)
    0x08004c24   0x0000000a   Data   RO          281    .constdata          app.o
    0x08004c2e   0x00000100   Data   RO          439    .constdata          os_core.o
    0x08004d2e   0x00000002   PAD
    0x08004d30   0x00000020   Data   RO          873    Region$$Table       anon$$obj.o


    Execution Region ER_RW (Base: 0x20000000, Size: 0x000002f4, Max: 0xffffffff, ABSOLUTE, COMPRESSED[0x00000170])

    Base Addr    Size         Type   Attr      Idx    E Section Name        Object

    0x20000000   0x00000010   Data   RW           12    .data               main.o
    0x20000010   0x00000014   Data   RW          154    .data               stm32f10x_rcc.o
    0x20000024   0x00000014   Data   RW          262    .data               system_stm32f10x.o
    0x20000038   0x00000074   Data   RW          282    .data               app.o
    0x200000ac   0x00000002   Data   RW          367    .data               adc.o
    0x200000ae   0x00000002   Data   RW          394    .data               i2c_ee.o
    0x200000b0   0x00000202   Data   RW          425    .data               verify.o
    0x200002b2   0x00000002   PAD
    0x200002b4   0x0000003c   Data   RW          440    .data               os_core.o
    0x200002f0   0x00000004   Data   RW          847    .data               stdout.o(mc_w.l)


    Execution Region ER_ZI (Base: 0x200002f4, Size: 0x00001bec, Max: 0xffffffff, ABSOLUTE)

    Base Addr    Size         Type   Attr      Idx    E Section Name        Object

    0x200002f4   0x00000140   Zero   RW           11    .bss                main.o
    0x20000434   0x00000acc   Zero   RW          280    .bss                app.o
    0x20000f00   0x00000032   Zero   RW          409    .bss                data.o
    0x20000f32   0x00000002   PAD
    0x20000f34   0x00000ba8   Zero   RW          438    .bss                os_core.o
    0x20001adc   0x00000004   PAD
    0x20001ae0   0x00000400   Zero   RW            1    STACK               startup_stm32f10x_md.o


==============================================================================

Image component sizes


      Code (inc. data)   RO Data    RW Data    ZI Data      Debug   Object Name

       280         16          0          2          0       1297   adc.o
      1204        118         10        116       2764       4075   app.o
       128         12          0          0          0      15671   bsp.o
       572         22          0          0         50       1299   data.o
       116          4          0          0          0        634   exti.o
       992         30          0          2          0       3068   i2c_ee.o
        52          6          0          0          0        438   led.o
       124          6          0          0          0        687   leddis.o
        40         10          0         16        320     270572   main.o
       224         20          0          0          0       1661   misc.o
      2524        234        256         60       2984      16372   os_core.o
       164         32          0          0          0        264   os_cpu_a.o
       172          0          0          0          0      10757   os_cpu_c.o
      1090         18          0          0          0       4094   os_mbox.o
      1020         16          0          0          0       3814   os_sem.o
      2096         66          0          0          0       6433   os_task.o
       488         24          0          0          0       1834   os_time.o
        36          8        236          0       1024        492   startup_stm32f10x_md.o
      1070         28          0          0          0      10741   stm32f10x_adc.o
       604          8          0          0          0       4226   stm32f10x_dma.o
       304         14          0          0          0       2119   stm32f10x_exti.o
       840         38          0          0          0       5545   stm32f10x_gpio.o
      1016         16          0          0          0       9039   stm32f10x_i2c.o
       200         24          0          0          0       1557   stm32f10x_it.o
       912         32          0         20          0       8624   stm32f10x_rcc.o
      1032         20          0          0          0       8296   stm32f10x_usart.o
       456         36          0         20          0       1667   system_stm32f10x.o
       576          8          0          0          0       3858   usart1.o
       124         16          0        514          0       1587   verify.o

    ----------------------------------------------------------------------
     18460        882        536        752       7148     400721   Object Totals
         0          0         32          0          0          0   (incl. Generated)
         4          0          2          2          6          3   (incl. Padding)

    ----------------------------------------------------------------------

      Code (inc. data)   RO Data    RW Data    ZI Data      Debug   Library Member Name

        88          0          0          0          0          0   __dczerorl2.o
         0          0          0          0          0          0   entry.o
         8          4          0          0          0          0   entry2.o
         4          0          0          0          0          0   entry5.o
         8          4          0          0          0          0   entry7.o
       108          0          0          0          0         96   fdiv.o
        92          0          0          0          0        152   fepilogue.o
        40          0          0          0          0         68   ffixui.o
        10          0          0          0          0         68   ffltui.o
       102          0          0          0          0         76   fmul.o
        30          0          0          0          0          0   handlers.o
        36          8          0          0          0         68   init.o
         0          0          0          0          0          0   iusefp.o
        36          0          0          0          0         68   memcpya.o
       234         10          0          0          0        168   printf2.o
         0          0          0          4          0          0   stdout.o

    ----------------------------------------------------------------------
       796         26          0          4          0        764   Library Totals
         0          0          0          0          0          0   (incl. Padding)

    ----------------------------------------------------------------------

      Code (inc. data)   RO Data    RW Data    ZI Data      Debug   Library Name

       444         26          0          4          0        304   mc_w.l
       352          0          0          0          0        460   mf_w.l

    ----------------------------------------------------------------------
       796         26          0          4          0        764   Library Totals

    ----------------------------------------------------------------------

==============================================================================


      Code (inc. data)   RO Data    RW Data    ZI Data      Debug   

     19256        908        536        756       7148     398788   Grand Totals
     19256        908        536        368       7148     398788   ELF Image Totals (compressed)
     19256        908        536        368          0          0   ROM Totals

==============================================================================

    Total RO  Size (Code + RO Data)                19792 (  19.33kB)
    Total RW  Size (RW Data + ZI Data)              7904 (   7.72kB)
    Total ROM Size (Code + RO Data + RW Data)      20160 (  19.69kB)

==============================================================================

