ARM Linker, RVCT4.0 [Build 524] for uVision [Evaluation]

==============================================================================

Section Cross References

    startup_stm32f10x_md.o(RESET) refers to startup_stm32f10x_md.o(STACK) for __initial_sp
    startup_stm32f10x_md.o(RESET) refers to startup_stm32f10x_md.o(.text) for Reset_Handler
    startup_stm32f10x_md.o(RESET) refers to stm32f10x_it.o(.text) for NMI_Handler
    startup_stm32f10x_md.o(RESET) refers to os_cpu_a.o(.text) for OS_CPU_PendSVHandler
    startup_stm32f10x_md.o(.text) refers to system_stm32f10x.o(.text) for SystemInit
    startup_stm32f10x_md.o(.text) refers to entry.o(.ARM.Collect$$$$00000000) for __main
    main.o(.text) refers to bsp.o(.text) for BSP_Init
    main.o(.text) refers to os_core.o(.text) for OSInit
    main.o(.text) refers to os_task.o(.text) for OSTaskCreate
    main.o(.text) refers to main.o(.bss) for .bss
    main.o(.text) refers to app.o(.text) for Task_START
    stm32f10x_it.o(.text) refers to os_core.o(.text) for OSIntEnter
    stm32f10x_gpio.o(.text) refers to stm32f10x_rcc.o(.text) for RCC_APB2PeriphResetCmd
    stm32f10x_rcc.o(.text) refers to stm32f10x_rcc.o(.data) for .data
    stm32f10x_usart.o(.text) refers to stm32f10x_rcc.o(.text) for RCC_APB2PeriphResetCmd
    stm32f10x_adc.o(.text) refers to stm32f10x_rcc.o(.text) for RCC_APB2PeriphResetCmd
    system_stm32f10x.o(.text) refers to system_stm32f10x.o(.data) for SystemCoreClock
    app.o(.text) refers to ffltui.o(.text) for __aeabi_ui2f
    app.o(.text) refers to fdiv.o(.text) for __aeabi_fdiv
    app.o(.text) refers to fmul.o(.text) for __aeabi_fmul
    app.o(.text) refers to ffixui.o(.text) for __aeabi_f2uiz
    app.o(.text) refers to os_time.o(.text) for OSTimeDlyHMSM
    app.o(.text) refers to stm32f10x_gpio.o(.text) for GPIO_SetBits
    app.o(.text) refers to leddis.o(.text) for data_shift
    app.o(.text) refers to printfb.o(i.__0printf$bare) for __2printf
    app.o(.text) refers to os_task.o(.text) for OSTaskCreate
    app.o(.text) refers to adc.o(.data) for ADC_ConvertedValue
    app.o(.text) refers to app.o(.data) for ADC_ConvertedValueLocal
    app.o(.text) refers to app.o(.constdata) for LEDData
    app.o(.text) refers to app.o(.bss) for .bss
    bsp.o(.text) refers to system_stm32f10x.o(.text) for SystemInit
    bsp.o(.text) refers to led.o(.text) for LED_GPIO_config
    bsp.o(.text) refers to usart1.o(.text) for USART1_Config
    bsp.o(.text) refers to leddis.o(.text) for LEDDIS_GPIO_Configuration
    bsp.o(.text) refers to adc.o(.text) for ADC1_Init
    bsp.o(.text) refers to system_stm32f10x.o(.data) for SystemCoreClock
    led.o(.text) refers to stm32f10x_rcc.o(.text) for RCC_APB2PeriphClockCmd
    led.o(.text) refers to stm32f10x_gpio.o(.text) for GPIO_Init
    usart1.o(.text) refers to stm32f10x_rcc.o(.text) for RCC_APB2PeriphClockCmd
    usart1.o(.text) refers to stm32f10x_gpio.o(.text) for GPIO_Init
    usart1.o(.text) refers to stm32f10x_usart.o(.text) for USART_Init
    leddis.o(.text) refers to stm32f10x_rcc.o(.text) for RCC_APB2PeriphClockCmd
    leddis.o(.text) refers to stm32f10x_gpio.o(.text) for GPIO_Init
    adc.o(.text) refers to stm32f10x_rcc.o(.text) for RCC_AHBPeriphClockCmd
    adc.o(.text) refers to stm32f10x_gpio.o(.text) for GPIO_Init
    adc.o(.text) refers to stm32f10x_dma.o(.text) for DMA_DeInit
    adc.o(.text) refers to stm32f10x_adc.o(.text) for ADC_Init
    adc.o(.text) refers to adc.o(.data) for ADC_ConvertedValue
    os_core.o(.text) refers to os_task.o(.text) for OSTaskStkChk
    os_core.o(.text) refers to os_time.o(.text) for OSTimeDly
    os_core.o(.text) refers to os_cpu_a.o(.text) for OS_CPU_SR_Save
    os_core.o(.text) refers to os_cpu_c.o(.text) for OSTaskStatHook
    os_core.o(.text) refers to os_core.o(.bss) for OSTCBPrioTbl
    os_core.o(.text) refers to os_core.o(.data) for OSStatRdy
    os_core.o(.text) refers to os_core.o(.constdata) for OSUnMapTbl
    os_task.o(.text) refers to os_cpu_a.o(.text) for OS_CPU_SR_Save
    os_task.o(.text) refers to os_core.o(.text) for OS_Sched
    os_task.o(.text) refers to os_cpu_c.o(.text) for OSTaskStkInit
    os_task.o(.text) refers to os_core.o(.bss) for OSTCBPrioTbl
    os_task.o(.text) refers to os_core.o(.data) for OSTCBCur
    os_time.o(.text) refers to os_cpu_a.o(.text) for OS_CPU_SR_Save
    os_time.o(.text) refers to os_core.o(.text) for OS_Sched
    os_time.o(.text) refers to os_core.o(.data) for OSIntNesting
    os_time.o(.text) refers to os_core.o(.bss) for OSTCBPrioTbl
    os_cpu_a.o(.text) refers to os_core.o(.data) for OSRunning
    os_cpu_a.o(.text) refers to os_cpu_c.o(.text) for OSTaskSwHook
    entry.o(.ARM.Collect$$$$00000000) refers (Special) to entry7.o(.ARM.Collect$$$$00000007) for _main_init
    entry.o(.ARM.Collect$$$$00000000) refers (Special) to entry5.o(.ARM.Collect$$$$00000004) for _main_scatterload
    entry.o(.ARM.Collect$$$$00000000) refers (Special) to entry2.o(.ARM.Collect$$$$00000001) for _main_stk
    printfb.o(i.__0fprintf$bare) refers to printfb.o(i._printf_core) for _printf_core
    printfb.o(i.__0fprintf$bare) refers to usart1.o(.text) for fputc
    printfb.o(i.__0printf$bare) refers to printfb.o(i._printf_core) for _printf_core
    printfb.o(i.__0printf$bare) refers to usart1.o(.text) for fputc
    printfb.o(i.__0printf$bare) refers to stdout.o(.data) for __stdout
    printfb.o(i.__0snprintf$bare) refers to printfb.o(i._printf_core) for _printf_core
    printfb.o(i.__0snprintf$bare) refers to printfb.o(i._snputc) for _snputc
    printfb.o(i.__0sprintf$bare) refers to printfb.o(i._printf_core) for _printf_core
    printfb.o(i.__0sprintf$bare) refers to printfb.o(i._sputc) for _sputc
    printfb.o(i.__0vfprintf$bare) refers to printfb.o(i._printf_core) for _printf_core
    printfb.o(i.__0vfprintf$bare) refers to usart1.o(.text) for fputc
    printfb.o(i.__0vprintf$bare) refers to printfb.o(i._printf_core) for _printf_core
    printfb.o(i.__0vprintf$bare) refers to usart1.o(.text) for fputc
    printfb.o(i.__0vprintf$bare) refers to stdout.o(.data) for __stdout
    printfb.o(i.__0vsnprintf$bare) refers to printfb.o(i._printf_core) for _printf_core
    printfb.o(i.__0vsnprintf$bare) refers to printfb.o(i._snputc) for _snputc
    printfb.o(i.__0vsprintf$bare) refers to printfb.o(i._printf_core) for _printf_core
    printfb.o(i.__0vsprintf$bare) refers to printfb.o(i._sputc) for _sputc
    printf0.o(i.__0fprintf$0) refers to printf0.o(i._printf_core) for _printf_core
    printf0.o(i.__0fprintf$0) refers to usart1.o(.text) for fputc
    printf0.o(i.__0printf$0) refers to printf0.o(i._printf_core) for _printf_core
    printf0.o(i.__0printf$0) refers to usart1.o(.text) for fputc
    printf0.o(i.__0printf$0) refers to stdout.o(.data) for __stdout
    printf0.o(i.__0snprintf$0) refers to printf0.o(i._printf_core) for _printf_core
    printf0.o(i.__0snprintf$0) refers to printf0.o(i._snputc) for _snputc
    printf0.o(i.__0sprintf$0) refers to printf0.o(i._printf_core) for _printf_core
    printf0.o(i.__0sprintf$0) refers to printf0.o(i._sputc) for _sputc
    printf0.o(i.__0vfprintf$0) refers to printf0.o(i._printf_core) for _printf_core
    printf0.o(i.__0vfprintf$0) refers to usart1.o(.text) for fputc
    printf0.o(i.__0vprintf$0) refers to printf0.o(i._printf_core) for _printf_core
    printf0.o(i.__0vprintf$0) refers to usart1.o(.text) for fputc
    printf0.o(i.__0vprintf$0) refers to stdout.o(.data) for __stdout
    printf0.o(i.__0vsnprintf$0) refers to printf0.o(i._printf_core) for _printf_core
    printf0.o(i.__0vsnprintf$0) refers to printf0.o(i._snputc) for _snputc
    printf0.o(i.__0vsprintf$0) refers to printf0.o(i._printf_core) for _printf_core
    printf0.o(i.__0vsprintf$0) refers to printf0.o(i._sputc) for _sputc
    printf1.o(i.__0fprintf$1) refers to printf1.o(i._printf_core) for _printf_core
    printf1.o(i.__0fprintf$1) refers to usart1.o(.text) for fputc
    printf1.o(i.__0printf$1) refers to printf1.o(i._printf_core) for _printf_core
    printf1.o(i.__0printf$1) refers to usart1.o(.text) for fputc
    printf1.o(i.__0printf$1) refers to stdout.o(.data) for __stdout
    printf1.o(i.__0snprintf$1) refers to printf1.o(i._printf_core) for _printf_core
    printf1.o(i.__0snprintf$1) refers to printf1.o(i._snputc) for _snputc
    printf1.o(i.__0sprintf$1) refers to printf1.o(i._printf_core) for _printf_core
    printf1.o(i.__0sprintf$1) refers to printf1.o(i._sputc) for _sputc
    printf1.o(i.__0vfprintf$1) refers to printf1.o(i._printf_core) for _printf_core
    printf1.o(i.__0vfprintf$1) refers to usart1.o(.text) for fputc
    printf1.o(i.__0vprintf$1) refers to printf1.o(i._printf_core) for _printf_core
    printf1.o(i.__0vprintf$1) refers to usart1.o(.text) for fputc
    printf1.o(i.__0vprintf$1) refers to stdout.o(.data) for __stdout
    printf1.o(i.__0vsnprintf$1) refers to printf1.o(i._printf_core) for _printf_core
    printf1.o(i.__0vsnprintf$1) refers to printf1.o(i._snputc) for _snputc
    printf1.o(i.__0vsprintf$1) refers to printf1.o(i._printf_core) for _printf_core
    printf1.o(i.__0vsprintf$1) refers to printf1.o(i._sputc) for _sputc
    printf1.o(i._printf_core) refers to uidiv.o(.text) for __aeabi_uidivmod
    printf2.o(i.__0fprintf$2) refers to printf2.o(i._printf_core) for _printf_core
    printf2.o(i.__0fprintf$2) refers to usart1.o(.text) for fputc
    printf2.o(i.__0printf$2) refers to printf2.o(i._printf_core) for _printf_core
    printf2.o(i.__0printf$2) refers to usart1.o(.text) for fputc
    printf2.o(i.__0printf$2) refers to stdout.o(.data) for __stdout
    printf2.o(i.__0snprintf$2) refers to printf2.o(i._printf_core) for _printf_core
    printf2.o(i.__0snprintf$2) refers to printf2.o(i._snputc) for _snputc
    printf2.o(i.__0sprintf$2) refers to printf2.o(i._printf_core) for _printf_core
    printf2.o(i.__0sprintf$2) refers to printf2.o(i._sputc) for _sputc
    printf2.o(i.__0vfprintf$2) refers to printf2.o(i._printf_core) for _printf_core
    printf2.o(i.__0vfprintf$2) refers to usart1.o(.text) for fputc
    printf2.o(i.__0vprintf$2) refers to printf2.o(i._printf_core) for _printf_core
    printf2.o(i.__0vprintf$2) refers to usart1.o(.text) for fputc
    printf2.o(i.__0vprintf$2) refers to stdout.o(.data) for __stdout
    printf2.o(i.__0vsnprintf$2) refers to printf2.o(i._printf_core) for _printf_core
    printf2.o(i.__0vsnprintf$2) refers to printf2.o(i._snputc) for _snputc
    printf2.o(i.__0vsprintf$2) refers to printf2.o(i._printf_core) for _printf_core
    printf2.o(i.__0vsprintf$2) refers to printf2.o(i._sputc) for _sputc
    printf3.o(i.__0fprintf$3) refers to printf3.o(i._printf_core) for _printf_core
    printf3.o(i.__0fprintf$3) refers to usart1.o(.text) for fputc
    printf3.o(i.__0printf$3) refers to printf3.o(i._printf_core) for _printf_core
    printf3.o(i.__0printf$3) refers to usart1.o(.text) for fputc
    printf3.o(i.__0printf$3) refers to stdout.o(.data) for __stdout
    printf3.o(i.__0snprintf$3) refers to printf3.o(i._printf_core) for _printf_core
    printf3.o(i.__0snprintf$3) refers to printf3.o(i._snputc) for _snputc
    printf3.o(i.__0sprintf$3) refers to printf3.o(i._printf_core) for _printf_core
    printf3.o(i.__0sprintf$3) refers to printf3.o(i._sputc) for _sputc
    printf3.o(i.__0vfprintf$3) refers to printf3.o(i._printf_core) for _printf_core
    printf3.o(i.__0vfprintf$3) refers to usart1.o(.text) for fputc
    printf3.o(i.__0vprintf$3) refers to printf3.o(i._printf_core) for _printf_core
    printf3.o(i.__0vprintf$3) refers to usart1.o(.text) for fputc
    printf3.o(i.__0vprintf$3) refers to stdout.o(.data) for __stdout
    printf3.o(i.__0vsnprintf$3) refers to printf3.o(i._printf_core) for _printf_core
    printf3.o(i.__0vsnprintf$3) refers to printf3.o(i._snputc) for _snputc
    printf3.o(i.__0vsprintf$3) refers to printf3.o(i._printf_core) for _printf_core
    printf3.o(i.__0vsprintf$3) refers to printf3.o(i._sputc) for _sputc
    printf3.o(i._printf_core) refers to uidiv.o(.text) for __aeabi_uidivmod
    printf4.o(i.__0fprintf$4) refers to printf4.o(i._printf_core) for _printf_core
    printf4.o(i.__0fprintf$4) refers to usart1.o(.text) for fputc
    printf4.o(i.__0printf$4) refers to printf4.o(i._printf_core) for _printf_core
    printf4.o(i.__0printf$4) refers to usart1.o(.text) for fputc
    printf4.o(i.__0printf$4) refers to stdout.o(.data) for __stdout
    printf4.o(i.__0snprintf$4) refers to printf4.o(i._printf_core) for _printf_core
    printf4.o(i.__0snprintf$4) refers to printf4.o(i._snputc) for _snputc
    printf4.o(i.__0sprintf$4) refers to printf4.o(i._printf_core) for _printf_core
    printf4.o(i.__0sprintf$4) refers to printf4.o(i._sputc) for _sputc
    printf4.o(i.__0vfprintf$4) refers to printf4.o(i._printf_core) for _printf_core
    printf4.o(i.__0vfprintf$4) refers to usart1.o(.text) for fputc
    printf4.o(i.__0vprintf$4) refers to printf4.o(i._printf_core) for _printf_core
    printf4.o(i.__0vprintf$4) refers to usart1.o(.text) for fputc
    printf4.o(i.__0vprintf$4) refers to stdout.o(.data) for __stdout
    printf4.o(i.__0vsnprintf$4) refers to printf4.o(i._printf_core) for _printf_core
    printf4.o(i.__0vsnprintf$4) refers to printf4.o(i._snputc) for _snputc
    printf4.o(i.__0vsprintf$4) refers to printf4.o(i._printf_core) for _printf_core
    printf4.o(i.__0vsprintf$4) refers to printf4.o(i._sputc) for _sputc
    printf4.o(i._printf_core) refers to uldiv.o(.text) for __aeabi_uldivmod
    printf5.o(i.__0fprintf$5) refers to printf5.o(i._printf_core) for _printf_core
    printf5.o(i.__0fprintf$5) refers to usart1.o(.text) for fputc
    printf5.o(i.__0printf$5) refers to printf5.o(i._printf_core) for _printf_core
    printf5.o(i.__0printf$5) refers to usart1.o(.text) for fputc
    printf5.o(i.__0printf$5) refers to stdout.o(.data) for __stdout
    printf5.o(i.__0snprintf$5) refers to printf5.o(i._printf_core) for _printf_core
    printf5.o(i.__0snprintf$5) refers to printf5.o(i._snputc) for _snputc
    printf5.o(i.__0sprintf$5) refers to printf5.o(i._printf_core) for _printf_core
    printf5.o(i.__0sprintf$5) refers to printf5.o(i._sputc) for _sputc
    printf5.o(i.__0vfprintf$5) refers to printf5.o(i._printf_core) for _printf_core
    printf5.o(i.__0vfprintf$5) refers to usart1.o(.text) for fputc
    printf5.o(i.__0vprintf$5) refers to printf5.o(i._printf_core) for _printf_core
    printf5.o(i.__0vprintf$5) refers to usart1.o(.text) for fputc
    printf5.o(i.__0vprintf$5) refers to stdout.o(.data) for __stdout
    printf5.o(i.__0vsnprintf$5) refers to printf5.o(i._printf_core) for _printf_core
    printf5.o(i.__0vsnprintf$5) refers to printf5.o(i._snputc) for _snputc
    printf5.o(i.__0vsprintf$5) refers to printf5.o(i._printf_core) for _printf_core
    printf5.o(i.__0vsprintf$5) refers to printf5.o(i._sputc) for _sputc
    printf5.o(i._printf_core) refers to uldiv.o(.text) for __aeabi_uldivmod
    printf6.o(i.__0fprintf$6) refers to printf6.o(i._printf_core) for _printf_core
    printf6.o(i.__0fprintf$6) refers to usart1.o(.text) for fputc
    printf6.o(i.__0printf$6) refers to printf6.o(i._printf_core) for _printf_core
    printf6.o(i.__0printf$6) refers to usart1.o(.text) for fputc
    printf6.o(i.__0printf$6) refers to stdout.o(.data) for __stdout
    printf6.o(i.__0snprintf$6) refers to printf6.o(i._printf_core) for _printf_core
    printf6.o(i.__0snprintf$6) refers to printf6.o(i._snputc) for _snputc
    printf6.o(i.__0sprintf$6) refers to printf6.o(i._printf_core) for _printf_core
    printf6.o(i.__0sprintf$6) refers to printf6.o(i._sputc) for _sputc
    printf6.o(i.__0vfprintf$6) refers to printf6.o(i._printf_core) for _printf_core
    printf6.o(i.__0vfprintf$6) refers to usart1.o(.text) for fputc
    printf6.o(i.__0vprintf$6) refers to printf6.o(i._printf_core) for _printf_core
    printf6.o(i.__0vprintf$6) refers to usart1.o(.text) for fputc
    printf6.o(i.__0vprintf$6) refers to stdout.o(.data) for __stdout
    printf6.o(i.__0vsnprintf$6) refers to printf6.o(i._printf_core) for _printf_core
    printf6.o(i.__0vsnprintf$6) refers to printf6.o(i._snputc) for _snputc
    printf6.o(i.__0vsprintf$6) refers to printf6.o(i._printf_core) for _printf_core
    printf6.o(i.__0vsprintf$6) refers to printf6.o(i._sputc) for _sputc
    printf6.o(i._printf_core) refers to printf6.o(i._printf_pre_padding) for _printf_pre_padding
    printf6.o(i._printf_core) refers to uidiv.o(.text) for __aeabi_uidivmod
    printf6.o(i._printf_core) refers to printf6.o(i._printf_post_padding) for _printf_post_padding
    printf7.o(i.__0fprintf$7) refers to printf7.o(i._printf_core) for _printf_core
    printf7.o(i.__0fprintf$7) refers to usart1.o(.text) for fputc
    printf7.o(i.__0printf$7) refers to printf7.o(i._printf_core) for _printf_core
    printf7.o(i.__0printf$7) refers to usart1.o(.text) for fputc
    printf7.o(i.__0printf$7) refers to stdout.o(.data) for __stdout
    printf7.o(i.__0snprintf$7) refers to printf7.o(i._printf_core) for _printf_core
    printf7.o(i.__0snprintf$7) refers to printf7.o(i._snputc) for _snputc
    printf7.o(i.__0sprintf$7) refers to printf7.o(i._printf_core) for _printf_core
    printf7.o(i.__0sprintf$7) refers to printf7.o(i._sputc) for _sputc
    printf7.o(i.__0vfprintf$7) refers to printf7.o(i._printf_core) for _printf_core
    printf7.o(i.__0vfprintf$7) refers to usart1.o(.text) for fputc
    printf7.o(i.__0vprintf$7) refers to printf7.o(i._printf_core) for _printf_core
    printf7.o(i.__0vprintf$7) refers to usart1.o(.text) for fputc
    printf7.o(i.__0vprintf$7) refers to stdout.o(.data) for __stdout
    printf7.o(i.__0vsnprintf$7) refers to printf7.o(i._printf_core) for _printf_core
    printf7.o(i.__0vsnprintf$7) refers to printf7.o(i._snputc) for _snputc
    printf7.o(i.__0vsprintf$7) refers to printf7.o(i._printf_core) for _printf_core
    printf7.o(i.__0vsprintf$7) refers to printf7.o(i._sputc) for _sputc
    printf7.o(i._printf_core) refers to printf7.o(i._printf_pre_padding) for _printf_pre_padding
    printf7.o(i._printf_core) refers to uldiv.o(.text) for __aeabi_uldivmod
    printf7.o(i._printf_core) refers to printf7.o(i._printf_post_padding) for _printf_post_padding
    printf8.o(i.__0fprintf$8) refers to printf8.o(i._printf_core) for _printf_core
    printf8.o(i.__0fprintf$8) refers to usart1.o(.text) for fputc
    printf8.o(i.__0printf$8) refers to printf8.o(i._printf_core) for _printf_core
    printf8.o(i.__0printf$8) refers to usart1.o(.text) for fputc
    printf8.o(i.__0printf$8) refers to stdout.o(.data) for __stdout
    printf8.o(i.__0snprintf$8) refers to printf8.o(i._printf_core) for _printf_core
    printf8.o(i.__0snprintf$8) refers to printf8.o(i._snputc) for _snputc
    printf8.o(i.__0sprintf$8) refers to printf8.o(i._printf_core) for _printf_core
    printf8.o(i.__0sprintf$8) refers to printf8.o(i._sputc) for _sputc
    printf8.o(i.__0vfprintf$8) refers to printf8.o(i._printf_core) for _printf_core
    printf8.o(i.__0vfprintf$8) refers to usart1.o(.text) for fputc
    printf8.o(i.__0vprintf$8) refers to printf8.o(i._printf_core) for _printf_core
    printf8.o(i.__0vprintf$8) refers to usart1.o(.text) for fputc
    printf8.o(i.__0vprintf$8) refers to stdout.o(.data) for __stdout
    printf8.o(i.__0vsnprintf$8) refers to printf8.o(i._printf_core) for _printf_core
    printf8.o(i.__0vsnprintf$8) refers to printf8.o(i._snputc) for _snputc
    printf8.o(i.__0vsprintf$8) refers to printf8.o(i._printf_core) for _printf_core
    printf8.o(i.__0vsprintf$8) refers to printf8.o(i._sputc) for _sputc
    printf8.o(i._printf_core) refers to printf8.o(i._printf_pre_padding) for _printf_pre_padding
    printf8.o(i._printf_core) refers to uldiv.o(.text) for __aeabi_uldivmod
    printf8.o(i._printf_core) refers to printf8.o(i._printf_post_padding) for _printf_post_padding
    printfa.o(i.__0fprintf) refers (Special) to iusefp.o(.text) for __I$use$fp
    printfa.o(i.__0fprintf) refers to printfa.o(i._printf_core) for _printf_core
    printfa.o(i.__0fprintf) refers to usart1.o(.text) for fputc
    printfa.o(i.__0printf) refers (Special) to iusefp.o(.text) for __I$use$fp
    printfa.o(i.__0printf) refers to printfa.o(i._printf_core) for _printf_core
    printfa.o(i.__0printf) refers to usart1.o(.text) for fputc
    printfa.o(i.__0printf) refers to stdout.o(.data) for __stdout
    printfa.o(i.__0snprintf) refers (Special) to iusefp.o(.text) for __I$use$fp
    printfa.o(i.__0snprintf) refers to printfa.o(i._printf_core) for _printf_core
    printfa.o(i.__0snprintf) refers to printfa.o(i._snputc) for _snputc
    printfa.o(i.__0sprintf) refers (Special) to iusefp.o(.text) for __I$use$fp
    printfa.o(i.__0sprintf) refers to printfa.o(i._printf_core) for _printf_core
    printfa.o(i.__0sprintf) refers to printfa.o(i._sputc) for _sputc
    printfa.o(i.__0vfprintf) refers (Special) to iusefp.o(.text) for __I$use$fp
    printfa.o(i.__0vfprintf) refers to printfa.o(i._printf_core) for _printf_core
    printfa.o(i.__0vfprintf) refers to usart1.o(.text) for fputc
    printfa.o(i.__0vprintf) refers (Special) to iusefp.o(.text) for __I$use$fp
    printfa.o(i.__0vprintf) refers to printfa.o(i._printf_core) for _printf_core
    printfa.o(i.__0vprintf) refers to usart1.o(.text) for fputc
    printfa.o(i.__0vprintf) refers to stdout.o(.data) for __stdout
    printfa.o(i.__0vsnprintf) refers (Special) to iusefp.o(.text) for __I$use$fp
    printfa.o(i.__0vsnprintf) refers to printfa.o(i._printf_core) for _printf_core
    printfa.o(i.__0vsnprintf) refers to printfa.o(i._snputc) for _snputc
    printfa.o(i.__0vsprintf) refers (Special) to iusefp.o(.text) for __I$use$fp
    printfa.o(i.__0vsprintf) refers to printfa.o(i._printf_core) for _printf_core
    printfa.o(i.__0vsprintf) refers to printfa.o(i._sputc) for _sputc
    printfa.o(i._fp_digits) refers (Special) to iusefp.o(.text) for __I$use$fp
    printfa.o(i._fp_digits) refers to dmul.o(.text) for __aeabi_dmul
    printfa.o(i._fp_digits) refers to ddiv.o(.text) for __aeabi_ddiv
    printfa.o(i._fp_digits) refers to cdrcmple.o(.text) for __aeabi_cdrcmple
    printfa.o(i._fp_digits) refers to dadd.o(.text) for __aeabi_dadd
    printfa.o(i._fp_digits) refers to dfixul.o(.text) for __aeabi_d2ulz
    printfa.o(i._fp_digits) refers to uldiv.o(.text) for __aeabi_uldivmod
    printfa.o(i._printf_core) refers (Special) to iusefp.o(.text) for __I$use$fp
    printfa.o(i._printf_core) refers to printfa.o(i._printf_pre_padding) for _printf_pre_padding
    printfa.o(i._printf_core) refers to uldiv.o(.text) for __aeabi_uldivmod
    printfa.o(i._printf_core) refers to printfa.o(i._printf_post_padding) for _printf_post_padding
    printfa.o(i._printf_core) refers to printfa.o(i._fp_digits) for _fp_digits
    printfa.o(i._printf_core) refers to uidiv.o(.text) for __aeabi_uidivmod
    printfa.o(i._printf_post_padding) refers (Special) to iusefp.o(.text) for __I$use$fp
    printfa.o(i._printf_pre_padding) refers (Special) to iusefp.o(.text) for __I$use$fp
    printfa.o(i._snputc) refers (Special) to iusefp.o(.text) for __I$use$fp
    printfa.o(i._sputc) refers (Special) to iusefp.o(.text) for __I$use$fp
    fmul.o(.text) refers (Special) to iusefp.o(.text) for __I$use$fp
    fdiv.o(.text) refers (Special) to iusefp.o(.text) for __I$use$fp
    fdiv.o(.text) refers to fepilogue.o(.text) for _float_epilogue
    ffltui.o(.text) refers (Special) to iusefp.o(.text) for __I$use$fp
    ffltui.o(.text) refers to fepilogue.o(.text) for _float_epilogue
    ffixui.o(.text) refers (Special) to iusefp.o(.text) for __I$use$fp
    entry2.o(.ARM.Collect$$$$00000001) refers to entry2.o(.ARM.Collect$$$$00002712) for __lit__00000000
    entry2.o(.ARM.Collect$$$$00002712) refers to startup_stm32f10x_md.o(STACK) for __initial_sp
    entry2.o(__vectab_stack_and_reset_area) refers to startup_stm32f10x_md.o(STACK) for __initial_sp
    entry2.o(__vectab_stack_and_reset_area) refers to entry.o(.ARM.Collect$$$$00000000) for __main
    entry5.o(.ARM.Collect$$$$00000004) refers to init.o(.text) for __scatterload
    entry7.o(.ARM.Collect$$$$00000007) refers to main.o(.text) for main
    uldiv.o(.text) refers to llushr.o(.text) for __aeabi_llsr
    uldiv.o(.text) refers to llshl.o(.text) for __aeabi_llsl
    dadd.o(.text) refers to llushr.o(.text) for __aeabi_llsr
    dadd.o(.text) refers to llshl.o(.text) for __aeabi_llsl
    dadd.o(.text) refers to depilogue.o(.text) for _double_epilogue
    dmul.o(.text) refers to depilogue.o(.text) for _double_epilogue
    ddiv.o(.text) refers to depilogue.o(.text) for _double_epilogue
    dfixul.o(.text) refers to llushr.o(.text) for __aeabi_llsr
    dfixul.o(.text) refers to llshl.o(.text) for __aeabi_llsl
    init.o(.text) refers to entry5.o(.ARM.Collect$$$$00000004) for __main_after_scatterload


==============================================================================

Removing Unused input sections from the image.

    Removing startup_stm32f10x_md.o(HEAP), (512 bytes).
    Removing stm32f10x_flash.o(.text), (1484 bytes).
    Removing core_cm3.o(.emb_text), (32 bytes).
    Removing os_dbg.o(.constdata), (2 bytes).
    Removing dadd.o(.text), (414 bytes).
    Removing dmul.o(.text), (232 bytes).
    Removing ddiv.o(.text), (248 bytes).
    Removing dfixul.o(.text), (50 bytes).
    Removing cdrcmple.o(.text), (76 bytes).
    Removing depilogue.o(.text), (200 bytes).

10 unused section(s) (total 3250 bytes) removed from the image.

==============================================================================

Image Symbol Table

    Local Symbols

    Symbol Name                              Value     Ov Type        Size  Object(Section)

    ../../microlib/division.c                0x00000000   Number         0  uidiv.o ABSOLUTE
    ../../microlib/division.c                0x00000000   Number         0  uldiv.o ABSOLUTE
    ../../microlib/fpadd.c                   0x00000000   Number         0  dadd.o ABSOLUTE
    ../../microlib/fpdiv.c                   0x00000000   Number         0  ddiv.o ABSOLUTE
    ../../microlib/fpdiv.c                   0x00000000   Number         0  fdiv.o ABSOLUTE
    ../../microlib/fpepilogue.c              0x00000000   Number         0  depilogue.o ABSOLUTE
    ../../microlib/fpepilogue.c              0x00000000   Number         0  fepilogue.o ABSOLUTE
    ../../microlib/fpfix.c                   0x00000000   Number         0  dfixul.o ABSOLUTE
    ../../microlib/fpfix.c                   0x00000000   Number         0  ffixui.o ABSOLUTE
    ../../microlib/fpflt.c                   0x00000000   Number         0  ffltui.o ABSOLUTE
    ../../microlib/fpmul.c                   0x00000000   Number         0  dmul.o ABSOLUTE
    ../../microlib/fpmul.c                   0x00000000   Number         0  fmul.o ABSOLUTE
    ../../microlib/init/entry.s              0x00000000   Number         0  entry.o ABSOLUTE
    ../../microlib/init/entry.s              0x00000000   Number         0  entry2.o ABSOLUTE
    ../../microlib/init/entry.s              0x00000000   Number         0  entry7.o ABSOLUTE
    ../../microlib/init/entry.s              0x00000000   Number         0  entry5.o ABSOLUTE
    ../../microlib/longlong.c                0x00000000   Number         0  llushr.o ABSOLUTE
    ../../microlib/longlong.c                0x00000000   Number         0  llshl.o ABSOLUTE
    ../../microlib/printf/printf.c           0x00000000   Number         0  printf0.o ABSOLUTE
    ../../microlib/printf/printf.c           0x00000000   Number         0  printf3.o ABSOLUTE
    ../../microlib/printf/printf.c           0x00000000   Number         0  printf7.o ABSOLUTE
    ../../microlib/printf/printf.c           0x00000000   Number         0  printf6.o ABSOLUTE
    ../../microlib/printf/printf.c           0x00000000   Number         0  printf5.o ABSOLUTE
    ../../microlib/printf/printf.c           0x00000000   Number         0  printf4.o ABSOLUTE
    ../../microlib/printf/printf.c           0x00000000   Number         0  printf8.o ABSOLUTE
    ../../microlib/printf/printf.c           0x00000000   Number         0  printf2.o ABSOLUTE
    ../../microlib/printf/printf.c           0x00000000   Number         0  printf1.o ABSOLUTE
    ../../microlib/printf/printf.c           0x00000000   Number         0  printfa.o ABSOLUTE
    ../../microlib/printf/printf.c           0x00000000   Number         0  printfb.o ABSOLUTE
    ../../microlib/stdio/streams.c           0x00000000   Number         0  stdout.o ABSOLUTE
    ../../microlib/stubs.s                   0x00000000   Number         0  iusefp.o ABSOLUTE
    ..\APP\app.c                             0x00000000   Number         0  app.o ABSOLUTE
    ..\BSP\BSP.c                             0x00000000   Number         0  bsp.o ABSOLUTE
    ..\BSP\adc.c                             0x00000000   Number         0  adc.o ABSOLUTE
    ..\BSP\led.c                             0x00000000   Number         0  led.o ABSOLUTE
    ..\BSP\ledDis.c                          0x00000000   Number         0  leddis.o ABSOLUTE
    ..\BSP\usart1.c                          0x00000000   Number         0  usart1.o ABSOLUTE
    ..\CMSIS\core_cm3.c                      0x00000000   Number         0  core_cm3.o ABSOLUTE
    ..\CMSIS\startup\startup_stm32f10x_md.s  0x00000000   Number         0  startup_stm32f10x_md.o ABSOLUTE
    ..\CMSIS\system_stm32f10x.c              0x00000000   Number         0  system_stm32f10x.o ABSOLUTE
    ..\FWlib\src\stm32f10x_adc.c             0x00000000   Number         0  stm32f10x_adc.o ABSOLUTE
    ..\FWlib\src\stm32f10x_dma.c             0x00000000   Number         0  stm32f10x_dma.o ABSOLUTE
    ..\FWlib\src\stm32f10x_flash.c           0x00000000   Number         0  stm32f10x_flash.o ABSOLUTE
    ..\FWlib\src\stm32f10x_gpio.c            0x00000000   Number         0  stm32f10x_gpio.o ABSOLUTE
    ..\FWlib\src\stm32f10x_rcc.c             0x00000000   Number         0  stm32f10x_rcc.o ABSOLUTE
    ..\FWlib\src\stm32f10x_usart.c           0x00000000   Number         0  stm32f10x_usart.o ABSOLUTE
    ..\\CMSIS\\core_cm3.c                    0x00000000   Number         0  core_cm3.o ABSOLUTE
    ..\uCOS-II\Ports\os_cpu_a.asm            0x00000000   Number         0  os_cpu_a.o ABSOLUTE
    ..\uCOS-II\Ports\os_cpu_c.c              0x00000000   Number         0  os_cpu_c.o ABSOLUTE
    ..\uCOS-II\Ports\os_dbg.c                0x00000000   Number         0  os_dbg.o ABSOLUTE
    ..\uCOS-II\Source\os_core.c              0x00000000   Number         0  os_core.o ABSOLUTE
    ..\uCOS-II\Source\os_flag.c              0x00000000   Number         0  os_flag.o ABSOLUTE
    ..\uCOS-II\Source\os_mbox.c              0x00000000   Number         0  os_mbox.o ABSOLUTE
    ..\uCOS-II\Source\os_mem.c               0x00000000   Number         0  os_mem.o ABSOLUTE
    ..\uCOS-II\Source\os_mutex.c             0x00000000   Number         0  os_mutex.o ABSOLUTE
    ..\uCOS-II\Source\os_q.c                 0x00000000   Number         0  os_q.o ABSOLUTE
    ..\uCOS-II\Source\os_sem.c               0x00000000   Number         0  os_sem.o ABSOLUTE
    ..\uCOS-II\Source\os_task.c              0x00000000   Number         0  os_task.o ABSOLUTE
    ..\uCOS-II\Source\os_time.c              0x00000000   Number         0  os_time.o ABSOLUTE
    ..\uCOS-II\Source\os_tmr.c               0x00000000   Number         0  os_tmr.o ABSOLUTE
    cdrcmple.s                               0x00000000   Number         0  cdrcmple.o ABSOLUTE
    dc.s                                     0x00000000   Number         0  dc.o ABSOLUTE
    handlers.s                               0x00000000   Number         0  handlers.o ABSOLUTE
    init.s                                   0x00000000   Number         0  init.o ABSOLUTE
    main.c                                   0x00000000   Number         0  main.o ABSOLUTE
    stm32f10x_it.c                           0x00000000   Number         0  stm32f10x_it.o ABSOLUTE
    RESET                                    0x08000000   Section      236  startup_stm32f10x_md.o(RESET)
    .ARM.Collect$$$$00000000                 0x080000ec   Section        0  entry.o(.ARM.Collect$$$$00000000)
    .ARM.Collect$$$$00000001                 0x080000ec   Section        4  entry2.o(.ARM.Collect$$$$00000001)
    .ARM.Collect$$$$00000004                 0x080000f0   Section        4  entry5.o(.ARM.Collect$$$$00000004)
    .ARM.Collect$$$$00000007                 0x080000f4   Section        8  entry7.o(.ARM.Collect$$$$00000007)
    .ARM.Collect$$$$00002712                 0x080000fc   Section        4  entry2.o(.ARM.Collect$$$$00002712)
    __lit__00000000                          0x080000fc   Data           4  entry2.o(.ARM.Collect$$$$00002712)
    .text                                    0x08000100   Section       36  startup_stm32f10x_md.o(.text)
    .text                                    0x08000124   Section       40  main.o(.text)
    .text                                    0x0800014c   Section       40  stm32f10x_it.o(.text)
    .text                                    0x08000174   Section      840  stm32f10x_gpio.o(.text)
    .text                                    0x080004bc   Section      912  stm32f10x_rcc.o(.text)
    .text                                    0x0800084c   Section     1032  stm32f10x_usart.o(.text)
    .text                                    0x08000c54   Section      604  stm32f10x_dma.o(.text)
    .text                                    0x08000eb0   Section     1070  stm32f10x_adc.o(.text)
    .text                                    0x080012e0   Section      456  system_stm32f10x.o(.text)
    SetSysClockTo72                          0x080012e1   Thumb Code   192  system_stm32f10x.o(.text)
    SetSysClock                              0x080013a1   Thumb Code     8  system_stm32f10x.o(.text)
    .text                                    0x080014a8   Section      588  app.o(.text)
    .text                                    0x080016f4   Section      120  bsp.o(.text)
    .text                                    0x0800176c   Section       52  led.o(.text)
    .text                                    0x080017a0   Section      512  usart1.o(.text)
    itoa                                     0x08001833   Thumb Code    94  usart1.o(.text)
    .text                                    0x080019a0   Section      124  leddis.o(.text)
    .text                                    0x08001a1c   Section      280  adc.o(.text)
    ADC1_GPIO_Config                         0x08001a1d   Thumb Code    42  adc.o(.text)
    ADC1_Mode_Config                         0x08001a47   Thumb Code   210  adc.o(.text)
    .text                                    0x08001b34   Section     1792  os_core.o(.text)
    OS_InitTaskStat                          0x08001bdf   Thumb Code    56  os_core.o(.text)
    OS_InitTaskIdle                          0x08001c39   Thumb Code    56  os_core.o(.text)
    OS_InitEventList                         0x08001c71   Thumb Code     2  os_core.o(.text)
    OS_InitTCBList                           0x08001c85   Thumb Code    86  os_core.o(.text)
    OS_InitRdyList                           0x08001cdb   Thumb Code    46  os_core.o(.text)
    OS_InitMisc                              0x08001d09   Thumb Code    44  os_core.o(.text)
    OS_SchedNew                              0x08001d75   Thumb Code    26  os_core.o(.text)
    .text                                    0x08002234   Section     1992  os_task.o(.text)
    .text                                    0x080029fc   Section      480  os_time.o(.text)
    .text                                    0x08002bdc   Section      164  os_cpu_a.o(.text)
    .text                                    0x08002c80   Section      172  os_cpu_c.o(.text)
    .text                                    0x08002d2c   Section      102  fmul.o(.text)
    .text                                    0x08002d92   Section      108  fdiv.o(.text)
    .text                                    0x08002dfe   Section       10  ffltui.o(.text)
    .text                                    0x08002e08   Section       40  ffixui.o(.text)
    .text                                    0x08002e30   Section        0  iusefp.o(.text)
    .text                                    0x08002e30   Section       92  fepilogue.o(.text)
    .text                                    0x08002e8c   Section       36  init.o(.text)
    i.__0printf$bare                         0x08002eb0   Section       16  printfb.o(i.__0printf$bare)
    i.__scatterload_copy                     0x08002ec0   Section       14  handlers.o(i.__scatterload_copy)
    i.__scatterload_null                     0x08002ece   Section        2  handlers.o(i.__scatterload_null)
    i.__scatterload_zeroinit                 0x08002ed0   Section       14  handlers.o(i.__scatterload_zeroinit)
    i._printf_core                           0x08002ede   Section       34  printfb.o(i._printf_core)
    _printf_core                             0x08002edf   Thumb Code    34  printfb.o(i._printf_core)
    .constdata                               0x08002f00   Section       10  app.o(.constdata)
    .constdata                               0x08002f0a   Section      256  os_core.o(.constdata)
    .data                                    0x20000000   Section       20  stm32f10x_rcc.o(.data)
    APBAHBPrescTable                         0x20000000   Data          16  stm32f10x_rcc.o(.data)
    ADCPrescTable                            0x20000010   Data           4  stm32f10x_rcc.o(.data)
    .data                                    0x20000014   Section       20  system_stm32f10x.o(.data)
    .data                                    0x20000028   Section        1  app.o(.data)
    .data                                    0x2000002a   Section        2  adc.o(.data)
    .data                                    0x2000002c   Section       56  os_core.o(.data)
    .data                                    0x20000064   Section        4  stdout.o(.data)
    .bss                                     0x20000068   Section      320  main.o(.bss)
    startup_task_stk                         0x20000068   Data         320  main.o(.bss)
    .bss                                     0x200001a8   Section     1280  app.o(.bss)
    led_task_stk                             0x200001a8   Data         320  app.o(.bss)
    usart1_task_stk                          0x200002e8   Data         320  app.o(.bss)
    ledDis_task_stk                          0x20000428   Data         320  app.o(.bss)
    adc1_task_stk                            0x20000568   Data         320  app.o(.bss)
    .bss                                     0x200006a8   Section     2520  os_core.o(.bss)
    STACK                                    0x20001080   Section     1024  startup_stm32f10x_md.o(STACK)

    Global Symbols

    Symbol Name                              Value     Ov Type        Size  Object(Section)

    BuildAttributes$$THM_ISAv4$P$D$K$B$S$PE$A:L22UL41UL21$X:L11$S22US41US21$IEEE1$IW$USESV6$~STKCKD$USESV7$~SHL$OSPACE$ROPI$EBA8$MICROLIB$REQ8$PRES8$EABIv2 0x00000000   Number         0  anon$$obj.o ABSOLUTE
    __ARM_use_no_argv                        0x00000000   Number         0  main.o ABSOLUTE
    __decompress                              - Undefined Weak Reference
    __Vectors_Size                           0x000000ec   Number         0  startup_stm32f10x_md.o ABSOLUTE
    __Vectors                                0x08000000   Data           4  startup_stm32f10x_md.o(RESET)
    __Vectors_End                            0x080000ec   Data           0  startup_stm32f10x_md.o(RESET)
    __main                                   0x080000ed   Thumb Code     0  entry.o(.ARM.Collect$$$$00000000)
    _main_stk                                0x080000ed   Thumb Code     0  entry2.o(.ARM.Collect$$$$00000001)
    _main_scatterload                        0x080000f1   Thumb Code     0  entry5.o(.ARM.Collect$$$$00000004)
    __main_after_scatterload                 0x080000f5   Thumb Code     0  entry5.o(.ARM.Collect$$$$00000004)
    _main_init                               0x080000f5   Thumb Code     0  entry7.o(.ARM.Collect$$$$00000007)
    Reset_Handler                            0x08000101   Thumb Code     8  startup_stm32f10x_md.o(.text)
    ADC1_2_IRQHandler                        0x0800011b   Thumb Code     0  startup_stm32f10x_md.o(.text)
    CAN1_RX1_IRQHandler                      0x0800011b   Thumb Code     0  startup_stm32f10x_md.o(.text)
    CAN1_SCE_IRQHandler                      0x0800011b   Thumb Code     0  startup_stm32f10x_md.o(.text)
    DMA1_Channel1_IRQHandler                 0x0800011b   Thumb Code     0  startup_stm32f10x_md.o(.text)
    DMA1_Channel2_IRQHandler                 0x0800011b   Thumb Code     0  startup_stm32f10x_md.o(.text)
    DMA1_Channel3_IRQHandler                 0x0800011b   Thumb Code     0  startup_stm32f10x_md.o(.text)
    DMA1_Channel4_IRQHandler                 0x0800011b   Thumb Code     0  startup_stm32f10x_md.o(.text)
    DMA1_Channel5_IRQHandler                 0x0800011b   Thumb Code     0  startup_stm32f10x_md.o(.text)
    DMA1_Channel6_IRQHandler                 0x0800011b   Thumb Code     0  startup_stm32f10x_md.o(.text)
    DMA1_Channel7_IRQHandler                 0x0800011b   Thumb Code     0  startup_stm32f10x_md.o(.text)
    EXTI0_IRQHandler                         0x0800011b   Thumb Code     0  startup_stm32f10x_md.o(.text)
    EXTI15_10_IRQHandler                     0x0800011b   Thumb Code     0  startup_stm32f10x_md.o(.text)
    EXTI1_IRQHandler                         0x0800011b   Thumb Code     0  startup_stm32f10x_md.o(.text)
    EXTI2_IRQHandler                         0x0800011b   Thumb Code     0  startup_stm32f10x_md.o(.text)
    EXTI3_IRQHandler                         0x0800011b   Thumb Code     0  startup_stm32f10x_md.o(.text)
    EXTI4_IRQHandler                         0x0800011b   Thumb Code     0  startup_stm32f10x_md.o(.text)
    EXTI9_5_IRQHandler                       0x0800011b   Thumb Code     0  startup_stm32f10x_md.o(.text)
    FLASH_IRQHandler                         0x0800011b   Thumb Code     0  startup_stm32f10x_md.o(.text)
    I2C1_ER_IRQHandler                       0x0800011b   Thumb Code     0  startup_stm32f10x_md.o(.text)
    I2C1_EV_IRQHandler                       0x0800011b   Thumb Code     0  startup_stm32f10x_md.o(.text)
    I2C2_ER_IRQHandler                       0x0800011b   Thumb Code     0  startup_stm32f10x_md.o(.text)
    I2C2_EV_IRQHandler                       0x0800011b   Thumb Code     0  startup_stm32f10x_md.o(.text)
    PVD_IRQHandler                           0x0800011b   Thumb Code     0  startup_stm32f10x_md.o(.text)
    RCC_IRQHandler                           0x0800011b   Thumb Code     0  startup_stm32f10x_md.o(.text)
    RTCAlarm_IRQHandler                      0x0800011b   Thumb Code     0  startup_stm32f10x_md.o(.text)
    RTC_IRQHandler                           0x0800011b   Thumb Code     0  startup_stm32f10x_md.o(.text)
    SPI1_IRQHandler                          0x0800011b   Thumb Code     0  startup_stm32f10x_md.o(.text)
    SPI2_IRQHandler                          0x0800011b   Thumb Code     0  startup_stm32f10x_md.o(.text)
    TAMPER_IRQHandler                        0x0800011b   Thumb Code     0  startup_stm32f10x_md.o(.text)
    TIM1_BRK_IRQHandler                      0x0800011b   Thumb Code     0  startup_stm32f10x_md.o(.text)
    TIM1_CC_IRQHandler                       0x0800011b   Thumb Code     0  startup_stm32f10x_md.o(.text)
    TIM1_TRG_COM_IRQHandler                  0x0800011b   Thumb Code     0  startup_stm32f10x_md.o(.text)
    TIM1_UP_IRQHandler                       0x0800011b   Thumb Code     0  startup_stm32f10x_md.o(.text)
    TIM2_IRQHandler                          0x0800011b   Thumb Code     0  startup_stm32f10x_md.o(.text)
    TIM3_IRQHandler                          0x0800011b   Thumb Code     0  startup_stm32f10x_md.o(.text)
    TIM4_IRQHandler                          0x0800011b   Thumb Code     0  startup_stm32f10x_md.o(.text)
    USART1_IRQHandler                        0x0800011b   Thumb Code     0  startup_stm32f10x_md.o(.text)
    USART2_IRQHandler                        0x0800011b   Thumb Code     0  startup_stm32f10x_md.o(.text)
    USART3_IRQHandler                        0x0800011b   Thumb Code     0  startup_stm32f10x_md.o(.text)
    USBWakeUp_IRQHandler                     0x0800011b   Thumb Code     0  startup_stm32f10x_md.o(.text)
    USB_HP_CAN1_TX_IRQHandler                0x0800011b   Thumb Code     0  startup_stm32f10x_md.o(.text)
    USB_LP_CAN1_RX0_IRQHandler               0x0800011b   Thumb Code     0  startup_stm32f10x_md.o(.text)
    WWDG_IRQHandler                          0x0800011b   Thumb Code     0  startup_stm32f10x_md.o(.text)
    main                                     0x08000125   Thumb Code    30  main.o(.text)
    NMI_Handler                              0x0800014d   Thumb Code     2  stm32f10x_it.o(.text)
    HardFault_Handler                        0x0800014f   Thumb Code     4  stm32f10x_it.o(.text)
    MemManage_Handler                        0x08000153   Thumb Code     4  stm32f10x_it.o(.text)
    BusFault_Handler                         0x08000157   Thumb Code     4  stm32f10x_it.o(.text)
    UsageFault_Handler                       0x0800015b   Thumb Code     4  stm32f10x_it.o(.text)
    SVC_Handler                              0x0800015f   Thumb Code     2  stm32f10x_it.o(.text)
    DebugMon_Handler                         0x08000161   Thumb Code     2  stm32f10x_it.o(.text)
    PendSV_Handler                           0x08000163   Thumb Code     2  stm32f10x_it.o(.text)
    SysTick_Handler                          0x08000165   Thumb Code    16  stm32f10x_it.o(.text)
    GPIO_DeInit                              0x08000175   Thumb Code   172  stm32f10x_gpio.o(.text)
    GPIO_AFIODeInit                          0x08000221   Thumb Code    20  stm32f10x_gpio.o(.text)
    GPIO_Init                                0x08000235   Thumb Code   268  stm32f10x_gpio.o(.text)
    GPIO_StructInit                          0x08000341   Thumb Code    16  stm32f10x_gpio.o(.text)
    GPIO_ReadInputDataBit                    0x08000351   Thumb Code    18  stm32f10x_gpio.o(.text)
    GPIO_ReadInputData                       0x08000363   Thumb Code     8  stm32f10x_gpio.o(.text)
    GPIO_ReadOutputDataBit                   0x0800036b   Thumb Code    18  stm32f10x_gpio.o(.text)
    GPIO_ReadOutputData                      0x0800037d   Thumb Code     8  stm32f10x_gpio.o(.text)
    GPIO_SetBits                             0x08000385   Thumb Code     4  stm32f10x_gpio.o(.text)
    GPIO_ResetBits                           0x08000389   Thumb Code     4  stm32f10x_gpio.o(.text)
    GPIO_WriteBit                            0x0800038d   Thumb Code    10  stm32f10x_gpio.o(.text)
    GPIO_Write                               0x08000397   Thumb Code     4  stm32f10x_gpio.o(.text)
    GPIO_PinLockConfig                       0x0800039b   Thumb Code    18  stm32f10x_gpio.o(.text)
    GPIO_EventOutputConfig                   0x080003ad   Thumb Code    24  stm32f10x_gpio.o(.text)
    GPIO_EventOutputCmd                      0x080003c5   Thumb Code     6  stm32f10x_gpio.o(.text)
    GPIO_PinRemapConfig                      0x080003cb   Thumb Code   136  stm32f10x_gpio.o(.text)
    GPIO_EXTILineConfig                      0x08000453   Thumb Code    60  stm32f10x_gpio.o(.text)
    GPIO_ETH_MediaInterfaceConfig            0x0800048f   Thumb Code     8  stm32f10x_gpio.o(.text)
    RCC_DeInit                               0x080004bd   Thumb Code    64  stm32f10x_rcc.o(.text)
    RCC_HSEConfig                            0x080004fd   Thumb Code    70  stm32f10x_rcc.o(.text)
    RCC_GetFlagStatus                        0x08000543   Thumb Code    56  stm32f10x_rcc.o(.text)
    RCC_WaitForHSEStartUp                    0x0800057b   Thumb Code    48  stm32f10x_rcc.o(.text)
    RCC_AdjustHSICalibrationValue            0x080005ab   Thumb Code    18  stm32f10x_rcc.o(.text)
    RCC_HSICmd                               0x080005bd   Thumb Code     6  stm32f10x_rcc.o(.text)
    RCC_PLLConfig                            0x080005c3   Thumb Code    22  stm32f10x_rcc.o(.text)
    RCC_PLLCmd                               0x080005d9   Thumb Code     6  stm32f10x_rcc.o(.text)
    RCC_SYSCLKConfig                         0x080005df   Thumb Code    16  stm32f10x_rcc.o(.text)
    RCC_GetSYSCLKSource                      0x080005ef   Thumb Code    10  stm32f10x_rcc.o(.text)
    RCC_HCLKConfig                           0x080005f9   Thumb Code    16  stm32f10x_rcc.o(.text)
    RCC_PCLK1Config                          0x08000609   Thumb Code    16  stm32f10x_rcc.o(.text)
    RCC_PCLK2Config                          0x08000619   Thumb Code    18  stm32f10x_rcc.o(.text)
    RCC_ITConfig                             0x0800062b   Thumb Code    30  stm32f10x_rcc.o(.text)
    RCC_USBCLKConfig                         0x08000649   Thumb Code     8  stm32f10x_rcc.o(.text)
    RCC_ADCCLKConfig                         0x08000651   Thumb Code    16  stm32f10x_rcc.o(.text)
    RCC_LSEConfig                            0x08000661   Thumb Code    50  stm32f10x_rcc.o(.text)
    RCC_LSICmd                               0x08000693   Thumb Code     6  stm32f10x_rcc.o(.text)
    RCC_RTCCLKConfig                         0x08000699   Thumb Code    12  stm32f10x_rcc.o(.text)
    RCC_RTCCLKCmd                            0x080006a5   Thumb Code     8  stm32f10x_rcc.o(.text)
    RCC_GetClocksFreq                        0x080006ad   Thumb Code   194  stm32f10x_rcc.o(.text)
    RCC_AHBPeriphClockCmd                    0x0800076f   Thumb Code    26  stm32f10x_rcc.o(.text)
    RCC_APB2PeriphClockCmd                   0x08000789   Thumb Code    26  stm32f10x_rcc.o(.text)
    RCC_APB1PeriphClockCmd                   0x080007a3   Thumb Code    26  stm32f10x_rcc.o(.text)
    RCC_APB2PeriphResetCmd                   0x080007bd   Thumb Code    26  stm32f10x_rcc.o(.text)
    RCC_APB1PeriphResetCmd                   0x080007d7   Thumb Code    26  stm32f10x_rcc.o(.text)
    RCC_BackupResetCmd                       0x080007f1   Thumb Code     8  stm32f10x_rcc.o(.text)
    RCC_ClockSecuritySystemCmd               0x080007f9   Thumb Code     6  stm32f10x_rcc.o(.text)
    RCC_MCOConfig                            0x080007ff   Thumb Code     6  stm32f10x_rcc.o(.text)
    RCC_ClearFlag                            0x08000805   Thumb Code    14  stm32f10x_rcc.o(.text)
    RCC_GetITStatus                          0x08000813   Thumb Code    20  stm32f10x_rcc.o(.text)
    RCC_ClearITPendingBit                    0x08000827   Thumb Code     6  stm32f10x_rcc.o(.text)
    USART_DeInit                             0x0800084d   Thumb Code   134  stm32f10x_usart.o(.text)
    USART_Init                               0x080008d3   Thumb Code   210  stm32f10x_usart.o(.text)
    USART_StructInit                         0x080009a5   Thumb Code    24  stm32f10x_usart.o(.text)
    USART_ClockInit                          0x080009bd   Thumb Code    32  stm32f10x_usart.o(.text)
    USART_ClockStructInit                    0x080009dd   Thumb Code    12  stm32f10x_usart.o(.text)
    USART_Cmd                                0x080009e9   Thumb Code    24  stm32f10x_usart.o(.text)
    USART_ITConfig                           0x08000a01   Thumb Code    72  stm32f10x_usart.o(.text)
    USART_DMACmd                             0x08000a49   Thumb Code    24  stm32f10x_usart.o(.text)
    USART_SetAddress                         0x08000a61   Thumb Code    18  stm32f10x_usart.o(.text)
    USART_WakeUpConfig                       0x08000a73   Thumb Code    18  stm32f10x_usart.o(.text)
    USART_ReceiverWakeUpCmd                  0x08000a85   Thumb Code    24  stm32f10x_usart.o(.text)
    USART_LINBreakDetectLengthConfig         0x08000a9d   Thumb Code    18  stm32f10x_usart.o(.text)
    USART_LINCmd                             0x08000aaf   Thumb Code    24  stm32f10x_usart.o(.text)
    USART_SendData                           0x08000ac7   Thumb Code     8  stm32f10x_usart.o(.text)
    USART_ReceiveData                        0x08000acf   Thumb Code    10  stm32f10x_usart.o(.text)
    USART_SendBreak                          0x08000ad9   Thumb Code    10  stm32f10x_usart.o(.text)
    USART_SetGuardTime                       0x08000ae3   Thumb Code    16  stm32f10x_usart.o(.text)
    USART_SetPrescaler                       0x08000af3   Thumb Code    16  stm32f10x_usart.o(.text)
    USART_SmartCardCmd                       0x08000b03   Thumb Code    24  stm32f10x_usart.o(.text)
    USART_SmartCardNACKCmd                   0x08000b1b   Thumb Code    24  stm32f10x_usart.o(.text)
    USART_HalfDuplexCmd                      0x08000b33   Thumb Code    24  stm32f10x_usart.o(.text)
    USART_OverSampling8Cmd                   0x08000b4b   Thumb Code    22  stm32f10x_usart.o(.text)
    USART_OneBitMethodCmd                    0x08000b61   Thumb Code    24  stm32f10x_usart.o(.text)
    USART_IrDAConfig                         0x08000b79   Thumb Code    18  stm32f10x_usart.o(.text)
    USART_IrDACmd                            0x08000b8b   Thumb Code    24  stm32f10x_usart.o(.text)
    USART_GetFlagStatus                      0x08000ba3   Thumb Code    26  stm32f10x_usart.o(.text)
    USART_ClearFlag                          0x08000bbd   Thumb Code    18  stm32f10x_usart.o(.text)
    USART_GetITStatus                        0x08000bcf   Thumb Code    84  stm32f10x_usart.o(.text)
    USART_ClearITPendingBit                  0x08000c23   Thumb Code    50  stm32f10x_usart.o(.text)
    DMA_DeInit                               0x08000c55   Thumb Code   336  stm32f10x_dma.o(.text)
    DMA_Init                                 0x08000da5   Thumb Code    60  stm32f10x_dma.o(.text)
    DMA_StructInit                           0x08000de1   Thumb Code    26  stm32f10x_dma.o(.text)
    DMA_Cmd                                  0x08000dfb   Thumb Code    24  stm32f10x_dma.o(.text)
    DMA_ITConfig                             0x08000e13   Thumb Code    18  stm32f10x_dma.o(.text)
    DMA_SetCurrDataCounter                   0x08000e25   Thumb Code     4  stm32f10x_dma.o(.text)
    DMA_GetCurrDataCounter                   0x08000e29   Thumb Code     8  stm32f10x_dma.o(.text)
    DMA_GetFlagStatus                        0x08000e31   Thumb Code    38  stm32f10x_dma.o(.text)
    DMA_ClearFlag                            0x08000e57   Thumb Code    22  stm32f10x_dma.o(.text)
    DMA_GetITStatus                          0x08000e6d   Thumb Code    38  stm32f10x_dma.o(.text)
    DMA_ClearITPendingBit                    0x08000e93   Thumb Code    22  stm32f10x_dma.o(.text)
    ADC_DeInit                               0x08000eb1   Thumb Code    78  stm32f10x_adc.o(.text)
    ADC_Init                                 0x08000eff   Thumb Code    68  stm32f10x_adc.o(.text)
    ADC_StructInit                           0x08000f43   Thumb Code    18  stm32f10x_adc.o(.text)
    ADC_Cmd                                  0x08000f55   Thumb Code    22  stm32f10x_adc.o(.text)
    ADC_DMACmd                               0x08000f6b   Thumb Code    22  stm32f10x_adc.o(.text)
    ADC_ITConfig                             0x08000f81   Thumb Code    24  stm32f10x_adc.o(.text)
    ADC_ResetCalibration                     0x08000f99   Thumb Code    10  stm32f10x_adc.o(.text)
    ADC_GetResetCalibrationStatus            0x08000fa3   Thumb Code    20  stm32f10x_adc.o(.text)
    ADC_StartCalibration                     0x08000fb7   Thumb Code    10  stm32f10x_adc.o(.text)
    ADC_GetCalibrationStatus                 0x08000fc1   Thumb Code    20  stm32f10x_adc.o(.text)
    ADC_SoftwareStartConvCmd                 0x08000fd5   Thumb Code    22  stm32f10x_adc.o(.text)
    ADC_GetSoftwareStartConvStatus           0x08000feb   Thumb Code    20  stm32f10x_adc.o(.text)
    ADC_DiscModeChannelCountConfig           0x08000fff   Thumb Code    22  stm32f10x_adc.o(.text)
    ADC_DiscModeCmd                          0x08001015   Thumb Code    22  stm32f10x_adc.o(.text)
    ADC_RegularChannelConfig                 0x0800102b   Thumb Code   180  stm32f10x_adc.o(.text)
    ADC_ExternalTrigConvCmd                  0x080010df   Thumb Code    22  stm32f10x_adc.o(.text)
    ADC_GetConversionValue                   0x080010f5   Thumb Code     8  stm32f10x_adc.o(.text)
    ADC_GetDualModeConversionValue           0x080010fd   Thumb Code     8  stm32f10x_adc.o(.text)
    ADC_AutoInjectedConvCmd                  0x08001105   Thumb Code    22  stm32f10x_adc.o(.text)
    ADC_InjectedDiscModeCmd                  0x0800111b   Thumb Code    22  stm32f10x_adc.o(.text)
    ADC_ExternalTrigInjectedConvConfig       0x08001131   Thumb Code    14  stm32f10x_adc.o(.text)
    ADC_ExternalTrigInjectedConvCmd          0x0800113f   Thumb Code    22  stm32f10x_adc.o(.text)
    ADC_SoftwareStartInjectedConvCmd         0x08001155   Thumb Code    22  stm32f10x_adc.o(.text)
    ADC_GetSoftwareStartInjectedConvCmdStatus 0x0800116b   Thumb Code    20  stm32f10x_adc.o(.text)
    ADC_InjectedChannelConfig                0x0800117f   Thumb Code   126  stm32f10x_adc.o(.text)
    ADC_InjectedSequencerLengthConfig        0x080011fd   Thumb Code    22  stm32f10x_adc.o(.text)
    ADC_SetInjectedOffset                    0x08001213   Thumb Code    14  stm32f10x_adc.o(.text)
    ADC_GetInjectedConversionValue           0x08001221   Thumb Code    20  stm32f10x_adc.o(.text)
    ADC_AnalogWatchdogCmd                    0x08001235   Thumb Code    14  stm32f10x_adc.o(.text)
    ADC_AnalogWatchdogThresholdsConfig       0x08001243   Thumb Code     6  stm32f10x_adc.o(.text)
    ADC_AnalogWatchdogSingleChannelConfig    0x08001249   Thumb Code    14  stm32f10x_adc.o(.text)
    ADC_TempSensorVrefintCmd                 0x08001257   Thumb Code    38  stm32f10x_adc.o(.text)
    ADC_GetFlagStatus                        0x0800127d   Thumb Code    18  stm32f10x_adc.o(.text)
    ADC_ClearFlag                            0x0800128f   Thumb Code    34  stm32f10x_adc.o(.text)
    ADC_GetITStatus                          0x080012b1   Thumb Code    36  stm32f10x_adc.o(.text)
    ADC_ClearITPendingBit                    0x080012d5   Thumb Code    10  stm32f10x_adc.o(.text)
    SystemInit                               0x080013a9   Thumb Code    78  system_stm32f10x.o(.text)
    SystemCoreClockUpdate                    0x080013f7   Thumb Code   142  system_stm32f10x.o(.text)
    Task_ADC1                                0x080014a9   Thumb Code    56  app.o(.text)
    Task_LEDDIS                              0x080014e1   Thumb Code   276  app.o(.text)
    Task_USART1                              0x080015f5   Thumb Code    26  app.o(.text)
    Task_LED                                 0x0800160f   Thumb Code   108  app.o(.text)
    Task_START                               0x0800167b   Thumb Code    74  app.o(.text)
    SysTick_Init                             0x080016f5   Thumb Code    80  bsp.o(.text)
    BSP_Init                                 0x08001745   Thumb Code    28  bsp.o(.text)
    LED_GPIO_config                          0x0800176d   Thumb Code    46  led.o(.text)
    USART1_Config                            0x080017a1   Thumb Code   114  usart1.o(.text)
    fputc                                    0x08001813   Thumb Code    32  usart1.o(.text)
    USART1_printf                            0x08001891   Thumb Code   262  usart1.o(.text)
    LEDDIS_GPIO_Configuration                0x080019a1   Thumb Code    50  leddis.o(.text)
    data_shift                               0x080019d3   Thumb Code    68  leddis.o(.text)
    ADC1_Init                                0x08001b19   Thumb Code    12  adc.o(.text)
    OS_TaskStatStkChk                        0x08001b35   Thumb Code    54  os_core.o(.text)
    OS_TaskStat                              0x08001b6b   Thumb Code   116  os_core.o(.text)
    OS_TaskIdle                              0x08001c17   Thumb Code    34  os_core.o(.text)
    OS_MemClr                                0x08001c73   Thumb Code    18  os_core.o(.text)
    OSInit                                   0x08001d35   Thumb Code    36  os_core.o(.text)
    OSIntEnter                               0x08001d59   Thumb Code    28  os_core.o(.text)
    OSIntExit                                0x08001d8f   Thumb Code   112  os_core.o(.text)
    OSSchedLock                              0x08001dff   Thumb Code    50  os_core.o(.text)
    OS_Sched                                 0x08001e31   Thumb Code    86  os_core.o(.text)
    OSSchedUnlock                            0x08001e87   Thumb Code    84  os_core.o(.text)
    OSStart                                  0x08001edb   Thumb Code    48  os_core.o(.text)
    OSStatInit                               0x08001f0b   Thumb Code   192  os_core.o(.text)
    OSTimeTick                               0x08001fcb   Thumb Code   200  os_core.o(.text)
    OSVersion                                0x08002093   Thumb Code     6  os_core.o(.text)
    OS_Dummy                                 0x08002099   Thumb Code     2  os_core.o(.text)
    OS_MemCopy                               0x0800209b   Thumb Code    20  os_core.o(.text)
    OS_StrCopy                               0x080020af   Thumb Code    28  os_core.o(.text)
    OS_StrLen                                0x080020cb   Thumb Code    20  os_core.o(.text)
    OS_TCBInit                               0x080020df   Thumb Code   304  os_core.o(.text)
    OSTaskChangePrio                         0x08002235   Thumb Code   270  os_task.o(.text)
    OSTaskCreate                             0x08002343   Thumb Code   158  os_task.o(.text)
    OS_TaskStkClr                            0x080023e1   Thumb Code    26  os_task.o(.text)
    OSTaskCreateExt                          0x080023fb   Thumb Code   184  os_task.o(.text)
    OSTaskDel                                0x080024b3   Thumb Code   288  os_task.o(.text)
    OSTaskDelReq                             0x080025d3   Thumb Code   154  os_task.o(.text)
    OSTaskNameGet                            0x0800266d   Thumb Code   148  os_task.o(.text)
    OSTaskNameSet                            0x08002701   Thumb Code   162  os_task.o(.text)
    OSTaskResume                             0x080027a3   Thumb Code   156  os_task.o(.text)
    OSTaskStkChk                             0x0800283f   Thumb Code   152  os_task.o(.text)
    OSTaskSuspend                            0x080028d7   Thumb Code   168  os_task.o(.text)
    OSTaskQuery                              0x0800297f   Thumb Code   100  os_task.o(.text)
    OSTimeDly                                0x080029fd   Thumb Code    94  os_time.o(.text)
    OSTimeDlyHMSM                            0x08002a5b   Thumb Code   154  os_time.o(.text)
    OSTimeDlyResume                          0x08002af5   Thumb Code   158  os_time.o(.text)
    OSTimeGet                                0x08002b93   Thumb Code    24  os_time.o(.text)
    OSTimeSet                                0x08002bab   Thumb Code    24  os_time.o(.text)
    OS_CPU_SR_Save                           0x08002bdd   Thumb Code     0  os_cpu_a.o(.text)
    OS_CPU_SR_Restore                        0x08002be5   Thumb Code     0  os_cpu_a.o(.text)
    OSStartHighRdy                           0x08002beb   Thumb Code     0  os_cpu_a.o(.text)
    OSCtxSw                                  0x08002c0b   Thumb Code     0  os_cpu_a.o(.text)
    OSIntCtxSw                               0x08002c15   Thumb Code     0  os_cpu_a.o(.text)
    OS_CPU_PendSVHandler                     0x08002c1f   Thumb Code     0  os_cpu_a.o(.text)
    OSInitHookBegin                          0x08002c81   Thumb Code     2  os_cpu_c.o(.text)
    OSInitHookEnd                            0x08002c83   Thumb Code     2  os_cpu_c.o(.text)
    OSTaskCreateHook                         0x08002c85   Thumb Code     2  os_cpu_c.o(.text)
    OSTaskDelHook                            0x08002c87   Thumb Code     2  os_cpu_c.o(.text)
    OSTaskIdleHook                           0x08002c89   Thumb Code     2  os_cpu_c.o(.text)
    OSTaskStatHook                           0x08002c8b   Thumb Code     2  os_cpu_c.o(.text)
    OSTaskStkInit                            0x08002c8d   Thumb Code   154  os_cpu_c.o(.text)
    OSTaskSwHook                             0x08002d27   Thumb Code     2  os_cpu_c.o(.text)
    OSTCBInitHook                            0x08002d29   Thumb Code     2  os_cpu_c.o(.text)
    OSTimeTickHook                           0x08002d2b   Thumb Code     2  os_cpu_c.o(.text)
    __aeabi_fmul                             0x08002d2d   Thumb Code   102  fmul.o(.text)
    __aeabi_fdiv                             0x08002d93   Thumb Code   108  fdiv.o(.text)
    __aeabi_ui2f                             0x08002dff   Thumb Code    10  ffltui.o(.text)
    __aeabi_f2uiz                            0x08002e09   Thumb Code    40  ffixui.o(.text)
    __I$use$fp                               0x08002e31   Thumb Code     0  iusefp.o(.text)
    _float_round                             0x08002e31   Thumb Code    18  fepilogue.o(.text)
    _float_epilogue                          0x08002e43   Thumb Code    74  fepilogue.o(.text)
    __scatterload                            0x08002e8d   Thumb Code    28  init.o(.text)
    __scatterload_rt2                        0x08002e8d   Thumb Code     0  init.o(.text)
    __0printf$bare                           0x08002eb1   Thumb Code     8  printfb.o(i.__0printf$bare)
    __1printf$bare                           0x08002eb1   Thumb Code     0  printfb.o(i.__0printf$bare)
    __2printf                                0x08002eb1   Thumb Code     0  printfb.o(i.__0printf$bare)
    __scatterload_copy                       0x08002ec1   Thumb Code    14  handlers.o(i.__scatterload_copy)
    __scatterload_null                       0x08002ecf   Thumb Code     2  handlers.o(i.__scatterload_null)
    __scatterload_zeroinit                   0x08002ed1   Thumb Code    14  handlers.o(i.__scatterload_zeroinit)
    LEDData                                  0x08002f00   Data          10  app.o(.constdata)
    OSUnMapTbl                               0x08002f0a   Data         256  os_core.o(.constdata)
    Region$$Table$$Base                      0x0800300c   Number         0  anon$$obj.o(Region$$Table)
    Region$$Table$$Limit                     0x0800302c   Number         0  anon$$obj.o(Region$$Table)
    SystemCoreClock                          0x20000014   Data           4  system_stm32f10x.o(.data)
    AHBPrescTable                            0x20000018   Data          16  system_stm32f10x.o(.data)
    ADC_ConvertedValueLocal                  0x20000028   Data           1  app.o(.data)
    ADC_ConvertedValue                       0x2000002a   Data           2  adc.o(.data)
    OSCtxSwCtr                               0x2000002c   Data           4  os_core.o(.data)
    OSCPUUsage                               0x20000030   Data           1  os_core.o(.data)
    OSIdleCtrMax                             0x20000034   Data           4  os_core.o(.data)
    OSIdleCtrRun                             0x20000038   Data           4  os_core.o(.data)
    OSStatRdy                                0x2000003c   Data           1  os_core.o(.data)
    OSIntNesting                             0x2000003d   Data           1  os_core.o(.data)
    OSLockNesting                            0x2000003e   Data           1  os_core.o(.data)
    OSPrioCur                                0x2000003f   Data           1  os_core.o(.data)
    OSPrioHighRdy                            0x20000040   Data           1  os_core.o(.data)
    OSRdyGrp                                 0x20000041   Data           1  os_core.o(.data)
    OSRdyTbl                                 0x20000042   Data           4  os_core.o(.data)
    OSRunning                                0x20000046   Data           1  os_core.o(.data)
    OSTaskCtr                                0x20000047   Data           1  os_core.o(.data)
    OSIdleCtr                                0x20000048   Data           4  os_core.o(.data)
    OSTCBCur                                 0x2000004c   Data           4  os_core.o(.data)
    OSTCBFreeList                            0x20000050   Data           4  os_core.o(.data)
    OSTCBHighRdy                             0x20000054   Data           4  os_core.o(.data)
    OSTCBList                                0x20000058   Data           4  os_core.o(.data)
    OSTickStepState                          0x2000005c   Data           1  os_core.o(.data)
    OSTime                                   0x20000060   Data           4  os_core.o(.data)
    __stdout                                 0x20000064   Data           4  stdout.o(.data)
    OSTaskStatStk                            0x200006a8   Data         512  os_core.o(.bss)
    OSTaskIdleStk                            0x200008a8   Data         512  os_core.o(.bss)
    OSTCBPrioTbl                             0x20000aa8   Data         128  os_core.o(.bss)
    OSTCBTbl                                 0x20000b28   Data        1368  os_core.o(.bss)
    __initial_sp                             0x20001480   Data           0  startup_stm32f10x_md.o(STACK)



==============================================================================

Memory Map of the image

  Image Entry point : 0x08000101

  Load Region LR_1 (Base: 0x08000000, Size: 0x00003094, Max: 0xffffffff, ABSOLUTE)

    Execution Region ER_RO (Base: 0x08000000, Size: 0x0000302c, Max: 0xffffffff, ABSOLUTE)

    Base Addr    Size         Type   Attr      Idx    E Section Name        Object

    0x08000000   0x000000ec   Data   RO            3    RESET               startup_stm32f10x_md.o
    0x080000ec   0x00000000   Code   RO          427  * .ARM.Collect$$$$00000000  entry.o(mc_w.l)
    0x080000ec   0x00000004   Code   RO          698    .ARM.Collect$$$$00000001  entry2.o(mc_w.l)
    0x080000f0   0x00000004   Code   RO          701    .ARM.Collect$$$$00000004  entry5.o(mc_w.l)
    0x080000f4   0x00000008   Code   RO          702    .ARM.Collect$$$$00000007  entry7.o(mc_w.l)
    0x080000fc   0x00000004   Code   RO          699    .ARM.Collect$$$$00002712  entry2.o(mc_w.l)
    0x08000100   0x00000024   Code   RO            4  * .text               startup_stm32f10x_md.o
    0x08000124   0x00000028   Code   RO           10    .text               main.o
    0x0800014c   0x00000028   Code   RO          101    .text               stm32f10x_it.o
    0x08000174   0x00000348   Code   RO          113    .text               stm32f10x_gpio.o
    0x080004bc   0x00000390   Code   RO          125    .text               stm32f10x_rcc.o
    0x0800084c   0x00000408   Code   RO          139    .text               stm32f10x_usart.o
    0x08000c54   0x0000025c   Code   RO          163    .text               stm32f10x_dma.o
    0x08000eb0   0x0000042e   Code   RO          175    .text               stm32f10x_adc.o
    0x080012de   0x00000002   PAD
    0x080012e0   0x000001c8   Code   RO          197    .text               system_stm32f10x.o
    0x080014a8   0x0000024c   Code   RO          215    .text               app.o
    0x080016f4   0x00000078   Code   RO          236    .text               bsp.o
    0x0800176c   0x00000034   Code   RO          252    .text               led.o
    0x080017a0   0x00000200   Code   RO          264    .text               usart1.o
    0x080019a0   0x0000007c   Code   RO          283    .text               leddis.o
    0x08001a1c   0x00000118   Code   RO          295    .text               adc.o
    0x08001b34   0x00000700   Code   RO          310    .text               os_core.o
    0x08002234   0x000007c8   Code   RO          366    .text               os_task.o
    0x080029fc   0x000001e0   Code   RO          378    .text               os_time.o
    0x08002bdc   0x000000a4   Code   RO          396    .text               os_cpu_a.o
    0x08002c80   0x000000ac   Code   RO          399    .text               os_cpu_c.o
    0x08002d2c   0x00000066   Code   RO          690    .text               fmul.o(mf_w.l)
    0x08002d92   0x0000006c   Code   RO          692    .text               fdiv.o(mf_w.l)
    0x08002dfe   0x0000000a   Code   RO          694    .text               ffltui.o(mf_w.l)
    0x08002e08   0x00000028   Code   RO          696    .text               ffixui.o(mf_w.l)
    0x08002e30   0x00000000   Code   RO          708    .text               iusefp.o(mc_w.l)
    0x08002e30   0x0000005c   Code   RO          709    .text               fepilogue.o(mf_w.l)
    0x08002e8c   0x00000024   Code   RO          721    .text               init.o(mc_w.l)
    0x08002eb0   0x00000010   Code   RO          431    i.__0printf$bare    printfb.o(mc_w.l)
    0x08002ec0   0x0000000e   Code   RO          731    i.__scatterload_copy  handlers.o(mc_w.l)
    0x08002ece   0x00000002   Code   RO          732    i.__scatterload_null  handlers.o(mc_w.l)
    0x08002ed0   0x0000000e   Code   RO          733    i.__scatterload_zeroinit  handlers.o(mc_w.l)
    0x08002ede   0x00000022   Code   RO          438    i._printf_core      printfb.o(mc_w.l)
    0x08002f00   0x0000000a   Data   RO          217    .constdata          app.o
    0x08002f0a   0x00000100   Data   RO          312    .constdata          os_core.o
    0x0800300a   0x00000002   PAD
    0x0800300c   0x00000020   Data   RO          729    Region$$Table       anon$$obj.o


    Execution Region ER_RW (Base: 0x20000000, Size: 0x00000068, Max: 0xffffffff, ABSOLUTE)

    Base Addr    Size         Type   Attr      Idx    E Section Name        Object

    0x20000000   0x00000014   Data   RW          126    .data               stm32f10x_rcc.o
    0x20000014   0x00000014   Data   RW          198    .data               system_stm32f10x.o
    0x20000028   0x00000001   Data   RW          218    .data               app.o
    0x20000029   0x00000001   PAD
    0x2000002a   0x00000002   Data   RW          296    .data               adc.o
    0x2000002c   0x00000038   Data   RW          313    .data               os_core.o
    0x20000064   0x00000004   Data   RW          703    .data               stdout.o(mc_w.l)


    Execution Region ER_ZI (Base: 0x20000068, Size: 0x00001418, Max: 0xffffffff, ABSOLUTE)

    Base Addr    Size         Type   Attr      Idx    E Section Name        Object

    0x20000068   0x00000140   Zero   RW           11    .bss                main.o
    0x200001a8   0x00000500   Zero   RW          216    .bss                app.o
    0x200006a8   0x000009d8   Zero   RW          311    .bss                os_core.o
    0x20001080   0x00000400   Zero   RW            1    STACK               startup_stm32f10x_md.o


==============================================================================

Image component sizes


      Code (inc. data)   RO Data    RW Data    ZI Data      Debug   Object Name

       280         16          0          2          0       1297   adc.o
       588         48         10          1       1280       2163   app.o
       120         12          0          0          0      15663   bsp.o
        52          6          0          0          0        438   led.o
       124          6          0          0          0        687   leddis.o
        40         10          0          0        320     257944   main.o
      1792        166        256         56       2520      13746   os_core.o
       164         32          0          0          0        264   os_cpu_a.o
       172          0          0          0          0      10262   os_cpu_c.o
      1992         68          0          0          0       6305   os_task.o
       480         26          0          0          0       1834   os_time.o
        36          8        236          0       1024        492   startup_stm32f10x_md.o
      1070         28          0          0          0      10741   stm32f10x_adc.o
       604          8          0          0          0       4226   stm32f10x_dma.o
       840         38          0          0          0       5545   stm32f10x_gpio.o
        40          0          0          0          0       1230   stm32f10x_it.o
       912         32          0         20          0       8624   stm32f10x_rcc.o
      1032         20          0          0          0       8296   stm32f10x_usart.o
       456         36          0         20          0       1667   system_stm32f10x.o
       512         10          0          0          0       3532   usart1.o

    ----------------------------------------------------------------------
     11308        570        536        100       5144     354956   Object Totals
         0          0         32          0          0          0   (incl. Generated)
         2          0          2          1          0          2   (incl. Padding)

    ----------------------------------------------------------------------

      Code (inc. data)   RO Data    RW Data    ZI Data      Debug   Library Member Name

         0          0          0          0          0          0   entry.o
         8          4          0          0          0          0   entry2.o
         4          0          0          0          0          0   entry5.o
         8          4          0          0          0          0   entry7.o
       108          0          0          0          0         96   fdiv.o
        92          0          0          0          0        152   fepilogue.o
        40          0          0          0          0         68   ffixui.o
        10          0          0          0          0         68   ffltui.o
       102          0          0          0          0         76   fmul.o
        30          0          0          0          0          0   handlers.o
        36          8          0          0          0         68   init.o
         0          0          0          0          0          0   iusefp.o
        50          8          0          0          0        152   printfb.o
         0          0          0          4          0          0   stdout.o

    ----------------------------------------------------------------------
       488         24          0          4          0        680   Library Totals
         0          0          0          0          0          0   (incl. Padding)

    ----------------------------------------------------------------------

      Code (inc. data)   RO Data    RW Data    ZI Data      Debug   Library Name

       136         24          0          4          0        220   mc_w.l
       352          0          0          0          0        460   mf_w.l

    ----------------------------------------------------------------------
       488         24          0          4          0        680   Library Totals

    ----------------------------------------------------------------------

==============================================================================


      Code (inc. data)   RO Data    RW Data    ZI Data      Debug   

     11796        594        536        104       5144     353688   Grand Totals
     11796        594        536        104       5144     353688   ELF Image Totals
     11796        594        536        104          0          0   ROM Totals

==============================================================================

    Total RO  Size (Code + RO Data)                12332 (  12.04kB)
    Total RW  Size (RW Data + ZI Data)              5248 (   5.13kB)
    Total ROM Size (Code + RO Data + RW Data)      12436 (  12.14kB)

==============================================================================

